Information: Propagating switching activity (low effort zero delay simulation). (PWR-6)
Warning: Design has unannotated primary inputs. (PWR-414)
Warning: Design has unannotated sequential cell outputs. (PWR-415)
Warning: Design has unannotated black box outputs. (PWR-428)
 
****************************************
Report : power
        -hier
        -analysis_effort low
Design : Conv
Version: L-2016.03-SP5-5
Date   : Sun Feb 23 22:28:59 2020
****************************************


Library(s) Used:

    NangateOpenCellLibrary (File: /home/users/skavya/ee272/ee272-hw5/Conv/design/5-synopsys-dc-synthesis/inputs/adk/stdcells.db)


Operating Conditions: typical   Library: NangateOpenCellLibrary
Wire Load Model Mode: Inactive.


Global Operating Voltage = 1.1  
Power-specific unit information :
    Voltage Units = 1V
    Capacitance Units = 1.000000ff
    Time Units = 1ns
    Dynamic Power Units = 1uW    (derived from V,C,T units)
    Leakage Power Units = 1nW


--------------------------------------------------------------------------------
                                       Switch   Int      Leak     Total
Hierarchy                              Power    Power    Power    Power    %
--------------------------------------------------------------------------------
Conv                                   5.94e+03 1.78e+04 3.26e+06 2.70e+04 100.0
  systolicArray (SystolicArrayWrapper_IDTYPE_WDTYPE_ODTYPE_16_16) 2.54e+03 9.52e+03 1.72e+06 1.38e+04  51.0
    systolicArrayLooper_1 (SystolicArrayLooper)  181.142  805.699 8.54e+04 1.07e+03   4.0
      SystolicArrayLooper_run_inst (SystolicArrayLooper_run)  179.606  805.595 8.54e+04 1.07e+03   4.0
        add_x_8 (SystolicArrayLooper_run_DW01_add_1)    0.660    1.009 2.77e+03    4.442   0.0
        mult_x_2 (SystolicArrayLooper_run_DW_mult_uns_J92_0)    7.642    7.699 2.58e+04   41.123   0.2
        add_x_7 (SystolicArrayLooper_run_DW01_inc_J4_0) 2.68e-02 4.02e-02  681.537    0.749   0.0
        SystolicArrayLooper_run_run_fsm_inst (SystolicArrayLooper_run_run_fsm)    4.635   15.867 1.97e+03   22.470   0.1
        SystolicArrayLooper_run_staller_inst (SystolicArrayLooper_run_staller)    0.380    0.167   30.604    0.578   0.0
        SystolicArrayLooper_run_loopIndicesOut_rsci_inst (SystolicArrayLooper_run_loopIndicesOut_rsci)    0.154    3.762  838.893    4.755   0.0
          SystolicArrayLooper_run_loopIndicesOut_rsci_loopIndicesOut_wait_dp_inst (SystolicArrayLooper_run_loopIndicesOut_rsci_loopIndicesOut_wait_dp) 1.29e-02    3.596  124.088    3.733   0.0
          SystolicArrayLooper_run_loopIndicesOut_rsci_loopIndicesOut_wait_ctrl_inst (SystolicArrayLooper_run_loopIndicesOut_rsci_loopIndicesOut_wait_ctrl) 2.81e-02 3.58e-02   78.344    0.142   0.0
          loopIndicesOut_rsci (ccs_out_wait_v1_rscid158_width48)    0.113    0.130  636.461    0.879   0.0
        SystolicArrayLooper_run_paramsOut_rsci_inst (SystolicArrayLooper_run_paramsOut_rsci)    1.012    4.119 1.24e+03    6.372   0.0
          SystolicArrayLooper_run_paramsOut_rsci_paramsOut_wait_dp_inst (SystolicArrayLooper_run_paramsOut_rsci_paramsOut_wait_dp) 1.53e-02    3.596  124.088    3.736   0.0
          SystolicArrayLooper_run_paramsOut_rsci_paramsOut_wait_ctrl_inst (SystolicArrayLooper_run_paramsOut_rsci_paramsOut_wait_ctrl) 3.37e-02 3.59e-02   78.344    0.148   0.0
          paramsOut_rsci (ccs_out_wait_v1_rscid157_width144)    0.963    0.486 1.04e+03    2.488   0.0
        SystolicArrayLooper_run_paramsIn_rsci_inst (SystolicArrayLooper_run_paramsIn_rsci)   91.062  462.936 1.62e+04  570.196   2.1
          SystolicArrayLooper_run_paramsIn_rsci_paramsIn_wait_dp_inst (SystolicArrayLooper_run_paramsIn_rsci_paramsIn_wait_dp)   88.758  461.364 1.43e+04  564.414   2.1
          SystolicArrayLooper_run_paramsIn_rsci_paramsIn_wait_ctrl_inst (SystolicArrayLooper_run_paramsIn_rsci_paramsIn_wait_ctrl)    0.400    0.174   78.011    0.651   0.0
          paramsIn_rsci (ccs_in_wait_v1_rscid156_width144)    0.896    1.296 1.64e+03    3.831   0.0
    systolicArrayCore (SystolicArrayCore_IDTYPE_WDTYPE_ODTYPE_16_16) 2.33e+03 8.65e+03 1.57e+06 1.25e+04  46.5
      SystolicArrayCore_IDTYPE_WDTYPE_ODTYPE_16_16_struct_inst (SystolicArrayCore_IDTYPE_WDTYPE_ODTYPE_16_16_struct) 2.33e+03 8.65e+03 1.57e+06 1.25e+04  46.5
        SystolicArrayCore_IDTYPE_WDTYPE_ODTYPE_16_16_run_inst (SystolicArrayCore_IDTYPE_WDTYPE_ODTYPE_16_16_run) 2.17e+03 8.62e+03 1.57e+06 1.24e+04  45.7
          add_x_443 (SystolicArrayCore_IDTYPE_WDTYPE_ODTYPE_16_16_run_DW01_add_0)    0.203    0.293 3.41e+03    3.902   0.0
          mult_x_122 (SystolicArrayCore_IDTYPE_WDTYPE_ODTYPE_16_16_run_DW_mult_uns_J129_0)    3.229    3.275 2.55e+04   31.977   0.1
          add_x_468 (SystolicArrayCore_IDTYPE_WDTYPE_ODTYPE_16_16_run_DW01_inc_J1_0)    0.000    0.000  680.454    0.680   0.0
          DP_OP_682J1_122_7340 (SystolicArrayCore_IDTYPE_WDTYPE_ODTYPE_16_16_run_DP_OP_682J1_122_7340_J1_0)    0.293    0.325 1.40e+03    2.022   0.0
          DP_OP_683J1_123_666 (SystolicArrayCore_IDTYPE_WDTYPE_ODTYPE_16_16_run_DP_OP_683J1_123_666_J1_0)    0.169    0.246 1.35e+03    1.769   0.0
          DP_OP_684J1_124_7340 (SystolicArrayCore_IDTYPE_WDTYPE_ODTYPE_16_16_run_DP_OP_684J1_124_7340_J1_0)    0.292    0.326 1.40e+03    2.022   0.0
          DP_OP_685J1_125_7340 (SystolicArrayCore_IDTYPE_WDTYPE_ODTYPE_16_16_run_DP_OP_685J1_125_7340_J1_0)    0.292    0.325 1.40e+03    2.021   0.0
          SystolicArrayCore_IDTYPE_WDTYPE_ODTYPE_16_16_run_run_fsm_inst (SystolicArrayCore_IDTYPE_WDTYPE_ODTYPE_16_16_run_run_fsm)    5.003   23.524 2.26e+03   30.785   0.1
          SystolicArrayCore_IDTYPE_WDTYPE_ODTYPE_16_16_run_staller_inst (SystolicArrayCore_IDTYPE_WDTYPE_ODTYPE_16_16_run_staller)    1.688    2.862  164.101    4.714   0.0
          SystolicArrayCore_IDTYPE_WDTYPE_ODTYPE_16_16_run_wait_dp_inst (SystolicArrayCore_IDTYPE_WDTYPE_ODTYPE_16_16_run_wait_dp)    0.148 3.03e-02  200.095    0.378   0.0
          SystolicArrayCore_IDTYPE_WDTYPE_ODTYPE_16_16_run_accumulation_buffer_rsc_0_15_i_1_inst (SystolicArrayCore_IDTYPE_WDTYPE_ODTYPE_16_16_run_accumulation_buffer_rsc_0_15_i_1)   11.315   71.943 2.19e+03   85.444   0.3
            SystolicArrayCore_IDTYPE_WDTYPE_ODTYPE_16_16_run_accumulation_buffer_rsc_0_15_i_1_accumulation_buffer_rsc_0_15_wait_dp_inst (SystolicArrayCore_IDTYPE_WDTYPE_ODTYPE_16_16_run_accumulation_buffer_rsc_0_15_i_1_accumulation_buffer_rsc_0_15_wait_dp)   11.315   71.943 2.07e+03   85.329   0.3
            SystolicArrayCore_IDTYPE_WDTYPE_ODTYPE_16_16_run_accumulation_buffer_rsc_0_15_i_1_accumulation_buffer_rsc_0_15_wait_ctrl_inst (SystolicArrayCore_IDTYPE_WDTYPE_ODTYPE_16_16_run_accumulation_buffer_rsc_0_15_i_1_accumulation_buffer_rsc_0_15_wait_ctrl) 2.49e-04 5.36e-04  113.710    0.114   0.0
          SystolicArrayCore_IDTYPE_WDTYPE_ODTYPE_16_16_run_accumulation_buffer_rsc_0_14_i_1_inst (SystolicArrayCore_IDTYPE_WDTYPE_ODTYPE_16_16_run_accumulation_buffer_rsc_0_14_i_1)   12.561   72.468 2.20e+03   87.225   0.3
            SystolicArrayCore_IDTYPE_WDTYPE_ODTYPE_16_16_run_accumulation_buffer_rsc_0_14_i_1_accumulation_buffer_rsc_0_14_wait_dp_inst (SystolicArrayCore_IDTYPE_WDTYPE_ODTYPE_16_16_run_accumulation_buffer_rsc_0_14_i_1_accumulation_buffer_rsc_0_14_wait_dp)   11.533   72.358 2.07e+03   85.962   0.3
            SystolicArrayCore_IDTYPE_WDTYPE_ODTYPE_16_16_run_accumulation_buffer_rsc_0_14_i_1_accumulation_buffer_rsc_0_14_wait_ctrl_inst (SystolicArrayCore_IDTYPE_WDTYPE_ODTYPE_16_16_run_accumulation_buffer_rsc_0_14_i_1_accumulation_buffer_rsc_0_14_wait_ctrl) 2.47e-04 3.94e-04  113.710    0.114   0.0
          SystolicArrayCore_IDTYPE_WDTYPE_ODTYPE_16_16_run_accumulation_buffer_rsc_0_13_i_1_inst (SystolicArrayCore_IDTYPE_WDTYPE_ODTYPE_16_16_run_accumulation_buffer_rsc_0_13_i_1)   12.404   72.387 2.20e+03   86.987   0.3
            SystolicArrayCore_IDTYPE_WDTYPE_ODTYPE_16_16_run_accumulation_buffer_rsc_0_13_i_1_accumulation_buffer_rsc_0_13_wait_dp_inst (SystolicArrayCore_IDTYPE_WDTYPE_ODTYPE_16_16_run_accumulation_buffer_rsc_0_13_i_1_accumulation_buffer_rsc_0_13_wait_dp)   12.404   72.386 2.08e+03   86.872   0.3
            SystolicArrayCore_IDTYPE_WDTYPE_ODTYPE_16_16_run_accumulation_buffer_rsc_0_13_i_1_accumulation_buffer_rsc_0_13_wait_ctrl_inst (SystolicArrayCore_IDTYPE_WDTYPE_ODTYPE_16_16_run_accumulation_buffer_rsc_0_13_i_1_accumulation_buffer_rsc_0_13_wait_ctrl) 2.46e-04 5.36e-04  113.710    0.114   0.0
          SystolicArrayCore_IDTYPE_WDTYPE_ODTYPE_16_16_run_accumulation_buffer_rsc_0_12_i_1_inst (SystolicArrayCore_IDTYPE_WDTYPE_ODTYPE_16_16_run_accumulation_buffer_rsc_0_12_i_1)   11.304   72.067 2.19e+03   85.557   0.3
            SystolicArrayCore_IDTYPE_WDTYPE_ODTYPE_16_16_run_accumulation_buffer_rsc_0_12_i_1_accumulation_buffer_rsc_0_12_wait_dp_inst (SystolicArrayCore_IDTYPE_WDTYPE_ODTYPE_16_16_run_accumulation_buffer_rsc_0_12_i_1_accumulation_buffer_rsc_0_12_wait_dp)   11.304   72.067 2.07e+03   85.442   0.3
            SystolicArrayCore_IDTYPE_WDTYPE_ODTYPE_16_16_run_accumulation_buffer_rsc_0_12_i_1_accumulation_buffer_rsc_0_12_wait_ctrl_inst (SystolicArrayCore_IDTYPE_WDTYPE_ODTYPE_16_16_run_accumulation_buffer_rsc_0_12_i_1_accumulation_buffer_rsc_0_12_wait_ctrl) 2.47e-04 5.36e-04  113.710    0.114   0.0
          SystolicArrayCore_IDTYPE_WDTYPE_ODTYPE_16_16_run_accumulation_buffer_rsc_0_11_i_1_inst (SystolicArrayCore_IDTYPE_WDTYPE_ODTYPE_16_16_run_accumulation_buffer_rsc_0_11_i_1)   11.177   72.113 2.19e+03   85.475   0.3
            SystolicArrayCore_IDTYPE_WDTYPE_ODTYPE_16_16_run_accumulation_buffer_rsc_0_11_i_1_accumulation_buffer_rsc_0_11_wait_dp_inst (SystolicArrayCore_IDTYPE_WDTYPE_ODTYPE_16_16_run_accumulation_buffer_rsc_0_11_i_1_accumulation_buffer_rsc_0_11_wait_dp)   11.177   72.112 2.07e+03   85.361   0.3
            SystolicArrayCore_IDTYPE_WDTYPE_ODTYPE_16_16_run_accumulation_buffer_rsc_0_11_i_1_accumulation_buffer_rsc_0_11_wait_ctrl_inst (SystolicArrayCore_IDTYPE_WDTYPE_ODTYPE_16_16_run_accumulation_buffer_rsc_0_11_i_1_accumulation_buffer_rsc_0_11_wait_ctrl) 2.48e-04 3.94e-04  113.710    0.114   0.0
          SystolicArrayCore_IDTYPE_WDTYPE_ODTYPE_16_16_run_accumulation_buffer_rsc_0_10_i_1_inst (SystolicArrayCore_IDTYPE_WDTYPE_ODTYPE_16_16_run_accumulation_buffer_rsc_0_10_i_1)   11.297   72.076 2.19e+03   85.559   0.3
            SystolicArrayCore_IDTYPE_WDTYPE_ODTYPE_16_16_run_accumulation_buffer_rsc_0_10_i_1_accumulation_buffer_rsc_0_10_wait_dp_inst (SystolicArrayCore_IDTYPE_WDTYPE_ODTYPE_16_16_run_accumulation_buffer_rsc_0_10_i_1_accumulation_buffer_rsc_0_10_wait_dp)   11.297   72.076 2.07e+03   85.444   0.3
            SystolicArrayCore_IDTYPE_WDTYPE_ODTYPE_16_16_run_accumulation_buffer_rsc_0_10_i_1_accumulation_buffer_rsc_0_10_wait_ctrl_inst (SystolicArrayCore_IDTYPE_WDTYPE_ODTYPE_16_16_run_accumulation_buffer_rsc_0_10_i_1_accumulation_buffer_rsc_0_10_wait_ctrl) 2.47e-04 3.94e-04  113.710    0.114   0.0
          SystolicArrayCore_IDTYPE_WDTYPE_ODTYPE_16_16_run_accumulation_buffer_rsc_0_9_i_1_inst (SystolicArrayCore_IDTYPE_WDTYPE_ODTYPE_16_16_run_accumulation_buffer_rsc_0_9_i_1)   13.417   72.307 2.21e+03   87.933   0.3
            SystolicArrayCore_IDTYPE_WDTYPE_ODTYPE_16_16_run_accumulation_buffer_rsc_0_9_i_1_accumulation_buffer_rsc_0_9_wait_dp_inst (SystolicArrayCore_IDTYPE_WDTYPE_ODTYPE_16_16_run_accumulation_buffer_rsc_0_9_i_1_accumulation_buffer_rsc_0_9_wait_dp)   13.417   72.307 2.09e+03   87.818   0.3
            SystolicArrayCore_IDTYPE_WDTYPE_ODTYPE_16_16_run_accumulation_buffer_rsc_0_9_i_1_accumulation_buffer_rsc_0_9_wait_ctrl_inst (SystolicArrayCore_IDTYPE_WDTYPE_ODTYPE_16_16_run_accumulation_buffer_rsc_0_9_i_1_accumulation_buffer_rsc_0_9_wait_ctrl) 2.48e-04 3.94e-04  113.710    0.114   0.0
          SystolicArrayCore_IDTYPE_WDTYPE_ODTYPE_16_16_run_accumulation_buffer_rsc_0_8_i_1_inst (SystolicArrayCore_IDTYPE_WDTYPE_ODTYPE_16_16_run_accumulation_buffer_rsc_0_8_i_1)   11.910   71.947 2.19e+03   86.043   0.3
            SystolicArrayCore_IDTYPE_WDTYPE_ODTYPE_16_16_run_accumulation_buffer_rsc_0_8_i_1_accumulation_buffer_rsc_0_8_wait_dp_inst (SystolicArrayCore_IDTYPE_WDTYPE_ODTYPE_16_16_run_accumulation_buffer_rsc_0_8_i_1_accumulation_buffer_rsc_0_8_wait_dp)   11.910   71.947 2.07e+03   85.929   0.3
            SystolicArrayCore_IDTYPE_WDTYPE_ODTYPE_16_16_run_accumulation_buffer_rsc_0_8_i_1_accumulation_buffer_rsc_0_8_wait_ctrl_inst (SystolicArrayCore_IDTYPE_WDTYPE_ODTYPE_16_16_run_accumulation_buffer_rsc_0_8_i_1_accumulation_buffer_rsc_0_8_wait_ctrl) 2.45e-04 5.37e-04  113.710    0.114   0.0
          SystolicArrayCore_IDTYPE_WDTYPE_ODTYPE_16_16_run_accumulation_buffer_rsc_0_7_i_1_inst (SystolicArrayCore_IDTYPE_WDTYPE_ODTYPE_16_16_run_accumulation_buffer_rsc_0_7_i_1)   12.227   72.369 2.20e+03   86.792   0.3
            SystolicArrayCore_IDTYPE_WDTYPE_ODTYPE_16_16_run_accumulation_buffer_rsc_0_7_i_1_accumulation_buffer_rsc_0_7_wait_dp_inst (SystolicArrayCore_IDTYPE_WDTYPE_ODTYPE_16_16_run_accumulation_buffer_rsc_0_7_i_1_accumulation_buffer_rsc_0_7_wait_dp)   11.208   72.248 2.07e+03   85.528   0.3
            SystolicArrayCore_IDTYPE_WDTYPE_ODTYPE_16_16_run_accumulation_buffer_rsc_0_7_i_1_accumulation_buffer_rsc_0_7_wait_ctrl_inst (SystolicArrayCore_IDTYPE_WDTYPE_ODTYPE_16_16_run_accumulation_buffer_rsc_0_7_i_1_accumulation_buffer_rsc_0_7_wait_ctrl) 2.49e-04 5.36e-04  113.710    0.114   0.0
          SystolicArrayCore_IDTYPE_WDTYPE_ODTYPE_16_16_run_accumulation_buffer_rsc_0_6_i_1_inst (SystolicArrayCore_IDTYPE_WDTYPE_ODTYPE_16_16_run_accumulation_buffer_rsc_0_6_i_1)   12.318   72.400 2.18e+03   86.903   0.3
            SystolicArrayCore_IDTYPE_WDTYPE_ODTYPE_16_16_run_accumulation_buffer_rsc_0_6_i_1_accumulation_buffer_rsc_0_6_wait_dp_inst (SystolicArrayCore_IDTYPE_WDTYPE_ODTYPE_16_16_run_accumulation_buffer_rsc_0_6_i_1_accumulation_buffer_rsc_0_6_wait_dp)   12.318   72.400 2.07e+03   86.789   0.3
            SystolicArrayCore_IDTYPE_WDTYPE_ODTYPE_16_16_run_accumulation_buffer_rsc_0_6_i_1_accumulation_buffer_rsc_0_6_wait_ctrl_inst (SystolicArrayCore_IDTYPE_WDTYPE_ODTYPE_16_16_run_accumulation_buffer_rsc_0_6_i_1_accumulation_buffer_rsc_0_6_wait_ctrl) 2.47e-04 5.36e-04  113.710    0.114   0.0
          SystolicArrayCore_IDTYPE_WDTYPE_ODTYPE_16_16_run_accumulation_buffer_rsc_0_5_i_1_inst (SystolicArrayCore_IDTYPE_WDTYPE_ODTYPE_16_16_run_accumulation_buffer_rsc_0_5_i_1)   13.681   72.668 2.21e+03   88.557   0.3
            SystolicArrayCore_IDTYPE_WDTYPE_ODTYPE_16_16_run_accumulation_buffer_rsc_0_5_i_1_accumulation_buffer_rsc_0_5_wait_dp_inst (SystolicArrayCore_IDTYPE_WDTYPE_ODTYPE_16_16_run_accumulation_buffer_rsc_0_5_i_1_accumulation_buffer_rsc_0_5_wait_dp)   13.681   72.668 2.09e+03   88.443   0.3
            SystolicArrayCore_IDTYPE_WDTYPE_ODTYPE_16_16_run_accumulation_buffer_rsc_0_5_i_1_accumulation_buffer_rsc_0_5_wait_ctrl_inst (SystolicArrayCore_IDTYPE_WDTYPE_ODTYPE_16_16_run_accumulation_buffer_rsc_0_5_i_1_accumulation_buffer_rsc_0_5_wait_ctrl) 2.45e-04 3.94e-04  113.710    0.114   0.0
          SystolicArrayCore_IDTYPE_WDTYPE_ODTYPE_16_16_run_accumulation_buffer_rsc_0_4_i_1_inst (SystolicArrayCore_IDTYPE_WDTYPE_ODTYPE_16_16_run_accumulation_buffer_rsc_0_4_i_1)   12.158   72.131 2.20e+03   86.485   0.3
            SystolicArrayCore_IDTYPE_WDTYPE_ODTYPE_16_16_run_accumulation_buffer_rsc_0_4_i_1_accumulation_buffer_rsc_0_4_wait_dp_inst (SystolicArrayCore_IDTYPE_WDTYPE_ODTYPE_16_16_run_accumulation_buffer_rsc_0_4_i_1_accumulation_buffer_rsc_0_4_wait_dp)   11.165   72.022 2.07e+03   85.258   0.3
            SystolicArrayCore_IDTYPE_WDTYPE_ODTYPE_16_16_run_accumulation_buffer_rsc_0_4_i_1_accumulation_buffer_rsc_0_4_wait_ctrl_inst (SystolicArrayCore_IDTYPE_WDTYPE_ODTYPE_16_16_run_accumulation_buffer_rsc_0_4_i_1_accumulation_buffer_rsc_0_4_wait_ctrl) 2.47e-04 5.36e-04  113.710    0.114   0.0
          SystolicArrayCore_IDTYPE_WDTYPE_ODTYPE_16_16_run_accumulation_buffer_rsc_0_3_i_1_inst (SystolicArrayCore_IDTYPE_WDTYPE_ODTYPE_16_16_run_accumulation_buffer_rsc_0_3_i_1)   12.161   72.193 2.20e+03   86.550   0.3
            SystolicArrayCore_IDTYPE_WDTYPE_ODTYPE_16_16_run_accumulation_buffer_rsc_0_3_i_1_accumulation_buffer_rsc_0_3_wait_dp_inst (SystolicArrayCore_IDTYPE_WDTYPE_ODTYPE_16_16_run_accumulation_buffer_rsc_0_3_i_1_accumulation_buffer_rsc_0_3_wait_dp)   11.174   72.076 2.07e+03   85.321   0.3
            SystolicArrayCore_IDTYPE_WDTYPE_ODTYPE_16_16_run_accumulation_buffer_rsc_0_3_i_1_accumulation_buffer_rsc_0_3_wait_ctrl_inst (SystolicArrayCore_IDTYPE_WDTYPE_ODTYPE_16_16_run_accumulation_buffer_rsc_0_3_i_1_accumulation_buffer_rsc_0_3_wait_ctrl) 2.47e-04 3.94e-04  113.710    0.114   0.0
          SystolicArrayCore_IDTYPE_WDTYPE_ODTYPE_16_16_run_accumulation_buffer_rsc_0_2_i_1_inst (SystolicArrayCore_IDTYPE_WDTYPE_ODTYPE_16_16_run_accumulation_buffer_rsc_0_2_i_1)   12.214   72.243 2.20e+03   86.653   0.3
            SystolicArrayCore_IDTYPE_WDTYPE_ODTYPE_16_16_run_accumulation_buffer_rsc_0_2_i_1_accumulation_buffer_rsc_0_2_wait_dp_inst (SystolicArrayCore_IDTYPE_WDTYPE_ODTYPE_16_16_run_accumulation_buffer_rsc_0_2_i_1_accumulation_buffer_rsc_0_2_wait_dp)   11.225   72.122 2.07e+03   85.419   0.3
            SystolicArrayCore_IDTYPE_WDTYPE_ODTYPE_16_16_run_accumulation_buffer_rsc_0_2_i_1_accumulation_buffer_rsc_0_2_wait_ctrl_inst (SystolicArrayCore_IDTYPE_WDTYPE_ODTYPE_16_16_run_accumulation_buffer_rsc_0_2_i_1_accumulation_buffer_rsc_0_2_wait_ctrl) 2.45e-04 5.36e-04  113.710    0.114   0.0
          SystolicArrayCore_IDTYPE_WDTYPE_ODTYPE_16_16_run_accumulation_buffer_rsc_0_1_i_1_inst (SystolicArrayCore_IDTYPE_WDTYPE_ODTYPE_16_16_run_accumulation_buffer_rsc_0_1_i_1)   12.247   72.201 2.20e+03   86.645   0.3
            SystolicArrayCore_IDTYPE_WDTYPE_ODTYPE_16_16_run_accumulation_buffer_rsc_0_1_i_1_accumulation_buffer_rsc_0_1_wait_dp_inst (SystolicArrayCore_IDTYPE_WDTYPE_ODTYPE_16_16_run_accumulation_buffer_rsc_0_1_i_1_accumulation_buffer_rsc_0_1_wait_dp)   12.247   72.201 2.08e+03   86.531   0.3
            SystolicArrayCore_IDTYPE_WDTYPE_ODTYPE_16_16_run_accumulation_buffer_rsc_0_1_i_1_accumulation_buffer_rsc_0_1_wait_ctrl_inst (SystolicArrayCore_IDTYPE_WDTYPE_ODTYPE_16_16_run_accumulation_buffer_rsc_0_1_i_1_accumulation_buffer_rsc_0_1_wait_ctrl) 2.46e-04 3.94e-04  113.710    0.114   0.0
          SystolicArrayCore_IDTYPE_WDTYPE_ODTYPE_16_16_run_accumulation_buffer_rsc_0_0_i_1_inst (SystolicArrayCore_IDTYPE_WDTYPE_ODTYPE_16_16_run_accumulation_buffer_rsc_0_0_i_1)   11.716   72.262 2.19e+03   86.164   0.3
            SystolicArrayCore_IDTYPE_WDTYPE_ODTYPE_16_16_run_accumulation_buffer_rsc_0_0_i_1_accumulation_buffer_rsc_0_0_wait_dp_inst (SystolicArrayCore_IDTYPE_WDTYPE_ODTYPE_16_16_run_accumulation_buffer_rsc_0_0_i_1_accumulation_buffer_rsc_0_0_wait_dp)   11.716   72.262 2.07e+03   86.049   0.3
            SystolicArrayCore_IDTYPE_WDTYPE_ODTYPE_16_16_run_accumulation_buffer_rsc_0_0_i_1_accumulation_buffer_rsc_0_0_wait_ctrl_inst (SystolicArrayCore_IDTYPE_WDTYPE_ODTYPE_16_16_run_accumulation_buffer_rsc_0_0_i_1_accumulation_buffer_rsc_0_0_wait_ctrl) 2.47e-04 5.36e-04  113.710    0.114   0.0
          SystolicArrayCore_IDTYPE_WDTYPE_ODTYPE_16_16_run_loopIndicesIn_rsci_inst (SystolicArrayCore_IDTYPE_WDTYPE_ODTYPE_16_16_run_loopIndicesIn_rsci)   33.459  182.995 6.10e+03  222.554   0.8
            SystolicArrayCore_IDTYPE_WDTYPE_ODTYPE_16_16_run_loopIndicesIn_rsci_loopIndicesIn_wait_dp_inst (SystolicArrayCore_IDTYPE_WDTYPE_ODTYPE_16_16_run_loopIndicesIn_rsci_loopIndicesIn_wait_dp)   31.877  182.616 5.37e+03  219.867   0.8
            SystolicArrayCore_IDTYPE_WDTYPE_ODTYPE_16_16_run_loopIndicesIn_rsci_loopIndicesIn_wait_ctrl_inst (SystolicArrayCore_IDTYPE_WDTYPE_ODTYPE_16_16_run_loopIndicesIn_rsci_loopIndicesIn_wait_ctrl)    0.285    0.151   78.187    0.514   0.0
            loopIndicesIn_rsci (ccs_in_wait_v1_rscid104_width48) 3.73e-02    0.110  636.508    0.784   0.0
          SystolicArrayCore_IDTYPE_WDTYPE_ODTYPE_16_16_run_paramsIn_rsci_inst (SystolicArrayCore_IDTYPE_WDTYPE_ODTYPE_16_16_run_paramsIn_rsci)   55.239  294.912 1.00e+04  360.191   1.3
            SystolicArrayCore_IDTYPE_WDTYPE_ODTYPE_16_16_run_paramsIn_rsci_paramsIn_wait_dp_inst (SystolicArrayCore_IDTYPE_WDTYPE_ODTYPE_16_16_run_paramsIn_rsci_paramsIn_wait_dp)   54.394  294.177 8.91e+03  357.483   1.3
            SystolicArrayCore_IDTYPE_WDTYPE_ODTYPE_16_16_run_paramsIn_rsci_paramsIn_wait_ctrl_inst (SystolicArrayCore_IDTYPE_WDTYPE_ODTYPE_16_16_run_paramsIn_rsci_paramsIn_wait_ctrl)    0.121    0.154   78.187    0.353   0.0
            paramsIn_rsci (ccs_in_wait_v1_rscid103_width144)    0.253    0.462 1.04e+03    1.754   0.0
          SystolicArrayCore_IDTYPE_WDTYPE_ODTYPE_16_16_run_output_rsci_inst (SystolicArrayCore_IDTYPE_WDTYPE_ODTYPE_16_16_run_output_rsci) 9.51e-02    3.683 3.49e+03    7.270   0.0
            SystolicArrayCore_IDTYPE_WDTYPE_ODTYPE_16_16_run_output_rsci_output_wait_dp_inst (SystolicArrayCore_IDTYPE_WDTYPE_ODTYPE_16_16_run_output_rsci_output_wait_dp)    0.000    3.585  122.338    3.707   0.0
            SystolicArrayCore_IDTYPE_WDTYPE_ODTYPE_16_16_run_output_rsci_output_wait_ctrl_inst (SystolicArrayCore_IDTYPE_WDTYPE_ODTYPE_16_16_run_output_rsci_output_wait_ctrl) 2.88e-04 2.28e-04   77.750 7.83e-02   0.0
            output_rsci (ccs_out_wait_v1_rscid102_width256) 9.49e-02 9.82e-02 3.29e+03    3.485   0.0
          SystolicArrayCore_IDTYPE_WDTYPE_ODTYPE_16_16_run_weight_rsci_inst (SystolicArrayCore_IDTYPE_WDTYPE_ODTYPE_16_16_run_weight_rsci)   85.720  470.177 1.60e+04  571.869   2.1
            SystolicArrayCore_IDTYPE_WDTYPE_ODTYPE_16_16_run_weight_rsci_weight_wait_dp_inst (SystolicArrayCore_IDTYPE_WDTYPE_ODTYPE_16_16_run_weight_rsci_weight_wait_dp)   85.692  470.163 1.41e+04  569.916   2.1
            SystolicArrayCore_IDTYPE_WDTYPE_ODTYPE_16_16_run_weight_rsci_weight_wait_ctrl_inst (SystolicArrayCore_IDTYPE_WDTYPE_ODTYPE_16_16_run_weight_rsci_weight_wait_ctrl) 2.55e-02 8.48e-03   73.045    0.107   0.0
            weight_rsci (ccs_in_wait_v1_rscid101_width128) 1.75e-03 6.03e-03 1.66e+03    1.667   0.0
          SystolicArrayCore_IDTYPE_WDTYPE_ODTYPE_16_16_run_input_rsci_inst (SystolicArrayCore_IDTYPE_WDTYPE_ODTYPE_16_16_run_input_rsci)   85.657  469.861 1.58e+04  571.287   2.1
            SystolicArrayCore_IDTYPE_WDTYPE_ODTYPE_16_16_run_input_rsci_input_wait_dp_inst (SystolicArrayCore_IDTYPE_WDTYPE_ODTYPE_16_16_run_input_rsci_input_wait_dp)   85.656  469.860 1.40e+04  569.554   2.1
            SystolicArrayCore_IDTYPE_WDTYPE_ODTYPE_16_16_run_input_rsci_input_wait_ctrl_inst (SystolicArrayCore_IDTYPE_WDTYPE_ODTYPE_16_16_run_input_rsci_input_wait_ctrl) 7.22e-04 2.32e-04   72.614 7.36e-02   0.0
            input_rsci (ccs_in_wait_v1_rscid100_width128)    0.000    0.000 1.66e+03    1.659   0.0
          input_fifo_0_run_cmp (Fifo_IDTYPE_1)    0.000    2.880  883.420    3.763   0.0
            Fifo_IDTYPE_1_run_inst (Fifo_IDTYPE_1_run)    0.000    2.880  883.420    3.763   0.0
              output_rsci (mgc_out_dreg_v2_rscid7_width8)    0.000    0.000  102.107    0.102   0.0
              input_rsci (ccs_in_v1_rscid6_width8)    0.000    0.000  102.107    0.102   0.0
          accum_fifo_0_run_cmp (Fifo_ODTYPE_1)    3.213    8.586 1.75e+03   13.550   0.1
            Fifo_ODTYPE_1_run_inst (Fifo_ODTYPE_1_run)    3.213    8.586 1.75e+03   13.550   0.1
              output_rsci (mgc_out_dreg_v2_rscid54_width16)    0.240 6.86e-02  204.113    0.512   0.0
              input_rsci (ccs_in_v1_rscid53_width16)    0.661    1.384  193.378    2.239   0.0
          pe_0_0_run_cmp (ProcessingElement_IDTYPE_ODTYPE)    1.192    3.047 1.09e+04   15.135   0.1
            ProcessingElement_IDTYPE_ODTYPE_run_inst (ProcessingElement_IDTYPE_ODTYPE_run)    1.192    3.047 1.09e+04   15.110   0.1
              DP_OP_3J7_125_1785 (ProcessingElement_IDTYPE_ODTYPE_run_DP_OP_3J7_125_1785_0)    0.000    0.000 7.78e+03    7.778   0.0
              psum_out_rsci (mgc_out_dreg_v2_rscid5_width16)    0.000    0.000  204.215    0.204   0.0
              input_out_rsci (mgc_out_dreg_v2_rscid4_width8)    0.000    0.000  102.107    0.102   0.0
              weight_rsci (ccs_in_v1_rscid3_width8)    0.000    0.000  145.424    0.145   0.0
              psum_in_rsci (ccs_in_v1_rscid2_width16)    0.000    0.000  204.215    0.204   0.0
              input_in_rsci (ccs_in_v1_rscid1_width8)    0.000    0.000  229.341    0.229   0.0
          input_fifo_1_rsci (Fifo_IDTYPE_2)    0.000    5.759 1.60e+03    7.355   0.0
            Fifo_IDTYPE_2_run_inst (Fifo_IDTYPE_2_run)    0.000    5.759 1.60e+03    7.355   0.0
              ccs_ccore_start_rsci (ccs_in_v1_rscid147_width1)    0.000    0.000   12.763 1.28e-02   0.0
              output_rsci (mgc_out_dreg_v2_rscid9_width8)    0.000    0.000  102.107    0.102   0.0
              input_rsci (ccs_in_v1_rscid8_width8)    0.000    0.000  102.107    0.102   0.0
          input_fifo_2_rsci (Fifo_IDTYPE_3)    1.252    6.000 2.24e+03    9.488   0.0
            Fifo_IDTYPE_3_run_inst (Fifo_IDTYPE_3_run)    1.252    6.000 2.24e+03    9.488   0.0
              ccs_ccore_start_rsci (ccs_in_v1_rscid146_width1)    0.000    0.000   12.763 1.28e-02   0.0
              output_rsci (mgc_out_dreg_v2_rscid12_width8)    0.000    0.000  102.107    0.102   0.0
              input_rsci (ccs_in_v1_rscid11_width8)    0.000    0.000  102.107    0.102   0.0
          input_fifo_3_rsci (Fifo_IDTYPE_4)    1.097    5.903 2.84e+03    9.842   0.0
            Fifo_IDTYPE_4_run_inst (Fifo_IDTYPE_4_run)    1.097    5.903 2.84e+03    9.842   0.0
              ccs_ccore_start_rsci (ccs_in_v1_rscid145_width1)    0.000    0.000   12.763 1.28e-02   0.0
              output_rsci (mgc_out_dreg_v2_rscid15_width8)    0.000    0.000  102.107    0.102   0.0
              input_rsci (ccs_in_v1_rscid14_width8)    0.000    0.000  102.107    0.102   0.0
          input_fifo_4_rsci (Fifo_IDTYPE_5)    1.260    6.030 3.47e+03   10.762   0.0
            Fifo_IDTYPE_5_run_inst (Fifo_IDTYPE_5_run)    1.260    6.030 3.47e+03   10.762   0.0
              ccs_ccore_start_rsci (ccs_in_v1_rscid144_width1)    0.000    0.000   12.763 1.28e-02   0.0
              output_rsci (mgc_out_dreg_v2_rscid18_width8)    0.000    0.000  102.107    0.102   0.0
              input_rsci (ccs_in_v1_rscid17_width8)    0.000    0.000  102.107    0.102   0.0
          input_fifo_5_rsci (Fifo_IDTYPE_6)    2.935    6.156 4.10e+03   13.193   0.0
            Fifo_IDTYPE_6_run_inst (Fifo_IDTYPE_6_run)    2.170    6.044 4.09e+03   12.304   0.0
              ccs_ccore_start_rsci (ccs_in_v1_rscid143_width1)    0.000    0.000   12.763 1.28e-02   0.0
              output_rsci (mgc_out_dreg_v2_rscid21_width8)    0.000    0.000  102.107    0.102   0.0
              input_rsci (ccs_in_v1_rscid20_width8)    0.000    0.000  102.107    0.102   0.0
          input_fifo_6_rsci (Fifo_IDTYPE_7)    3.364    6.329 4.73e+03   14.424   0.1
            Fifo_IDTYPE_7_run_inst (Fifo_IDTYPE_7_run)    3.364    6.329 4.73e+03   14.424   0.1
              ccs_ccore_start_rsci (ccs_in_v1_rscid142_width1)    0.000    0.000   12.763 1.28e-02   0.0
              output_rsci (mgc_out_dreg_v2_rscid24_width8)    0.000    0.000  102.107    0.102   0.0
              input_rsci (ccs_in_v1_rscid23_width8)    0.000    0.000  102.107    0.102   0.0
          input_fifo_7_rsci (Fifo_IDTYPE_8)    4.121    6.307 5.35e+03   15.777   0.1
            Fifo_IDTYPE_8_run_inst (Fifo_IDTYPE_8_run)    3.298    6.194 5.34e+03   14.830   0.1
              ccs_ccore_start_rsci (ccs_in_v1_rscid141_width1)    0.000    0.000   12.763 1.28e-02   0.0
              output_rsci (mgc_out_dreg_v2_rscid27_width8)    0.000    0.000  102.107    0.102   0.0
              input_rsci (ccs_in_v1_rscid26_width8)    0.000    0.000  102.107    0.102   0.0
          input_fifo_8_rsci (Fifo_IDTYPE_9)    4.683    6.441 5.99e+03   17.115   0.1
            Fifo_IDTYPE_9_run_inst (Fifo_IDTYPE_9_run)    3.545    6.328 5.98e+03   15.853   0.1
              ccs_ccore_start_rsci (ccs_in_v1_rscid140_width1)    0.000    0.000   12.763 1.28e-02   0.0
              output_rsci (mgc_out_dreg_v2_rscid30_width8)    0.000    0.000  102.107    0.102   0.0
              input_rsci (ccs_in_v1_rscid29_width8)    0.000    0.000  102.107    0.102   0.0
          input_fifo_9_rsci (Fifo_IDTYPE_10)    4.747    6.514 6.60e+03   17.857   0.1
            Fifo_IDTYPE_10_run_inst (Fifo_IDTYPE_10_run)    4.747    6.514 6.60e+03   17.857   0.1
              ccs_ccore_start_rsci (ccs_in_v1_rscid139_width1)    0.000    0.000   12.763 1.28e-02   0.0
              output_rsci (mgc_out_dreg_v2_rscid33_width8)    0.000    0.000  102.107    0.102   0.0
              input_rsci (ccs_in_v1_rscid32_width8)    0.000    0.000  102.107    0.102   0.0
          input_fifo_10_rsci (Fifo_IDTYPE_11)    4.716    6.452 7.23e+03   18.396   0.1
            Fifo_IDTYPE_11_run_inst (Fifo_IDTYPE_11_run)    4.716    6.452 7.23e+03   18.396   0.1
              ccs_ccore_start_rsci (ccs_in_v1_rscid138_width1)    0.000    0.000   12.763 1.28e-02   0.0
              output_rsci (mgc_out_dreg_v2_rscid36_width8)    0.000    0.000  102.107    0.102   0.0
              input_rsci (ccs_in_v1_rscid35_width8)    0.000    0.000  102.107    0.102   0.0
          input_fifo_11_rsci (Fifo_IDTYPE_12)    6.007    6.615 7.84e+03   20.466   0.1
            Fifo_IDTYPE_12_run_inst (Fifo_IDTYPE_12_run)    4.821    6.502 7.83e+03   19.155   0.1
              ccs_ccore_start_rsci (ccs_in_v1_rscid137_width1)    0.000    0.000   12.763 1.28e-02   0.0
              output_rsci (mgc_out_dreg_v2_rscid39_width8)    0.000    0.000  102.107    0.102   0.0
              input_rsci (ccs_in_v1_rscid38_width8)    0.000    0.000  102.107    0.102   0.0
          input_fifo_12_rsci (Fifo_IDTYPE_13)    5.985    6.710 8.49e+03   21.181   0.1
            Fifo_IDTYPE_13_run_inst (Fifo_IDTYPE_13_run)    5.985    6.710 8.49e+03   21.181   0.1
              ccs_ccore_start_rsci (ccs_in_v1_rscid136_width1)    0.000    0.000   12.763 1.28e-02   0.0
              output_rsci (mgc_out_dreg_v2_rscid42_width8)    0.000    0.000  102.107    0.102   0.0
              input_rsci (ccs_in_v1_rscid41_width8)    0.000    0.000  102.107    0.102   0.0
          input_fifo_13_rsci (Fifo_IDTYPE_14)    6.796    6.764 9.10e+03   22.664   0.1
            Fifo_IDTYPE_14_run_inst (Fifo_IDTYPE_14_run)    6.796    6.764 9.10e+03   22.664   0.1
              ccs_ccore_start_rsci (ccs_in_v1_rscid135_width1)    0.000    0.000   12.763 1.28e-02   0.0
              output_rsci (mgc_out_dreg_v2_rscid45_width8)    0.000    0.000  102.107    0.102   0.0
              input_rsci (ccs_in_v1_rscid44_width8)    0.000    0.000  102.107    0.102   0.0
          input_fifo_14_rsci (Fifo_IDTYPE_15)    7.104    6.943 9.73e+03   23.781   0.1
            Fifo_IDTYPE_15_run_inst (Fifo_IDTYPE_15_run)    7.104    6.943 9.73e+03   23.781   0.1
              ccs_ccore_start_rsci (ccs_in_v1_rscid134_width1)    0.000    0.000   12.763 1.28e-02   0.0
              output_rsci (mgc_out_dreg_v2_rscid48_width8)    0.000    0.000  102.107    0.102   0.0
              input_rsci (ccs_in_v1_rscid47_width8)    0.000    0.000  102.107    0.102   0.0
          input_fifo_15_rsci (Fifo_IDTYPE_16)    7.559    6.973 1.03e+04   24.871   0.1
            Fifo_IDTYPE_16_run_inst (Fifo_IDTYPE_16_run)    7.559    6.973 1.03e+04   24.871   0.1
              ccs_ccore_start_rsci (ccs_in_v1_rscid133_width1)    0.000    0.000   12.763 1.28e-02   0.0
              output_rsci (mgc_out_dreg_v2_rscid51_width8)    0.000    0.000  102.107    0.102   0.0
              input_rsci (ccs_in_v1_rscid50_width8)    0.000    0.000  102.107    0.102   0.0
          output_fifo_14_rsci (Fifo_ODTYPE_2_0)    2.210   11.927 3.11e+03   17.244   0.1
            Fifo_ODTYPE_2_run_inst (Fifo_ODTYPE_2_run_0)    2.210   11.927 3.11e+03   17.244   0.1
              ccs_ccore_start_rsci (ccs_in_v1_rscid131_width1_0) 1.59e-02 8.49e-03   12.751 3.71e-02   0.0
              output_rsci (mgc_out_dreg_v2_rscid56_width16_0) 7.89e-02 4.98e-02  203.325    0.332   0.0
              input_rsci (ccs_in_v1_rscid55_width16_0)    0.842    1.572  179.426    2.593   0.0
          accum_fifo_1_rsci (Fifo_ODTYPE_2_1)    2.746   10.589 3.11e+03   16.443   0.1
            Fifo_ODTYPE_2_run_inst (Fifo_ODTYPE_2_run_1)    1.955   10.479 3.10e+03   15.530   0.1
              ccs_ccore_start_rsci (ccs_in_v1_rscid131_width1_1)    0.000    0.000   12.763 1.28e-02   0.0
              output_rsci (mgc_out_dreg_v2_rscid56_width16_1)    0.000    0.000  204.215    0.204   0.0
              input_rsci (ccs_in_v1_rscid55_width16_1)    0.851    1.537  179.309    2.567   0.0
          output_fifo_13_rsci (Fifo_ODTYPE_3_0)    3.913   12.248 4.36e+03   20.522   0.1
            Fifo_ODTYPE_3_run_inst (Fifo_ODTYPE_3_run_0)    3.913   12.248 4.36e+03   20.522   0.1
              ccs_ccore_start_rsci (ccs_in_v1_rscid130_width1_0) 8.38e-03 8.32e-03   12.751 2.94e-02   0.0
              output_rsci (mgc_out_dreg_v2_rscid59_width16_0)    0.000    0.000  204.215    0.204   0.0
              input_rsci (ccs_in_v1_rscid58_width16_0)    0.912    1.600  179.426    2.691   0.0
          accum_fifo_2_rsci (Fifo_ODTYPE_3_1)    3.424   10.743 4.36e+03   18.522   0.1
            Fifo_ODTYPE_3_run_inst (Fifo_ODTYPE_3_run_1)    3.424   10.743 4.36e+03   18.522   0.1
              ccs_ccore_start_rsci (ccs_in_v1_rscid130_width1_1)    0.000    0.000   12.763 1.28e-02   0.0
              output_rsci (mgc_out_dreg_v2_rscid59_width16_1)    0.000    0.000  204.215    0.204   0.0
              input_rsci (ccs_in_v1_rscid58_width16_1)    0.876    1.532  179.382    2.587   0.0
          output_fifo_12_rsci (Fifo_ODTYPE_4_0)    4.957   12.577 5.62e+03   23.156   0.1
            Fifo_ODTYPE_4_run_inst (Fifo_ODTYPE_4_run_0)    4.957   12.577 5.62e+03   23.156   0.1
              ccs_ccore_start_rsci (ccs_in_v1_rscid129_width1_0) 3.01e-02 1.05e-02   12.751 5.34e-02   0.0
              output_rsci (mgc_out_dreg_v2_rscid62_width16_0)    0.000    0.000  204.215    0.204   0.0
              input_rsci (ccs_in_v1_rscid61_width16_0)    0.859    1.583  179.426    2.622   0.0
          accum_fifo_3_rsci (Fifo_ODTYPE_4_1)    4.690   10.889 5.60e+03   21.181   0.1
            Fifo_ODTYPE_4_run_inst (Fifo_ODTYPE_4_run_1)    4.690   10.889 5.60e+03   21.181   0.1
              ccs_ccore_start_rsci (ccs_in_v1_rscid129_width1_1)    0.000    0.000   12.763 1.28e-02   0.0
              output_rsci (mgc_out_dreg_v2_rscid62_width16_1)    0.000    0.000  204.215    0.204   0.0
              input_rsci (ccs_in_v1_rscid61_width16_1)    0.828    1.535  179.485    2.543   0.0
          output_fifo_11_rsci (Fifo_ODTYPE_5_0)    5.875   13.079 6.87e+03   25.822   0.1
            Fifo_ODTYPE_5_run_inst (Fifo_ODTYPE_5_run_0)    5.875   13.079 6.87e+03   25.822   0.1
              ccs_ccore_start_rsci (ccs_in_v1_rscid128_width1_0) 9.24e-03 8.36e-03   12.751 3.04e-02   0.0
              output_rsci (mgc_out_dreg_v2_rscid65_width16_0)    0.000    0.000  204.215    0.204   0.0
              input_rsci (ccs_in_v1_rscid64_width16_0)    0.864    1.599  179.426    2.642   0.0
          accum_fifo_4_rsci (Fifo_ODTYPE_5_1)    5.517   11.117 6.86e+03   23.495   0.1
            Fifo_ODTYPE_5_run_inst (Fifo_ODTYPE_5_run_1)    5.517   11.117 6.86e+03   23.495   0.1
              ccs_ccore_start_rsci (ccs_in_v1_rscid128_width1_1)    0.000    0.000   12.763 1.28e-02   0.0
              output_rsci (mgc_out_dreg_v2_rscid65_width16_1)    0.000    0.000  204.215    0.204   0.0
              input_rsci (ccs_in_v1_rscid64_width16_1)    0.785    1.518  179.346    2.482   0.0
          output_fifo_10_rsci (Fifo_ODTYPE_6_0)    7.125   13.468 8.12e+03   28.709   0.1
            Fifo_ODTYPE_6_run_inst (Fifo_ODTYPE_6_run_0)    7.125   13.468 8.12e+03   28.709   0.1
              ccs_ccore_start_rsci (ccs_in_v1_rscid127_width1_0) 5.43e-03 8.17e-03   12.751 2.64e-02   0.0
              output_rsci (mgc_out_dreg_v2_rscid68_width16_0)    0.000    0.000  204.215    0.204   0.0
              input_rsci (ccs_in_v1_rscid67_width16_0)    1.068    1.611  179.426    2.859   0.0
          accum_fifo_5_rsci (Fifo_ODTYPE_6_1)    6.912   11.207 8.10e+03   26.216   0.1
            Fifo_ODTYPE_6_run_inst (Fifo_ODTYPE_6_run_1)    5.518   11.098 8.09e+03   24.701   0.1
              ccs_ccore_start_rsci (ccs_in_v1_rscid127_width1_1)    0.000    0.000   12.763 1.28e-02   0.0
              output_rsci (mgc_out_dreg_v2_rscid68_width16_1)    0.000    0.000  204.215    0.204   0.0
              input_rsci (ccs_in_v1_rscid67_width16_1)    0.864    1.537  179.562    2.580   0.0
          output_fifo_9_rsci (Fifo_ODTYPE_7_0)    8.414   13.889 9.36e+03   31.667   0.1
            Fifo_ODTYPE_7_run_inst (Fifo_ODTYPE_7_run_0)    7.387   13.773 9.35e+03   30.512   0.1
              ccs_ccore_start_rsci (ccs_in_v1_rscid126_width1_0) 9.60e-03 8.38e-03   12.751 3.07e-02   0.0
              output_rsci (mgc_out_dreg_v2_rscid71_width16_0)    0.000    0.000  204.215    0.204   0.0
              input_rsci (ccs_in_v1_rscid70_width16_0)    1.115    1.644  179.426    2.938   0.0
          accum_fifo_6_rsci (Fifo_ODTYPE_7_1)    7.082   11.273 9.35e+03   27.701   0.1
            Fifo_ODTYPE_7_run_inst (Fifo_ODTYPE_7_run_1)    7.082   11.273 9.35e+03   27.701   0.1
              ccs_ccore_start_rsci (ccs_in_v1_rscid126_width1_1)    0.000    0.000   12.763 1.28e-02   0.0
              output_rsci (mgc_out_dreg_v2_rscid71_width16_1)    0.000    0.000  204.215    0.204   0.0
              input_rsci (ccs_in_v1_rscid70_width16_1)    0.887    1.532  179.695    2.599   0.0
          output_fifo_8_rsci (Fifo_ODTYPE_8_0)    7.995    9.149 1.06e+04   27.701   0.1
            Fifo_ODTYPE_8_run_inst (Fifo_ODTYPE_8_run_0)    7.995    9.149 1.06e+04   27.701   0.1
              ccs_ccore_start_rsci (ccs_in_v1_rscid125_width1_0) 3.42e-02 1.05e-02   12.751 5.74e-02   0.0
              output_rsci (mgc_out_dreg_v2_rscid74_width16_0)    0.000    0.000  204.215    0.204   0.0
              input_rsci (ccs_in_v1_rscid73_width16_0)    0.000    0.000  204.215    0.204   0.0
          accum_fifo_7_rsci (Fifo_ODTYPE_8_1)    8.550   11.564 1.06e+04   30.718   0.1
            Fifo_ODTYPE_8_run_inst (Fifo_ODTYPE_8_run_1)    8.550   11.564 1.06e+04   30.718   0.1
              ccs_ccore_start_rsci (ccs_in_v1_rscid125_width1_1)    0.000    0.000   12.763 1.28e-02   0.0
              output_rsci (mgc_out_dreg_v2_rscid74_width16_1)    0.000    0.000  204.215    0.204   0.0
              input_rsci (ccs_in_v1_rscid73_width16_1)    0.972    1.538  179.485    2.689   0.0
          output_fifo_7_rsci (Fifo_ODTYPE_9_0)   10.620   14.526 1.19e+04   37.006   0.1
            Fifo_ODTYPE_9_run_inst (Fifo_ODTYPE_9_run_0)   10.456   14.416 1.18e+04   36.719   0.1
              ccs_ccore_start_rsci (ccs_in_v1_rscid124_width1_0) 1.33e-02 8.44e-03   12.751 3.45e-02   0.0
              output_rsci (mgc_out_dreg_v2_rscid77_width16_0)    0.000    0.000  204.215    0.204   0.0
              input_rsci (ccs_in_v1_rscid76_width16_0)    1.506    1.649  179.426    3.335   0.0
          accum_fifo_8_rsci (Fifo_ODTYPE_9_1)    9.038   11.622 1.18e+04   32.500   0.1
            Fifo_ODTYPE_9_run_inst (Fifo_ODTYPE_9_run_1)    9.038   11.622 1.18e+04   32.500   0.1
              ccs_ccore_start_rsci (ccs_in_v1_rscid124_width1_1)    0.000    0.000   12.763 1.28e-02   0.0
              output_rsci (mgc_out_dreg_v2_rscid77_width16_1)    0.000    0.000  204.215    0.204   0.0
              input_rsci (ccs_in_v1_rscid76_width16_1)    0.795    1.527  179.284    2.502   0.0
          output_fifo_6_rsci (Fifo_ODTYPE_10_0)   11.471   15.201 1.31e+04   39.789   0.1
            Fifo_ODTYPE_10_run_inst (Fifo_ODTYPE_10_run_0)   11.471   15.201 1.31e+04   39.789   0.1
              ccs_ccore_start_rsci (ccs_in_v1_rscid123_width1_0) 1.98e-02 8.55e-03   12.751 4.11e-02   0.0
              output_rsci (mgc_out_dreg_v2_rscid80_width16_0)    0.000    0.000  204.215    0.204   0.0
              input_rsci (ccs_in_v1_rscid79_width16_0)    1.532    1.654  179.426    3.366   0.0
          accum_fifo_9_rsci (Fifo_ODTYPE_10_1)   10.042   11.625 1.31e+04   34.756   0.1
            Fifo_ODTYPE_10_run_inst (Fifo_ODTYPE_10_run_1)   10.042   11.625 1.31e+04   34.756   0.1
              ccs_ccore_start_rsci (ccs_in_v1_rscid123_width1_1)    0.000    0.000   12.763 1.28e-02   0.0
              output_rsci (mgc_out_dreg_v2_rscid80_width16_1)    0.000    0.000  204.215    0.204   0.0
              input_rsci (ccs_in_v1_rscid79_width16_1)    0.755    1.515  179.372    2.449   0.0
          output_fifo_5_rsci (Fifo_ODTYPE_11_0)   12.393   15.553 1.44e+04   42.323   0.2
            Fifo_ODTYPE_11_run_inst (Fifo_ODTYPE_11_run_0)   12.393   15.553 1.44e+04   42.323   0.2
              ccs_ccore_start_rsci (ccs_in_v1_rscid122_width1_0) 1.97e-02 8.55e-03   12.751 4.10e-02   0.0
              output_rsci (mgc_out_dreg_v2_rscid83_width16_0)    0.000    0.000  204.215    0.204   0.0
              input_rsci (ccs_in_v1_rscid82_width16_0)    1.161    1.644  179.426    2.984   0.0
          accum_fifo_10_rsci (Fifo_ODTYPE_11_1)   11.553   12.007 1.44e+04   37.918   0.1
            Fifo_ODTYPE_11_run_inst (Fifo_ODTYPE_11_run_1)   10.444   11.896 1.43e+04   36.687   0.1
              ccs_ccore_start_rsci (ccs_in_v1_rscid122_width1_1)    0.000    0.000   12.763 1.28e-02   0.0
              output_rsci (mgc_out_dreg_v2_rscid83_width16_1)    0.000    0.000  204.215    0.204   0.0
              input_rsci (ccs_in_v1_rscid82_width16_1)    0.868    1.537  179.382    2.585   0.0
          output_fifo_4_rsci (Fifo_ODTYPE_12_0)   13.372   16.075 1.56e+04   45.070   0.2
            Fifo_ODTYPE_12_run_inst (Fifo_ODTYPE_12_run_0)   13.372   16.075 1.56e+04   45.070   0.2
              ccs_ccore_start_rsci (ccs_in_v1_rscid121_width1_0) 2.18e-02 8.55e-03   12.751 4.31e-02   0.0
              output_rsci (mgc_out_dreg_v2_rscid86_width16_0)    0.000    0.000  204.215    0.204   0.0
              input_rsci (ccs_in_v1_rscid85_width16_0)    1.359    1.698  179.426    3.237   0.0
          accum_fifo_11_rsci (Fifo_ODTYPE_12_1)   12.764   12.079 1.56e+04   40.449   0.1
            Fifo_ODTYPE_12_run_inst (Fifo_ODTYPE_12_run_1)   11.764   11.967 1.56e+04   39.325   0.1
              ccs_ccore_start_rsci (ccs_in_v1_rscid121_width1_1)    0.000    0.000   12.763 1.28e-02   0.0
              output_rsci (mgc_out_dreg_v2_rscid86_width16_1)    0.000    0.000  204.215    0.204   0.0
              input_rsci (ccs_in_v1_rscid85_width16_1)    0.805    1.514  179.390    2.498   0.0
          output_fifo_3_rsci (Fifo_ODTYPE_13_0)   14.838   16.357 1.69e+04   48.054   0.2
            Fifo_ODTYPE_13_run_inst (Fifo_ODTYPE_13_run_0)   14.838   16.357 1.69e+04   48.054   0.2
              ccs_ccore_start_rsci (ccs_in_v1_rscid120_width1_0) 2.32e-02 8.55e-03   12.751 4.45e-02   0.0
              output_rsci (mgc_out_dreg_v2_rscid89_width16_0)    0.000    0.000  204.215    0.204   0.0
              input_rsci (ccs_in_v1_rscid88_width16_0)    1.572    1.710  179.426    3.461   0.0
          accum_fifo_12_rsci (Fifo_ODTYPE_13_1)   13.532   12.389 1.69e+04   42.773   0.2
            Fifo_ODTYPE_13_run_inst (Fifo_ODTYPE_13_run_1)   13.532   12.389 1.69e+04   42.773   0.2
              ccs_ccore_start_rsci (ccs_in_v1_rscid120_width1_1)    0.000    0.000   12.763 1.28e-02   0.0
              output_rsci (mgc_out_dreg_v2_rscid89_width16_1)    0.000    0.000  204.215    0.204   0.0
              input_rsci (ccs_in_v1_rscid88_width16_1)    0.828    1.531  179.403    2.539   0.0
          output_fifo_2_rsci (Fifo_ODTYPE_14_0)   15.202   16.516 1.81e+04   49.827   0.2
            Fifo_ODTYPE_14_run_inst (Fifo_ODTYPE_14_run_0)   15.202   16.516 1.81e+04   49.827   0.2
              ccs_ccore_start_rsci (ccs_in_v1_rscid119_width1_0) 3.21e-02 1.05e-02   12.751 5.53e-02   0.0
              output_rsci (mgc_out_dreg_v2_rscid92_width16_0)    0.000    0.000  204.215    0.204   0.0
              input_rsci (ccs_in_v1_rscid91_width16_0)    0.908    1.554  179.426    2.642   0.0
          accum_fifo_13_rsci (Fifo_ODTYPE_14_1)   13.434   12.702 1.81e+04   44.248   0.2
            Fifo_ODTYPE_14_run_inst (Fifo_ODTYPE_14_run_1)   13.434   12.702 1.81e+04   44.248   0.2
              ccs_ccore_start_rsci (ccs_in_v1_rscid119_width1_1)    0.000    0.000   12.763 1.28e-02   0.0
              output_rsci (mgc_out_dreg_v2_rscid92_width16_1)    0.000    0.000  204.215    0.204   0.0
              input_rsci (ccs_in_v1_rscid91_width16_1)    0.774    1.529  179.440    2.482   0.0
          output_fifo_1_rsci (Fifo_ODTYPE_15_0)   16.832   16.892 1.93e+04   53.067   0.2
            Fifo_ODTYPE_15_run_inst (Fifo_ODTYPE_15_run_0)   15.924   16.781 1.93e+04   52.038   0.2
              ccs_ccore_start_rsci (ccs_in_v1_rscid118_width1_0) 1.88e-02 8.54e-03   12.751 4.00e-02   0.0
              output_rsci (mgc_out_dreg_v2_rscid95_width16_0)    0.000    0.000  204.215    0.204   0.0
              input_rsci (ccs_in_v1_rscid94_width16_0)    1.616    1.605  179.426    3.401   0.0
          accum_fifo_14_rsci (Fifo_ODTYPE_15_1)   15.889   12.583 1.93e+04   47.820   0.2
            Fifo_ODTYPE_15_run_inst (Fifo_ODTYPE_15_run_1)   14.793   12.472 1.93e+04   46.601   0.2
              ccs_ccore_start_rsci (ccs_in_v1_rscid118_width1_1)    0.000    0.000   12.763 1.28e-02   0.0
              output_rsci (mgc_out_dreg_v2_rscid95_width16_1)    0.000    0.000  204.215    0.204   0.0
              input_rsci (ccs_in_v1_rscid94_width16_1)    0.847    1.532  179.564    2.558   0.0
          output_fifo_0_rsci (Fifo_ODTYPE_16_0)   18.164   17.385 2.06e+04   56.141   0.2
            Fifo_ODTYPE_16_run_inst (Fifo_ODTYPE_16_run_0)   18.164   17.385 2.06e+04   56.141   0.2
              ccs_ccore_start_rsci (ccs_in_v1_rscid117_width1_0) 4.66e-02 1.05e-02   12.751 6.98e-02   0.0
              output_rsci (mgc_out_dreg_v2_rscid98_width16_0)    0.000    0.000  204.215    0.204   0.0
              input_rsci (ccs_in_v1_rscid97_width16_0)    2.228    1.722  179.426    4.129   0.0
          accum_fifo_15_rsci (Fifo_ODTYPE_16_1)   17.619   13.214 2.06e+04   51.450   0.2
            Fifo_ODTYPE_16_run_inst (Fifo_ODTYPE_16_run_1)   17.619   13.214 2.06e+04   51.450   0.2
              ccs_ccore_start_rsci (ccs_in_v1_rscid117_width1_1)    0.000    0.000   12.763 1.28e-02   0.0
              output_rsci (mgc_out_dreg_v2_rscid98_width16_1)    0.000    0.000  204.215    0.204   0.0
              input_rsci (ccs_in_v1_rscid97_width16_1)    0.900    1.535  179.314    2.614   0.0
        accumulation_buffer_rsc_0_15_i (SystolicArrayCore_IDTYPE_WDTYPE_ODTYPE_16_16_sram_512_128_sram_512_128_rwport_164_16_12_256_16_gen)    1.267    1.712  209.729    3.189   0.0
        accumulation_buffer_rsc_0_14_i (SystolicArrayCore_IDTYPE_WDTYPE_ODTYPE_16_16_sram_512_128_sram_512_128_rwport_163_16_12_256_16_gen)    1.439    1.720  209.729    3.369   0.0
        accumulation_buffer_rsc_0_13_i (SystolicArrayCore_IDTYPE_WDTYPE_ODTYPE_16_16_sram_512_128_sram_512_128_rwport_162_16_12_256_16_gen)    1.354    1.716  209.729    3.280   0.0
        accumulation_buffer_rsc_0_12_i (SystolicArrayCore_IDTYPE_WDTYPE_ODTYPE_16_16_sram_512_128_sram_512_128_rwport_161_16_12_256_16_gen)    1.419    1.719  209.729    3.348   0.0
        accumulation_buffer_rsc_0_11_i (SystolicArrayCore_IDTYPE_WDTYPE_ODTYPE_16_16_sram_512_128_sram_512_128_rwport_160_16_12_256_16_gen)    1.455    1.721  209.729    3.385   0.0
        accumulation_buffer_rsc_0_10_i (SystolicArrayCore_IDTYPE_WDTYPE_ODTYPE_16_16_sram_512_128_sram_512_128_rwport_159_16_12_256_16_gen)    1.438    1.720  209.729    3.368   0.0
        accumulation_buffer_rsc_0_9_i (SystolicArrayCore_IDTYPE_WDTYPE_ODTYPE_16_16_sram_512_128_sram_512_128_rwport_158_16_12_256_16_gen)    1.321    1.714  209.729    3.245   0.0
        accumulation_buffer_rsc_0_8_i (SystolicArrayCore_IDTYPE_WDTYPE_ODTYPE_16_16_sram_512_128_sram_512_128_rwport_157_16_12_256_16_gen)    1.226    1.710  209.729    3.145   0.0
        accumulation_buffer_rsc_0_7_i (SystolicArrayCore_IDTYPE_WDTYPE_ODTYPE_16_16_sram_512_128_sram_512_128_rwport_156_16_12_256_16_gen)    1.368    1.717  209.729    3.294   0.0
        accumulation_buffer_rsc_0_6_i (SystolicArrayCore_IDTYPE_WDTYPE_ODTYPE_16_16_sram_512_128_sram_512_128_rwport_155_16_12_256_16_gen)    1.406    1.718  209.729    3.334   0.0
        accumulation_buffer_rsc_0_5_i (SystolicArrayCore_IDTYPE_WDTYPE_ODTYPE_16_16_sram_512_128_sram_512_128_rwport_154_16_12_256_16_gen)    1.369    1.717  209.729    3.295   0.0
        accumulation_buffer_rsc_0_4_i (SystolicArrayCore_IDTYPE_WDTYPE_ODTYPE_16_16_sram_512_128_sram_512_128_rwport_153_16_12_256_16_gen)    1.394    1.718  209.729    3.321   0.0
        accumulation_buffer_rsc_0_3_i (SystolicArrayCore_IDTYPE_WDTYPE_ODTYPE_16_16_sram_512_128_sram_512_128_rwport_152_16_12_256_16_gen)    1.545    1.725  209.729    3.480   0.0
        accumulation_buffer_rsc_0_2_i (SystolicArrayCore_IDTYPE_WDTYPE_ODTYPE_16_16_sram_512_128_sram_512_128_rwport_151_16_12_256_16_gen)    1.485    1.722  209.729    3.417   0.0
        accumulation_buffer_rsc_0_1_i (SystolicArrayCore_IDTYPE_WDTYPE_ODTYPE_16_16_sram_512_128_sram_512_128_rwport_150_16_12_256_16_gen)    1.470    1.721  209.729    3.401   0.0
        accumulation_buffer_rsc_0_0_i (SystolicArrayCore_IDTYPE_WDTYPE_ODTYPE_16_16_sram_512_128_sram_512_128_rwport_149_16_12_256_16_gen)    1.501    1.723  209.729    3.434   0.0
    loopIndicesChannel_cns_pipe (ccs_pipe_v5_rscid164_width48_sz_width1_fifo_sz3_log2_sz2_ph_clk1_ph_en0_ph_arst0_ph_srst0)   11.391   26.426 2.24e+04   60.264   0.2
      FIFO (ccs_fifo_wait_core_v5_rscid164_width48_sz_width1_fifo_sz3_ph_clk1_ph_en0_ph_arst0_ph_srst0_ph_log22)   11.391   26.426 2.24e+04   60.264   0.2
        FIFO_REG_GEN_REGS_0__BUFREG (ccs_genreg_v1_48_1_0_0_0_1_0)    2.632    4.043 5.73e+03   12.405   0.0
        FIFO_REG_GEN_REGS_0__STATREG (ccs_genreg_v1_1_1_0_0_0_1_4) 1.29e-02    3.629  130.242    3.772   0.0
        FIFO_REG_GEN_REGS_1__BUFREG (ccs_genreg_v1_48_1_0_0_0_1_1)    3.143    4.138 5.74e+03   13.024   0.0
        FIFO_REG_GEN_REGS_1__STATREG (ccs_genreg_v1_1_1_0_0_0_1_5) 2.26e-02    3.622  130.354    3.775   0.0
        FIFO_REG_GEN_REGS_2__BUFREG (ccs_genreg_v1_48_1_0_0_0_1_2)    3.071    4.228 5.74e+03   13.041   0.0
        FIFO_REG_GEN_REGS_2__STATREG (ccs_genreg_v1_1_1_0_0_0_1_6) 2.47e-02    3.613  130.480    3.768   0.0
        FIFO_REG_HS_INIT_REG (ccs_genreg_v1_1_1_1_0_0_0_4)    0.106    2.596  105.365    2.807   0.0
    paramsChannel_cns_pipe (ccs_pipe_v5_rscid163_width144_sz_width1_fifo_sz3_log2_sz2_ph_clk1_ph_en0_ph_arst0_ph_srst0)   17.613   37.574 3.67e+04   91.879   0.3
      FIFO (ccs_fifo_wait_core_v5_rscid163_width144_sz_width1_fifo_sz3_ph_clk1_ph_en0_ph_arst0_ph_srst0_ph_log22)   16.772   37.469 3.67e+04   90.922   0.3
        FIFO_REG_GEN_REGS_0__BUFREG (ccs_genreg_v1_144_1_0_0_0_1_4)    4.904    7.102 9.53e+03   21.532   0.1
        FIFO_REG_GEN_REGS_0__STATREG (ccs_genreg_v1_1_1_0_0_0_1_7) 1.23e-02    3.629  130.242    3.772   0.0
        FIFO_REG_GEN_REGS_1__BUFREG (ccs_genreg_v1_144_1_0_0_0_1_5)    5.192    7.349 9.54e+03   22.077   0.1
        FIFO_REG_GEN_REGS_1__STATREG (ccs_genreg_v1_1_1_0_0_0_1_8) 2.30e-02    3.622  130.354    3.775   0.0
        FIFO_REG_GEN_REGS_2__BUFREG (ccs_genreg_v1_144_1_0_0_0_1_6)    4.737    7.534 9.52e+03   21.795   0.1
        FIFO_REG_GEN_REGS_2__STATREG (ccs_genreg_v1_1_1_0_0_0_1_9) 2.58e-02    3.613  130.480    3.769   0.0
        FIFO_REG_HS_INIT_REG (ccs_genreg_v1_1_1_1_0_0_0_5)    0.105    2.589  105.365    2.799   0.0
  weightDoubleBuffer (WeightDoubleBuffer_384_16_16) 1.42e+03 3.09e+03 5.86e+05 5.10e+03  18.9
    WeightDoubleBuffer_384_16_16_struct_inst (WeightDoubleBuffer_384_16_16_struct) 1.42e+03 3.09e+03 5.86e+05 5.10e+03  18.9
      WeightDoublefeSAqem_cns_bctl_inst (WeightDoublefeSAqem_cns_bctl)   21.279   77.162 1.51e+04  113.591   0.4
      unreg_1 (unreg_hier_0)           1.44e-03 2.74e-03   12.755 1.69e-02   0.0
      unreg (unreg_hier_1)                0.000    0.000    9.665 9.66e-03   0.0
      WeightDoubleBuffer_384_16_16_run_inst (WeightDoubleBuffer_384_16_16_run)   79.313  386.055 2.30e+04  488.347   1.8
        WeightDoubleBuffer_384_16_16_run_run_inst (WeightDoubleBuffer_384_16_16_run_run)   79.313  386.055 2.30e+04  488.347   1.8
          WeightDoubleBuffer_384_16_16_run_run_run_fsm_inst (WeightDoubleBuffer_384_16_16_run_run_run_fsm)    0.494    6.921  316.317    7.732   0.0
          WeightDoubleBuffer_384_16_16_run_run_staller_inst (WeightDoubleBuffer_384_16_16_run_run_staller)    0.594    0.190   29.697    0.815   0.0
          WeightDoubleBuffer_384_16_16_run_run_weightDoubleBufferReaderParams_cnsi_inst (WeightDoubleBuffer_384_16_16_run_run_weightDoubleBufferReaderParams_cnsi)    1.127    4.635 1.44e+03    7.200   0.0
            WeightDoubleBuffer_384_16_16_run_run_weightDoubleBufferReaderParams_cnsi_weightDoubleBufferReaderParams_wait_dp_inst (WeightDoubleBuffer_384_16_16_run_run_weightDoubleBufferReaderParams_cnsi_weightDoubleBufferReaderParams_wait_dp) 2.07e-02    3.601  122.968    3.744   0.0
            WeightDoubleBuffer_384_16_16_run_run_weightDoubleBufferReaderParams_cnsi_weightDoubleBufferReaderParams_wait_ctrl_inst (WeightDoubleBuffer_384_16_16_run_run_weightDoubleBufferReaderParams_cnsi_weightDoubleBufferReaderParams_wait_ctrl) 4.91e-02 7.29e-02   77.794    0.200   0.0
            weightDoubleBufferReaderParams_cnsi (ccs_out_wait_v1_rscid19_width144_0)    1.057    0.961 1.24e+03    3.255   0.0
          WeightDoubleBuffer_384_16_16_run_run_weightDoubleBufferWriterParams_cnsi_inst (WeightDoubleBuffer_384_16_16_run_run_weightDoubleBufferWriterParams_cnsi)    0.931    4.447 1.17e+03    6.549   0.0
            WeightDoubleBuffer_384_16_16_run_run_weightDoubleBufferWriterParams_cnsi_weightDoubleBufferWriterParams_wait_dp_inst (WeightDoubleBuffer_384_16_16_run_run_weightDoubleBufferWriterParams_cnsi_weightDoubleBufferWriterParams_wait_dp) 2.28e-02    3.601  122.968    3.746   0.0
            WeightDoubleBuffer_384_16_16_run_run_weightDoubleBufferWriterParams_cnsi_weightDoubleBufferWriterParams_wait_ctrl_inst (WeightDoubleBuffer_384_16_16_run_run_weightDoubleBufferWriterParams_cnsi_weightDoubleBufferWriterParams_wait_ctrl) 5.42e-02 7.34e-02   77.794    0.205   0.0
            weightDoubleBufferWriterParams_cnsi (ccs_out_wait_v1_rscid18_width144_0)    0.854    0.774  969.715    2.597   0.0
          WeightDoubleBuffer_384_16_16_run_run_paramsIn_rsci_inst (WeightDoubleBuffer_384_16_16_run_run_paramsIn_rsci)   66.972  349.947 1.20e+04  428.963   1.6
            WeightDoubleBuffer_384_16_16_run_run_paramsIn_rsci_paramsIn_wait_dp_inst (WeightDoubleBuffer_384_16_16_run_run_paramsIn_rsci_paramsIn_wait_dp)   65.626  348.671 1.07e+04  425.027   1.6
            WeightDoubleBuffer_384_16_16_run_run_paramsIn_rsci_paramsIn_wait_ctrl_inst (WeightDoubleBuffer_384_16_16_run_run_paramsIn_rsci_paramsIn_wait_ctrl)    0.258    0.206   78.255    0.543   0.0
            paramsIn_rsci (ccs_in_wait_v1_rscid17_width144_0)    1.088    1.069 1.24e+03    3.393   0.0
      weightDoubleBufferReader (WeightDoubleBufferReader_384_16_16)  358.826 1.45e+03 2.31e+05 2.05e+03   7.6
        WeightDoubleBufferReader_384_16_16_run_inst (WeightDoubleBufferReader_384_16_16_run)  352.704 1.44e+03 2.30e+05 2.02e+03   7.5
          DP_OP_41J5_122_2648 (WeightDoubleBufferReader_384_16_16_run_DP_OP_41J5_122_2648_0)    6.659    6.691 2.48e+04   38.135   0.1
          mult_x_12 (WeightDoubleBufferReader_384_16_16_run_DW_mult_uns_0)    7.146    6.888 2.62e+04   40.200   0.1
          DP_OP_42J5_123_8762 (WeightDoubleBufferReader_384_16_16_run_DP_OP_42J5_123_8762_J131_1)    0.416    0.821 2.30e+03    3.536   0.0
          mult_x_7 (WeightDoubleBufferReader_384_16_16_run_DW_mult_uns_J72_0)   15.700   15.172 3.88e+04   69.701   0.3
          mult_x_14 (WeightDoubleBufferReader_384_16_16_run_DW_mult_uns_J58_0)   25.710   26.044 5.71e+04  108.870   0.4
          add_x_1 (WeightDoubleBufferReader_384_16_16_run_DW01_add_J5_1) 4.34e-02 4.16e-02  267.109    0.352   0.0
          add_x_3 (WeightDoubleBufferReader_384_16_16_run_DW01_inc_J5_3)    0.171    0.434 1.43e+03    2.036   0.0
          add_x_6 (WeightDoubleBufferReader_384_16_16_run_DW01_inc_J5_1)    0.194    0.266 1.32e+03    1.783   0.0
          mult_x_13 (WeightDoubleBufferReader_384_16_16_run_DW_mult_uns_J5_2)    0.147    0.250  805.008    1.201   0.0
          add_x_15 (WeightDoubleBufferReader_384_16_16_run_DW01_dec_J5_0)    1.536    1.490 5.08e+03    8.108   0.0
          add_x_16 (WeightDoubleBufferReader_384_16_16_run_DW01_add_J5_0) 6.53e-03 3.89e-02  268.813    0.314   0.0
          mult_x_18 (WeightDoubleBufferReader_384_16_16_run_DW_mult_uns_J5_0)    0.000    0.000  794.903    0.795   0.0
          DP_OP_43J5_124_365 (WeightDoubleBufferReader_384_16_16_run_DP_OP_43J5_124_365_J5_0) 4.98e-02 5.06e-02  514.996    0.615   0.0
          WeightDoubleBufferReader_384_16_16_run_run_fsm_inst (WeightDoubleBufferReader_384_16_16_run_run_fsm)    3.294   15.243 1.13e+03   19.669   0.1
          WeightDoubleBufferReader_384_16_16_run_staller_inst (WeightDoubleBufferReader_384_16_16_run_staller)    0.730    2.826  134.059    3.691   0.0
          WeightDoubleBufferReader_384_16_16_run_din_rsc_req_obj_inst (WeightDoubleBufferReader_384_16_16_run_din_rsc_req_obj) 2.04e-02    3.605  182.745    3.808   0.0
            WeightDoubleBufferReader_384_16_16_run_din_rsc_req_obj_din_rsc_req_wait_dp_inst (WeightDoubleBufferReader_384_16_16_run_din_rsc_req_obj_din_rsc_req_wait_dp) 8.32e-03    3.594  124.090    3.727   0.0
            WeightDoubleBufferReader_384_16_16_run_din_rsc_req_obj_din_rsc_req_wait_ctrl_inst (WeightDoubleBufferReader_384_16_16_run_din_rsc_req_obj_din_rsc_req_wait_ctrl) 4.52e-03 7.92e-03   45.901 5.83e-02   0.0
            din_rsc_req_obj (mgc_in_sync_v2_valid1_0) 7.56e-03 2.92e-03   12.755 2.32e-02   0.0
          WeightDoubleBufferReader_384_16_16_run_din_rsc_rls_obj_inst (WeightDoubleBufferReader_384_16_16_run_din_rsc_rls_obj) 1.09e-02 5.44e-03   44.640 6.10e-02   0.0
            WeightDoubleBufferReader_384_16_16_run_din_rsc_rls_obj_din_rsc_rls_wait_ctrl_inst (WeightDoubleBufferReader_384_16_16_run_din_rsc_rls_obj_din_rsc_rls_wait_ctrl) 3.00e-03 3.09e-03   31.880 3.80e-02   0.0
            din_rsc_rls_obj (mgc_io_sync_v2_valid0_0) 7.89e-03 2.35e-03   12.760 2.30e-02   0.0
          WeightDoubleBufferReader_384_16_16_run_dout_rsci_inst (WeightDoubleBufferReader_384_16_16_run_dout_rsci)    0.266    3.686 1.86e+03    5.810   0.0
            WeightDoubleBufferReader_384_16_16_run_dout_rsci_dout_wait_dp_inst (WeightDoubleBufferReader_384_16_16_run_dout_rsci_dout_wait_dp)    0.000    3.584  122.338    3.707   0.0
            WeightDoubleBufferReader_384_16_16_run_dout_rsci_dout_wait_ctrl_inst (WeightDoubleBufferReader_384_16_16_run_dout_rsci_dout_wait_ctrl) 3.13e-04 2.33e-04   77.948 7.85e-02   0.0
            dout_rsci (ccs_out_wait_v1_rscid9_width128_0)    0.266    0.101 1.66e+03    2.025   0.0
          WeightDoubleBufferReader_384_16_16_run_din_rsci_1_inst (WeightDoubleBufferReader_384_16_16_run_din_rsci_1)  104.965  506.169 1.56e+04  626.760   2.3
            WeightDoubleBufferReader_384_16_16_run_din_rsci_1_din_rsc_wait_ctrl_inst (WeightDoubleBufferReader_384_16_16_run_din_rsci_1_din_rsc_wait_ctrl) 2.73e-04 2.30e-04   72.847 7.33e-02   0.0
            WeightDoubleBufferReader_384_16_16_run_din_rsci_1_din_rsc_wait_dp_inst (WeightDoubleBufferReader_384_16_16_run_din_rsci_1_din_rsc_wait_dp)  104.965  506.169 1.56e+04  626.687   2.3
          WeightDoubleBufferReader_384_16_16_run_paramsIn_rsci_inst (WeightDoubleBufferReader_384_16_16_run_paramsIn_rsci)   69.203  350.573 1.26e+04  432.350   1.6
            WeightDoubleBufferReader_384_16_16_run_paramsIn_rsci_paramsIn_wait_dp_inst (WeightDoubleBufferReader_384_16_16_run_paramsIn_rsci_paramsIn_wait_dp)   67.479  349.281 1.08e+04  427.538   1.6
            WeightDoubleBufferReader_384_16_16_run_paramsIn_rsci_paramsIn_wait_ctrl_inst (WeightDoubleBufferReader_384_16_16_run_paramsIn_rsci_paramsIn_wait_ctrl)    0.154    0.166   77.830    0.398   0.0
            paramsIn_rsci (ccs_in_wait_v1_rscid7_width144_0)    0.535    0.913 1.25e+03    2.695   0.0
        din_rsci (WeightDoubleBufferReader_384_16_16_sram_512_128_sram_512_128_rwport_8_128_12_384_128_gen)    6.051   12.299 1.59e+03   19.939   0.1
      weightDoubleBufferWriter (WeightDoubleBufferWriter_384_16_16)  259.248 1.02e+03 1.83e+05 1.46e+03   5.4
        WeightDoubleBufferWriter_384_16_16_run_inst (WeightDoubleBufferWriter_384_16_16_run)  256.592 1.02e+03 1.81e+05 1.46e+03   5.4
          mult_x_10 (WeightDoubleBufferWriter_384_16_16_run_DW_mult_uns_J93_0)    6.752    6.885 2.57e+04   39.288   0.1
          mult_x_11 (WeightDoubleBufferWriter_384_16_16_run_DW_mult_uns_J73_0)   14.658   13.259 3.90e+04   66.884   0.2
          mult_x_33 (WeightDoubleBufferWriter_384_16_16_run_DW_mult_uns_J57_0)   24.379   23.372 5.73e+04  105.066   0.4
          add_x_1 (WeightDoubleBufferWriter_384_16_16_run_DW01_add_J12_0) 1.73e-04 8.76e-04  266.998    0.268   0.0
          add_x_3 (WeightDoubleBufferWriter_384_16_16_run_DW01_inc_J12_2)    0.107    0.325  353.776    0.786   0.0
          add_x_5 (WeightDoubleBufferWriter_384_16_16_run_DW01_inc_J12_1)    0.218    0.267 1.32e+03    1.806   0.0
          mult_x_32 (WeightDoubleBufferWriter_384_16_16_run_DW_mult_uns_J12_1)    0.154    0.249  805.008    1.207   0.0
          add_x_34 (WeightDoubleBufferWriter_384_16_16_run_DW01_dec_J12_0)    1.574    1.544 5.20e+03    8.315   0.0
          DP_OP_74J12_122_1074 (WeightDoubleBufferWriter_384_16_16_run_DP_OP_74J12_122_1074_J12_0) 4.92e-02 5.04e-02  514.996    0.615   0.0
          DP_OP_75J12_123_4812 (WeightDoubleBufferWriter_384_16_16_run_DP_OP_75J12_123_4812_J12_0)    0.000    0.000  350.380    0.350   0.0
          WeightDoubleBufferWriter_384_16_16_run_run_fsm_inst (WeightDoubleBufferWriter_384_16_16_run_run_fsm)    4.041   16.507 1.39e+03   21.937   0.1
          WeightDoubleBufferWriter_384_16_16_run_staller_inst (WeightDoubleBufferWriter_384_16_16_run_staller)    0.716    2.912  133.627    3.762   0.0
          WeightDoubleBufferWriter_384_16_16_run_dout_rsc_req_obj_inst (WeightDoubleBufferWriter_384_16_16_run_dout_rsc_req_obj) 3.45e-02    3.628  199.917    3.862   0.0
            WeightDoubleBufferWriter_384_16_16_run_dout_rsc_req_obj_dout_rsc_req_wait_dp_inst (WeightDoubleBufferWriter_384_16_16_run_dout_rsc_req_obj_dout_rsc_req_wait_dp) 1.40e-02    3.595  122.594    3.731   0.0
            WeightDoubleBufferWriter_384_16_16_run_dout_rsc_req_obj_dout_rsc_req_wait_ctrl_inst (WeightDoubleBufferWriter_384_16_16_run_dout_rsc_req_obj_dout_rsc_req_wait_ctrl) 2.05e-02 3.29e-02   67.658    0.121   0.0
            dout_rsc_req_obj (mgc_in_sync_v2_valid1_1)    0.000    0.000    9.665 9.66e-03   0.0
          WeightDoubleBufferWriter_384_16_16_run_dout_rsc_rls_obj_inst (WeightDoubleBufferWriter_384_16_16_run_dout_rsc_rls_obj) 7.66e-03 6.64e-03   44.207 5.85e-02   0.0
            WeightDoubleBufferWriter_384_16_16_run_dout_rsc_rls_obj_dout_rsc_rls_wait_ctrl_inst (WeightDoubleBufferWriter_384_16_16_run_dout_rsc_rls_obj_dout_rsc_rls_wait_ctrl) 2.53e-03 3.75e-03   31.448 3.77e-02   0.0
            dout_rsc_rls_obj (mgc_io_sync_v2_valid0_1) 5.13e-03 2.90e-03   12.759 2.08e-02   0.0
          WeightDoubleBufferWriter_384_16_16_run_dout_rsci_1_inst (WeightDoubleBufferWriter_384_16_16_run_dout_rsci_1)    0.204    0.189  204.396    0.597   0.0
            WeightDoubleBufferWriter_384_16_16_run_dout_rsci_1_dout_rsc_wait_ctrl_inst (WeightDoubleBufferWriter_384_16_16_run_dout_rsci_1_dout_rsc_wait_ctrl) 4.93e-03 3.35e-03   32.003 4.03e-02   0.0
          WeightDoubleBufferWriter_384_16_16_run_din_rsci_inst (WeightDoubleBufferWriter_384_16_16_run_din_rsci)   21.300   74.004 2.35e+03   97.655   0.4
            WeightDoubleBufferWriter_384_16_16_run_din_rsci_din_wait_dp_inst (WeightDoubleBufferWriter_384_16_16_run_din_rsci_din_wait_dp)   19.870   72.291 2.07e+03   94.230   0.3
            WeightDoubleBufferWriter_384_16_16_run_din_rsci_din_wait_ctrl_inst (WeightDoubleBufferWriter_384_16_16_run_din_rsci_din_wait_ctrl) 7.10e-02 3.41e-02   78.779    0.184   0.0
            din_rsci (ccs_in_wait_v1_rscid2_width16_0)    1.359    1.679  203.303    3.241   0.0
          WeightDoubleBufferWriter_384_16_16_run_paramsIn_rsci_inst (WeightDoubleBufferWriter_384_16_16_run_paramsIn_rsci)   53.983  272.662 9.56e+03  336.203   1.2
            WeightDoubleBufferWriter_384_16_16_run_paramsIn_rsci_paramsIn_wait_dp_inst (WeightDoubleBufferWriter_384_16_16_run_paramsIn_rsci_paramsIn_wait_dp)   52.370  271.659 8.32e+03  332.347   1.2
            WeightDoubleBufferWriter_384_16_16_run_paramsIn_rsci_paramsIn_wait_ctrl_inst (WeightDoubleBufferWriter_384_16_16_run_paramsIn_rsci_paramsIn_wait_ctrl)    0.330    0.166   78.172    0.575   0.0
            paramsIn_rsci (ccs_in_wait_v1_rscid1_width144_0)    0.402    0.728  959.132    2.090   0.0
        dout_rsci (WeightDoubleBufferWriter_384_16_16_sram_512_128_sram_512_128_rwport_3_128_12_384_128_gen)    2.652    1.299 1.78e+03    5.732   0.0
      weightDoubleBufferReaderParams_cns_pipe (ccs_pipe_v5_rscid16_width144_sz_width1_fifo_sz1_log2_sz0_ph_clk1_ph_en0_ph_arst0_ph_srst0_0)    7.041   15.955 1.46e+04   37.641   0.1
        FIFO (ccs_fifo_wait_core_v5_rscid16_width144_sz_width1_fifo_sz1_ph_clk1_ph_en0_ph_arst0_ph_srst0_ph_log20_0)    7.041   15.955 1.46e+04   37.641   0.1
          FIFO_REG_GEN_REGS_0__BUFREG (ccs_genreg_v1_144_1_0_0_0_1_0)    6.045    8.167 1.14e+04   25.639   0.1
          FIFO_REG_GEN_REGS_0__STATREG (ccs_genreg_v1_1_1_0_0_0_1_0) 3.22e-02    3.675  129.739    3.837   0.0
          FIFO_REG_HS_INIT_REG (ccs_genreg_v1_1_1_1_0_0_0_0)    0.143    2.591  105.365    2.839   0.0
      mem_cns_comp_1 (sram_512_128_WRAPPER_DEPTH4096_WRAPPER_WIDTH128_WRAPPER_ADDR_BITS12_SRAM_DEPTH256_SRAM_WIDTH32_SRAM_ADDR_BITS8_num_inst_depth16_num_inst_width4_0)  340.527   64.078 5.41e+04  458.690   1.7
      mem_cns_comp (sram_512_128_WRAPPER_DEPTH4096_WRAPPER_WIDTH128_WRAPPER_ADDR_BITS12_SRAM_DEPTH256_SRAM_WIDTH32_SRAM_ADDR_BITS8_num_inst_depth16_num_inst_width4_1)  346.689   58.500 5.34e+04  458.633   1.7
      weightDoubleBufferWriterParams_cns_pipe (ccs_pipe_v5_rscid15_width144_sz_width1_fifo_sz1_log2_sz0_ph_clk1_ph_en0_ph_arst0_ph_srst0_0)    5.717   14.443 1.15e+04   31.646   0.1
        FIFO (ccs_fifo_wait_core_v5_rscid15_width144_sz_width1_fifo_sz1_ph_clk1_ph_en0_ph_arst0_ph_srst0_ph_log20_0)    5.717   14.443 1.15e+04   31.646   0.1
          FIFO_REG_GEN_REGS_0__BUFREG (ccs_genreg_v1_144_1_0_0_0_1_1)    4.599    6.912 8.82e+03   20.330   0.1
          FIFO_REG_GEN_REGS_0__STATREG (ccs_genreg_v1_1_1_0_0_0_1_1) 8.28e-03    3.675  129.739    3.813   0.0
          FIFO_REG_HS_INIT_REG (ccs_genreg_v1_1_1_1_0_0_0_1)    0.141    2.591  105.365    2.837   0.0
  inputDoubleBuffer (InputDoubleBuffer_512_16_16) 1.45e+03 3.29e+03 4.58e+05 5.20e+03  19.2
    InputDoubleBuffer_512_16_16_struct_inst (InputDoubleBuffer_512_16_16_struct) 1.45e+03 3.29e+03 4.58e+05 5.20e+03  19.2
      InputDoubleBDjtfoem_cns_bctl_inst (InputDoubleBDjtfoem_cns_bctl)   21.638   76.674 1.52e+04  113.487   0.4
      unreg_1 (unreg_hier_2)              0.000    0.000   12.763 1.28e-02   0.0
      unreg (unreg_hier_3)                0.000    0.000    9.665 9.66e-03   0.0
      InputDoubleBuffer_512_16_16_run_inst (InputDoubleBuffer_512_16_16_run)  112.957  535.823 3.19e+04  680.689   2.5
        InputDoubleBuffer_512_16_16_run_run_inst (InputDoubleBuffer_512_16_16_run_run)  111.656  535.703 3.19e+04  679.256   2.5
          InputDoubleBuffer_512_16_16_run_run_run_fsm_inst (InputDoubleBuffer_512_16_16_run_run_run_fsm)    0.492    6.932  316.317    7.740   0.0
          InputDoubleBuffer_512_16_16_run_run_staller_inst (InputDoubleBuffer_512_16_16_run_run_staller)    0.596    0.191   29.697    0.816   0.0
          InputDoubleBuffer_512_16_16_run_run_inputDoubleBufferReaderParams_cnsi_inst (InputDoubleBuffer_512_16_16_run_run_inputDoubleBufferReaderParams_cnsi)    1.632    5.002 1.96e+03    8.589   0.0
            InputDoubleBuffer_512_16_16_run_run_inputDoubleBufferReaderParams_cnsi_inputDoubleBufferReaderParams_wait_dp_inst (InputDoubleBuffer_512_16_16_run_run_inputDoubleBufferReaderParams_cnsi_inputDoubleBufferReaderParams_wait_dp) 2.13e-02    3.601  122.968    3.745   0.0
            InputDoubleBuffer_512_16_16_run_run_inputDoubleBufferReaderParams_cnsi_inputDoubleBufferReaderParams_wait_ctrl_inst (InputDoubleBuffer_512_16_16_run_run_inputDoubleBufferReaderParams_cnsi_inputDoubleBufferReaderParams_wait_ctrl) 5.11e-02 7.31e-02   77.794    0.202   0.0
            inputDoubleBufferReaderParams_cnsi (ccs_out_wait_v1_rscid19_width144_1)    1.559    1.328 1.76e+03    4.643   0.0
          InputDoubleBuffer_512_16_16_run_run_inputDoubleBufferWriterParams_cnsi_inst (InputDoubleBuffer_512_16_16_run_run_inputDoubleBufferWriterParams_cnsi)    1.001    4.549 1.31e+03    6.861   0.0
            InputDoubleBuffer_512_16_16_run_run_inputDoubleBufferWriterParams_cnsi_inputDoubleBufferWriterParams_wait_dp_inst (InputDoubleBuffer_512_16_16_run_run_inputDoubleBufferWriterParams_cnsi_inputDoubleBufferWriterParams_wait_dp) 2.10e-02    3.601  122.968    3.745   0.0
            InputDoubleBuffer_512_16_16_run_run_inputDoubleBufferWriterParams_cnsi_inputDoubleBufferWriterParams_wait_ctrl_inst (InputDoubleBuffer_512_16_16_run_run_inputDoubleBufferWriterParams_cnsi_inputDoubleBufferWriterParams_wait_ctrl) 5.17e-02 7.32e-02   77.794    0.203   0.0
            inputDoubleBufferWriterParams_cnsi (ccs_out_wait_v1_rscid18_width144_1)    0.928    0.875 1.11e+03    2.913   0.0
          InputDoubleBuffer_512_16_16_run_run_paramsIn_rsci_inst (InputDoubleBuffer_512_16_16_run_run_paramsIn_rsci)   95.304  494.934 1.71e+04  607.315   2.2
            InputDoubleBuffer_512_16_16_run_run_paramsIn_rsci_paramsIn_wait_dp_inst (InputDoubleBuffer_512_16_16_run_run_paramsIn_rsci_paramsIn_wait_dp)   93.779  493.276 1.52e+04  602.301   2.2
            InputDoubleBuffer_512_16_16_run_run_paramsIn_rsci_paramsIn_wait_ctrl_inst (InputDoubleBuffer_512_16_16_run_run_paramsIn_rsci_paramsIn_wait_ctrl)    0.290    0.207   78.255    0.575   0.0
            paramsIn_rsci (ccs_in_wait_v1_rscid17_width144_1)    1.234    1.452 1.75e+03    4.439   0.0
      inputDoubleBufferReader (InputDoubleBufferReader_512_16_16)  401.029 1.69e+03 1.79e+05 2.27e+03   8.4
        InputDoubleBufferReader_512_16_16_run_inst (InputDoubleBufferReader_512_16_16_run)  392.109 1.67e+03 1.77e+05 2.24e+03   8.3
          DP_OP_241J3_129_9913 (InputDoubleBufferReader_512_16_16_run_DP_OP_241J3_129_9913_0)    0.198    0.405 1.22e+03    1.822   0.0
          DP_OP_237J3_125_9913 (InputDoubleBufferReader_512_16_16_run_DP_OP_237J3_125_9913_0)    0.215    0.420 1.20e+03    1.831   0.0
          DP_OP_235J3_123_9913 (InputDoubleBufferReader_512_16_16_run_DP_OP_235J3_123_9913_0)    0.809    2.138 1.31e+03    4.256   0.0
          DP_OP_238J3_126_9913 (InputDoubleBufferReader_512_16_16_run_DP_OP_238J3_126_9913_0)    0.260    0.307 1.35e+03    1.913   0.0
          DP_OP_239J3_127_9913 (InputDoubleBufferReader_512_16_16_run_DP_OP_239J3_127_9913_0)    0.220    0.442 1.19e+03    1.857   0.0
          DP_OP_90J3_132_9111 (InputDoubleBufferReader_512_16_16_run_DP_OP_90J3_132_9111_J3_0)    3.952    2.433 3.97e+03   10.352   0.0
          mult_x_100 (InputDoubleBufferReader_512_16_16_run_DW_mult_uns_J90_0)    6.793    7.009 2.59e+04   39.711   0.1
          add_x_44 (InputDoubleBufferReader_512_16_16_run_DW01_inc_J3_7)    0.000    0.000  680.454    0.680   0.0
          add_x_45 (InputDoubleBufferReader_512_16_16_run_DW01_inc_J3_6)    0.000    0.000  680.454    0.680   0.0
          add_x_50 (InputDoubleBufferReader_512_16_16_run_DW01_inc_J3_5)    0.000    0.000  680.454    0.680   0.0
          add_x_53 (InputDoubleBufferReader_512_16_16_run_DW01_inc_J3_4)    0.000    0.000  680.454    0.680   0.0
          add_x_88 (InputDoubleBufferReader_512_16_16_run_DW01_add_J3_1) 4.36e-02    0.113  844.325    1.000   0.0
          mult_x_89 (InputDoubleBufferReader_512_16_16_run_DW_mult_uns_J3_4)    0.147 2.70e-02 3.16e+03    3.336   0.0
          add_x_101 (InputDoubleBufferReader_512_16_16_run_DW01_dec_J3_0)    0.726    0.697 1.97e+03    3.392   0.0
          add_x_103 (InputDoubleBufferReader_512_16_16_run_DW01_add_J3_0) 2.03e-02    0.107  463.896    0.591   0.0
          add_x_104 (InputDoubleBufferReader_512_16_16_run_DW01_inc_J3_2) 1.44e-04 2.41e-04  363.526    0.364   0.0
          add_x_105 (InputDoubleBufferReader_512_16_16_run_DW01_inc_J3_1) 1.68e-04 2.31e-04  690.556    0.691   0.0
          add_x_106 (InputDoubleBufferReader_512_16_16_run_DW01_inc_J3_0)    1.401    1.538  850.982    3.791   0.0
          mult_x_127 (InputDoubleBufferReader_512_16_16_run_DW_mult_uns_J3_2)    0.159 2.86e-02 3.16e+03    3.349   0.0
          mult_x_128 (InputDoubleBufferReader_512_16_16_run_DW_mult_uns_J3_1)    1.930    0.388 3.02e+03    5.334   0.0
          mult_x_129 (InputDoubleBufferReader_512_16_16_run_DW_mult_uns_J3_0)    0.127 2.48e-02 3.16e+03    3.312   0.0
          DP_OP_234J3_122_3477 (InputDoubleBufferReader_512_16_16_run_DP_OP_234J3_122_3477_J3_0)    0.000    0.000 1.32e+03    1.324   0.0
          DP_OP_236J3_124_9913 (InputDoubleBufferReader_512_16_16_run_DP_OP_236J3_124_9913_J3_0)    0.261    0.357  962.939    1.582   0.0
          DP_OP_240J3_128_1925 (InputDoubleBufferReader_512_16_16_run_DP_OP_240J3_128_1925_J3_0)    1.202    1.331 3.85e+03    6.387   0.0
          DP_OP_242J3_130_1925 (InputDoubleBufferReader_512_16_16_run_DP_OP_242J3_130_1925_J3_0)    5.088    5.378 6.87e+03   17.333   0.1
          DP_OP_243J3_131_642 (InputDoubleBufferReader_512_16_16_run_DP_OP_243J3_131_642_J3_0)   15.994   16.782 7.36e+03   40.131   0.1
          InputDoubleBufferReader_512_16_16_run_run_fsm_inst (InputDoubleBufferReader_512_16_16_run_run_fsm)    3.263   14.803 1.27e+03   19.340   0.1
          InputDoubleBufferReader_512_16_16_run_staller_inst (InputDoubleBufferReader_512_16_16_run_staller)    1.127    2.804  134.116    4.065   0.0
          InputDoubleBufferReader_512_16_16_run_din_rsc_req_obj_inst (InputDoubleBufferReader_512_16_16_run_din_rsc_req_obj) 6.21e-03    3.594  182.849    3.783   0.0
            InputDoubleBufferReader_512_16_16_run_din_rsc_req_obj_din_rsc_req_wait_dp_inst (InputDoubleBufferReader_512_16_16_run_din_rsc_req_obj_din_rsc_req_wait_dp) 6.21e-03    3.594  124.353    3.724   0.0
            InputDoubleBufferReader_512_16_16_run_din_rsc_req_obj_din_rsc_req_wait_ctrl_inst (InputDoubleBufferReader_512_16_16_run_din_rsc_req_obj_din_rsc_req_wait_ctrl)    0.000    0.000   45.733 4.57e-02   0.0
            din_rsc_req_obj (mgc_in_sync_v2_valid1_2)    0.000    0.000   12.763 1.28e-02   0.0
          InputDoubleBufferReader_512_16_16_run_din_rsc_rls_obj_inst (InputDoubleBufferReader_512_16_16_run_din_rsc_rls_obj) 3.46e-04 2.33e-04   44.747 4.53e-02   0.0
            InputDoubleBufferReader_512_16_16_run_din_rsc_rls_obj_din_rsc_rls_wait_ctrl_inst (InputDoubleBufferReader_512_16_16_run_din_rsc_rls_obj_din_rsc_rls_wait_ctrl) 3.46e-04 2.33e-04   31.984 3.26e-02   0.0
            din_rsc_rls_obj (mgc_io_sync_v2_valid0_2)    0.000    0.000   12.763 1.28e-02   0.0
          InputDoubleBufferReader_512_16_16_run_dout_rsci_inst (InputDoubleBufferReader_512_16_16_run_dout_rsci)    0.200    3.686 1.86e+03    5.744   0.0
            InputDoubleBufferReader_512_16_16_run_dout_rsci_dout_wait_dp_inst (InputDoubleBufferReader_512_16_16_run_dout_rsci_dout_wait_dp)    0.000    3.584  122.338    3.707   0.0
            InputDoubleBufferReader_512_16_16_run_dout_rsci_dout_wait_ctrl_inst (InputDoubleBufferReader_512_16_16_run_dout_rsci_dout_wait_ctrl) 3.90e-04 2.37e-04   77.847 7.85e-02   0.0
            dout_rsci (ccs_out_wait_v1_rscid9_width128_1)    0.200    0.101 1.66e+03    1.959   0.0
          InputDoubleBufferReader_512_16_16_run_din_rsci_1_inst (InputDoubleBufferReader_512_16_16_run_din_rsci_1)  102.609  505.362 1.56e+04  623.598   2.3
            InputDoubleBufferReader_512_16_16_run_din_rsci_1_din_rsc_wait_ctrl_inst (InputDoubleBufferReader_512_16_16_run_din_rsci_1_din_rsc_wait_ctrl) 2.47e-04 2.34e-04   72.952 7.34e-02   0.0
            InputDoubleBufferReader_512_16_16_run_din_rsci_1_din_rsc_wait_dp_inst (InputDoubleBufferReader_512_16_16_run_din_rsci_1_din_rsc_wait_dp)  102.608  505.362 1.56e+04  623.524   2.3
          InputDoubleBufferReader_512_16_16_run_paramsIn_rsci_inst (InputDoubleBufferReader_512_16_16_run_paramsIn_rsci)   96.794  495.377 1.74e+04  609.541   2.3
            InputDoubleBufferReader_512_16_16_run_paramsIn_rsci_paramsIn_wait_dp_inst (InputDoubleBufferReader_512_16_16_run_paramsIn_rsci_paramsIn_wait_dp)   94.861  493.846 1.53e+04  604.008   2.2
            InputDoubleBufferReader_512_16_16_run_paramsIn_rsci_paramsIn_wait_ctrl_inst (InputDoubleBufferReader_512_16_16_run_paramsIn_rsci_paramsIn_wait_ctrl)    0.165    0.166   77.739    0.409   0.0
            paramsIn_rsci (ccs_in_wait_v1_rscid7_width144_1)    0.735    1.251 1.76e+03    3.741   0.0
        din_rsci (InputDoubleBufferReader_512_16_16_sram_512_128_sram_512_128_rwport_8_128_12_512_128_gen)    8.921   12.469 1.59e+03   22.980   0.1
      inputDoubleBufferWriter (InputDoubleBufferWriter_512_16_16)  197.400  837.422 9.08e+04 1.13e+03   4.2
        InputDoubleBufferWriter_512_16_16_run_inst (InputDoubleBufferWriter_512_16_16_run)  195.000  836.103 8.89e+04 1.12e+03   4.1
          mult_x_39 (InputDoubleBufferWriter_512_16_16_run_DW_mult_uns_J91_0)    6.884    7.042 2.62e+04   40.118   0.1
          add_x_1 (InputDoubleBufferWriter_512_16_16_run_DW01_add_J7_4)    0.410    0.322  462.335    1.195   0.0
          add_x_3 (InputDoubleBufferWriter_512_16_16_run_DW01_inc_J7_2)    0.261    0.351  366.927    0.979   0.0
          add_x_31 (InputDoubleBufferWriter_512_16_16_run_DW01_add_J7_2)    0.153    0.350  473.393    0.977   0.0
          add_x_32 (InputDoubleBufferWriter_512_16_16_run_DW01_add_J7_1)    0.156    0.346  473.028    0.975   0.0
          add_x_33 (InputDoubleBufferWriter_512_16_16_run_DW01_add_J7_0) 7.30e-02    0.194  843.638    1.111   0.0
          mult_x_36 (InputDoubleBufferWriter_512_16_16_run_DW_mult_uns_J7_3)    1.790    1.877 3.17e+03    6.833   0.0
          mult_x_37 (InputDoubleBufferWriter_512_16_16_run_DW_mult_uns_J7_2)    1.766    1.868 3.17e+03    6.800   0.0
          mult_x_38 (InputDoubleBufferWriter_512_16_16_run_DW_mult_uns_J7_1)    1.570    1.549 3.17e+03    6.285   0.0
          add_x_40 (InputDoubleBufferWriter_512_16_16_run_DW01_dec_J7_0)    0.732    0.701 1.97e+03    3.401   0.0
          DP_OP_84J7_122_4097 (InputDoubleBufferWriter_512_16_16_run_DP_OP_84J7_122_4097_J7_0)    0.000    0.000  625.684    0.626   0.0
          DP_OP_85J7_123_6961 (InputDoubleBufferWriter_512_16_16_run_DP_OP_85J7_123_6961_J7_0)    0.141    0.233  513.346    0.887   0.0
          DP_OP_86J7_124_6902 (InputDoubleBufferWriter_512_16_16_run_DP_OP_86J7_124_6902_J7_0)    1.086    1.094 3.40e+03    5.583   0.0
          InputDoubleBufferWriter_512_16_16_run_run_fsm_inst (InputDoubleBufferWriter_512_16_16_run_run_fsm)    5.394   16.177 1.51e+03   23.080   0.1
          InputDoubleBufferWriter_512_16_16_run_staller_inst (InputDoubleBufferWriter_512_16_16_run_staller)    1.183    2.907  133.617    4.223   0.0
          InputDoubleBufferWriter_512_16_16_run_dout_rsc_req_obj_inst (InputDoubleBufferWriter_512_16_16_run_dout_rsc_req_obj) 2.67e-02    3.619  199.832    3.845   0.0
            InputDoubleBufferWriter_512_16_16_run_dout_rsc_req_obj_dout_rsc_req_wait_dp_inst (InputDoubleBufferWriter_512_16_16_run_dout_rsc_req_obj_dout_rsc_req_wait_dp) 1.09e-02    3.593  122.543    3.726   0.0
            InputDoubleBufferWriter_512_16_16_run_dout_rsc_req_obj_dout_rsc_req_wait_ctrl_inst (InputDoubleBufferWriter_512_16_16_run_dout_rsc_req_obj_dout_rsc_req_wait_ctrl) 1.58e-02 2.63e-02   67.624    0.110   0.0
            dout_rsc_req_obj (mgc_in_sync_v2_valid1_3)    0.000    0.000    9.665 9.66e-03   0.0
          InputDoubleBufferWriter_512_16_16_run_dout_rsc_rls_obj_inst (InputDoubleBufferWriter_512_16_16_run_dout_rsc_rls_obj) 2.96e-04 2.25e-04   44.219 4.47e-02   0.0
            InputDoubleBufferWriter_512_16_16_run_dout_rsc_rls_obj_dout_rsc_rls_wait_ctrl_inst (InputDoubleBufferWriter_512_16_16_run_dout_rsc_rls_obj_dout_rsc_rls_wait_ctrl) 2.96e-04 2.25e-04   31.455 3.20e-02   0.0
            dout_rsc_rls_obj (mgc_io_sync_v2_valid0_3)    0.000    0.000   12.763 1.28e-02   0.0
          InputDoubleBufferWriter_512_16_16_run_dout_rsci_1_inst (InputDoubleBufferWriter_512_16_16_run_dout_rsci_1)    0.206    0.186  205.452    0.597   0.0
            InputDoubleBufferWriter_512_16_16_run_dout_rsci_1_dout_rsc_wait_ctrl_inst (InputDoubleBufferWriter_512_16_16_run_dout_rsci_1_dout_rsc_wait_ctrl) 1.05e-02 3.26e-03   32.021 4.57e-02   0.0
          InputDoubleBufferWriter_512_16_16_run_din_rsci_inst (InputDoubleBufferWriter_512_16_16_run_din_rsci)   25.015   73.901 2.39e+03  101.304   0.4
            InputDoubleBufferWriter_512_16_16_run_din_rsci_din_wait_dp_inst (InputDoubleBufferWriter_512_16_16_run_din_rsci_din_wait_dp)   19.945   72.136 2.11e+03   94.186   0.3
            InputDoubleBufferWriter_512_16_16_run_din_rsci_din_wait_ctrl_inst (InputDoubleBufferWriter_512_16_16_run_din_rsci_din_wait_ctrl) 5.10e-02 3.04e-02   78.755    0.160   0.0
            din_rsci (ccs_in_wait_v1_rscid2_width16_1)    5.019    1.735  203.306    6.957   0.0
          InputDoubleBufferWriter_512_16_16_run_paramsIn_rsci_inst (InputDoubleBufferWriter_512_16_16_run_paramsIn_rsci)   61.721  315.064 1.11e+04  387.857   1.4
            InputDoubleBufferWriter_512_16_16_run_paramsIn_rsci_paramsIn_wait_dp_inst (InputDoubleBufferWriter_512_16_16_run_paramsIn_rsci_paramsIn_wait_dp)   60.264  313.968 9.67e+03  383.903   1.4
            InputDoubleBufferWriter_512_16_16_run_paramsIn_rsci_paramsIn_wait_ctrl_inst (InputDoubleBufferWriter_512_16_16_run_paramsIn_rsci_paramsIn_wait_ctrl)    0.227    0.167   78.159    0.471   0.0
            paramsIn_rsci (ccs_in_wait_v1_rscid1_width144_1)    0.455    0.841 1.16e+03    2.451   0.0
        dout_rsci (InputDoubleBufferWriter_512_16_16_sram_512_128_sram_512_128_rwport_3_128_12_512_128_gen)    2.062    1.271 1.78e+03    5.116   0.0
      inputDoubleBufferReaderParams_cns_pipe (ccs_pipe_v5_rscid16_width144_sz_width1_fifo_sz1_log2_sz0_ph_clk1_ph_en0_ph_arst0_ph_srst0_1)    9.757   18.848 2.08e+04   49.384   0.2
        FIFO (ccs_fifo_wait_core_v5_rscid16_width144_sz_width1_fifo_sz1_ph_clk1_ph_en0_ph_arst0_ph_srst0_ph_log20_1)    9.757   18.848 2.08e+04   49.384   0.2
          FIFO_REG_GEN_REGS_0__BUFREG (ccs_genreg_v1_144_1_0_0_0_1_2)    8.515   10.515 1.63e+04   35.309   0.1
          FIFO_REG_GEN_REGS_0__STATREG (ccs_genreg_v1_1_1_0_0_0_1_2) 1.58e-02    3.675  129.739    3.821   0.0
          FIFO_REG_HS_INIT_REG (ccs_genreg_v1_1_1_1_0_0_0_2)    0.131    2.594  105.365    2.830   0.0
      mem_cns_comp_1 (sram_512_128_WRAPPER_DEPTH4096_WRAPPER_WIDTH128_WRAPPER_ADDR_BITS12_SRAM_DEPTH256_SRAM_WIDTH32_SRAM_ADDR_BITS8_num_inst_depth16_num_inst_width4_2)  342.866   64.073 5.41e+04  461.023   1.7
      mem_cns_comp (sram_512_128_WRAPPER_DEPTH4096_WRAPPER_WIDTH128_WRAPPER_ADDR_BITS12_SRAM_DEPTH256_SRAM_WIDTH32_SRAM_ADDR_BITS8_num_inst_depth16_num_inst_width4_3)  352.199   57.576 5.33e+04  463.034   1.7
      inputDoubleBufferWriterParams_cns_pipe (ccs_pipe_v5_rscid15_width144_sz_width1_fifo_sz1_log2_sz0_ph_clk1_ph_en0_ph_arst0_ph_srst0_1)    6.575   15.490 1.32e+04   35.283   0.1
        FIFO (ccs_fifo_wait_core_v5_rscid15_width144_sz_width1_fifo_sz1_ph_clk1_ph_en0_ph_arst0_ph_srst0_ph_log20_1)    5.439   15.383 1.32e+04   34.028   0.1
          FIFO_REG_GEN_REGS_0__BUFREG (ccs_genreg_v1_144_1_0_0_0_1_3)    4.564    7.720 1.03e+04   22.536   0.1
          FIFO_REG_GEN_REGS_0__STATREG (ccs_genreg_v1_1_1_0_0_0_1_3) 1.04e-02    3.675  129.739    3.815   0.0
          FIFO_REG_HS_INIT_REG (ccs_genreg_v1_1_1_1_0_0_0_3)    0.141    2.593  105.365    2.840   0.0
  outputSerializer (Serializer_PackedInt_16UL_16UL_ODTYPE_16)  271.180 1.42e+03 6.75e+04 1.76e+03   6.5
    Serializer_PackedInt_16UL_16UL_ODTYPE_16_run_inst (Serializer_PackedInt_16UL_16UL_ODTYPE_16_run)  271.180 1.42e+03 6.75e+04 1.76e+03   6.5
      Serializer_PackedInt_16UL_16UL_ODTYPE_16_run_run_fsm_inst (Serializer_PackedInt_16UL_16UL_ODTYPE_16_run_run_fsm)    0.219    2.501  106.386    2.827   0.0
      Serializer_PackedInt_16UL_16UL_ODTYPE_16_run_staller_inst (Serializer_PackedInt_16UL_16UL_ODTYPE_16_run_staller)    0.189    0.134   24.863    0.348   0.0
      Serializer_PackedInt_16UL_16UL_ODTYPE_16_run_serialOutChannel_rsci_inst (Serializer_PackedInt_16UL_16UL_ODTYPE_16_run_serialOutChannel_rsci)    0.902    3.357  454.614    4.714   0.0
        Serializer_PackedInt_16UL_16UL_ODTYPE_16_run_serialOutChannel_rsci_serialOutChannel_wait_dp_inst (Serializer_PackedInt_16UL_16UL_ODTYPE_16_run_serialOutChannel_rsci_serialOutChannel_wait_dp)    0.199    2.933  141.934    3.274   0.0
        Serializer_PackedInt_16UL_16UL_ODTYPE_16_run_serialOutChannel_rsci_serialOutChannel_wait_ctrl_inst (Serializer_PackedInt_16UL_16UL_ODTYPE_16_run_serialOutChannel_rsci_serialOutChannel_wait_ctrl)    0.367    0.221   85.017    0.673   0.0
        serialOutChannel_rsci (ccs_out_wait_v1_rscid6_width16)    0.336    0.203  227.664    0.767   0.0
      Serializer_PackedInt_16UL_16UL_ODTYPE_16_run_inputChannel_rsci_inst (Serializer_PackedInt_16UL_16UL_ODTYPE_16_run_inputChannel_rsci)  169.984  929.959 3.13e+04 1.13e+03   4.2
        Serializer_PackedInt_16UL_16UL_ODTYPE_16_run_inputChannel_rsci_inputChannel_wait_dp_inst (Serializer_PackedInt_16UL_16UL_ODTYPE_16_run_inputChannel_rsci_inputChannel_wait_dp)  169.833  929.746 2.79e+04 1.13e+03   4.2
        Serializer_PackedInt_16UL_16UL_ODTYPE_16_run_inputChannel_rsci_inputChannel_wait_ctrl_inst (Serializer_PackedInt_16UL_16UL_ODTYPE_16_run_inputChannel_rsci_inputChannel_wait_ctrl)    0.123    0.123   78.063    0.324   0.0
        inputChannel_rsci (ccs_in_wait_v1_rscid5_width256) 2.80e-02 9.05e-02 3.29e+03    3.410   0.0
  paramsDeserializer_1 (ParamsDeserializer)   68.025  258.846 3.13e+04  358.144   1.3
    ParamsDeserializer_run_inst (ParamsDeserializer_run)   66.250  258.745 3.13e+04  356.256   1.3
      ParamsDeserializer_run_run_fsm_inst (ParamsDeserializer_run_run_fsm)    5.243   20.593  948.369   26.784   0.1
      ParamsDeserializer_run_staller_inst (ParamsDeserializer_run_staller)    0.478    0.161   43.899    0.683   0.0
      ParamsDeserializer_run_outputChannel3_rsci_inst (ParamsDeserializer_run_outputChannel3_rsci)    1.191    5.012 1.85e+03    8.057   0.0
        ParamsDeserializer_run_outputChannel3_rsci_outputChannel3_wait_dp_inst (ParamsDeserializer_run_outputChannel3_rsci_outputChannel3_wait_dp) 2.49e-02    3.603  122.807    3.750   0.0
        ParamsDeserializer_run_outputChannel3_rsci_outputChannel3_wait_ctrl_inst (ParamsDeserializer_run_outputChannel3_rsci_outputChannel3_wait_ctrl) 5.40e-02 8.50e-02   80.192    0.219   0.0
        outputChannel3_rsci (ccs_out_wait_v1_rscid4_width144)    1.113    1.324 1.65e+03    4.087   0.0
      ParamsDeserializer_run_outputChannel2_rsci_inst (ParamsDeserializer_run_outputChannel2_rsci)    0.641    4.693 1.44e+03    6.774   0.0
        ParamsDeserializer_run_outputChannel2_rsci_outputChannel2_wait_dp_inst (ParamsDeserializer_run_outputChannel2_rsci_outputChannel2_wait_dp) 2.33e-02    3.602  122.821    3.748   0.0
        ParamsDeserializer_run_outputChannel2_rsci_outputChannel2_wait_ctrl_inst (ParamsDeserializer_run_outputChannel2_rsci_outputChannel2_wait_ctrl) 7.97e-02 8.67e-02   80.231    0.247   0.0
        outputChannel2_rsci (ccs_out_wait_v1_rscid3_width144)    0.538    1.005 1.24e+03    2.779   0.0
      ParamsDeserializer_run_outputChannel1_rsci_inst (ParamsDeserializer_run_outputChannel1_rsci)    1.331    5.098 1.96e+03    8.385   0.0
        ParamsDeserializer_run_outputChannel1_rsci_outputChannel1_wait_dp_inst (ParamsDeserializer_run_outputChannel1_rsci_outputChannel1_wait_dp) 2.72e-02    3.602  122.821    3.752   0.0
        ParamsDeserializer_run_outputChannel1_rsci_outputChannel1_wait_ctrl_inst (ParamsDeserializer_run_outputChannel1_rsci_outputChannel1_wait_ctrl) 5.04e-02 8.47e-02   80.231    0.215   0.0
        outputChannel1_rsci (ccs_out_wait_v1_rscid2_width144)    1.253    1.412 1.75e+03    4.418   0.0
      ParamsDeserializer_run_inputChannel_rsci_inst (ParamsDeserializer_run_inputChannel_rsci)   25.018   74.769 2.38e+03  102.168   0.4
        ParamsDeserializer_run_inputChannel_rsci_inputChannel_wait_dp_inst (ParamsDeserializer_run_inputChannel_rsci_inputChannel_wait_dp)   20.915   72.387 2.08e+03   95.386   0.4
        ParamsDeserializer_run_inputChannel_rsci_inputChannel_wait_ctrl_inst (ParamsDeserializer_run_inputChannel_rsci_inputChannel_wait_ctrl)    0.501    0.441   84.817    1.027   0.0
        inputChannel_rsci (ccs_in_wait_v1_rscid1_width16)    2.615    1.833  201.928    4.650   0.0
  weight_out_cns_pipe (ccs_pipe_v5_rscid172_width128_sz_width1_fifo_sz3_log2_sz2_ph_clk1_ph_en0_ph_arst0_ph_srst0)   20.992   26.460 5.79e+04  105.337   0.4
    FIFO (ccs_fifo_wait_core_v5_rscid172_width128_sz_width1_fifo_sz3_ph_clk1_ph_en0_ph_arst0_ph_srst0_ph_log22)   20.992   26.460 5.79e+04  105.337   0.4
      FIFO_REG_GEN_REGS_0__BUFREG (ccs_genreg_v1_128_1_0_0_0_1_0)    6.945    4.246 1.52e+04   26.371   0.1
      FIFO_REG_GEN_REGS_0__STATREG (ccs_genreg_v1_1_1_0_0_0_1_10)    0.000    3.739  129.100    3.869   0.0
      FIFO_REG_GEN_REGS_1__BUFREG (ccs_genreg_v1_128_1_0_0_0_1_1)    6.853    4.125 1.52e+04   26.171   0.1
      FIFO_REG_GEN_REGS_1__STATREG (ccs_genreg_v1_1_1_0_0_0_1_11)    0.000    3.739  129.100    3.869   0.0
      FIFO_REG_GEN_REGS_2__BUFREG (ccs_genreg_v1_128_1_0_0_0_1_2)    6.894    4.125 1.52e+04   26.211   0.1
      FIFO_REG_GEN_REGS_2__STATREG (ccs_genreg_v1_1_1_0_0_0_1_12)    0.000    3.739  129.100    3.869   0.0
      FIFO_REG_HS_INIT_REG (ccs_genreg_v1_1_1_1_0_0_0_6)    0.112    2.592  105.365    2.809   0.0
  input_out_cns_pipe (ccs_pipe_v5_rscid171_width128_sz_width1_fifo_sz3_log2_sz2_ph_clk1_ph_en0_ph_arst0_ph_srst0)   22.197   26.519 5.79e+04  106.593   0.4
    FIFO (ccs_fifo_wait_core_v5_rscid171_width128_sz_width1_fifo_sz3_ph_clk1_ph_en0_ph_arst0_ph_srst0_ph_log22)   21.231   26.397 5.79e+04  105.495   0.4
      FIFO_REG_GEN_REGS_0__BUFREG (ccs_genreg_v1_128_1_0_0_0_1_3)    7.020    4.332 1.52e+04   26.543   0.1
      FIFO_REG_GEN_REGS_0__STATREG (ccs_genreg_v1_1_1_0_0_0_1_13)    0.000    3.739  129.100    3.869   0.0
      FIFO_REG_GEN_REGS_1__BUFREG (ccs_genreg_v1_128_1_0_0_0_1_4)    6.900    4.000 1.52e+04   26.081   0.1
      FIFO_REG_GEN_REGS_1__STATREG (ccs_genreg_v1_1_1_0_0_0_1_14)    0.000    3.739  129.100    3.869   0.0
      FIFO_REG_GEN_REGS_2__BUFREG (ccs_genreg_v1_128_1_0_0_0_1_5)    6.981    4.107 1.52e+04   26.280   0.1
      FIFO_REG_GEN_REGS_2__STATREG (ccs_genreg_v1_1_1_0_0_0_1_15)    0.000    3.739  129.100    3.869   0.0
      FIFO_REG_HS_INIT_REG (ccs_genreg_v1_1_1_1_0_0_0_7)    0.105    2.590  105.365    2.800   0.0
  output_cns_pipe (ccs_pipe_v5_rscid173_width256_sz_width1_fifo_sz3_log2_sz2_ph_clk1_ph_en0_ph_arst0_ph_srst0)   47.255   30.837 1.15e+05  192.629   0.7
    FIFO (ccs_fifo_wait_core_v5_rscid173_width256_sz_width1_fifo_sz3_ph_clk1_ph_en0_ph_arst0_ph_srst0_ph_log22)   47.255   30.837 1.15e+05  192.629   0.7
      FIFO_REG_GEN_REGS_0__BUFREG (ccs_genreg_v1_256_1_0_0_0_1_0)   15.487    5.843 3.03e+04   51.622   0.2
      FIFO_REG_GEN_REGS_0__STATREG (ccs_genreg_v1_1_1_0_0_0_1_16)    0.000    3.739  129.100    3.869   0.0
      FIFO_REG_GEN_REGS_1__BUFREG (ccs_genreg_v1_256_1_0_0_0_1_1)   15.299    5.374 3.03e+04   50.965   0.2
      FIFO_REG_GEN_REGS_1__STATREG (ccs_genreg_v1_1_1_0_0_0_1_17)    0.000    3.739  129.100    3.869   0.0
      FIFO_REG_GEN_REGS_2__BUFREG (ccs_genreg_v1_256_1_0_0_0_1_2)   13.914    5.375 3.03e+04   49.582   0.2
      FIFO_REG_GEN_REGS_2__STATREG (ccs_genreg_v1_1_1_0_0_0_1_18)    0.000    3.739  129.100    3.869   0.0
      FIFO_REG_HS_INIT_REG (ccs_genreg_v1_1_1_1_0_0_0_8)    0.105    2.596  105.365    2.806   0.0
  systolicArrayParams_cns_pipe (ccs_pipe_v5_rscid174_width144_sz_width1_fifo_sz3_log2_sz2_ph_clk1_ph_en0_ph_arst0_ph_srst0)   30.779   48.474 5.77e+04  136.905   0.5
    FIFO (ccs_fifo_wait_core_v5_rscid174_width144_sz_width1_fifo_sz3_ph_clk1_ph_en0_ph_arst0_ph_srst0_ph_log22)   30.779   48.474 5.77e+04  136.905   0.5
      FIFO_REG_GEN_REGS_0__BUFREG (ccs_genreg_v1_144_1_0_0_0_1_7)    9.165    9.164 1.52e+04   33.546   0.1
      FIFO_REG_GEN_REGS_0__STATREG (ccs_genreg_v1_1_1_0_0_0_1_19) 8.24e-04    3.729  129.160    3.859   0.0
      FIFO_REG_GEN_REGS_1__BUFREG (ccs_genreg_v1_144_1_0_0_0_1_8)    7.769    9.075 1.52e+04   32.049   0.1
      FIFO_REG_GEN_REGS_1__STATREG (ccs_genreg_v1_1_1_0_0_0_1_20) 3.09e-03    3.712  129.318    3.844   0.0
      FIFO_REG_GEN_REGS_2__BUFREG (ccs_genreg_v1_144_1_0_0_0_1_9)    8.187   10.446 1.52e+04   33.846   0.1
      FIFO_REG_GEN_REGS_2__STATREG (ccs_genreg_v1_1_1_0_0_0_1_21) 1.07e-02    3.670  129.788    3.811   0.0
      FIFO_REG_HS_INIT_REG (ccs_genreg_v1_1_1_1_0_0_0_9)    0.103    2.599  105.365    2.807   0.0
  weightDoubleBufferParams_cns_pipe (ccs_pipe_v5_rscid170_width144_sz_width1_fifo_sz3_log2_sz2_ph_clk1_ph_en0_ph_arst0_ph_srst0)   25.074   41.151 4.42e+04  110.415   0.4
    FIFO (ccs_fifo_wait_core_v5_rscid170_width144_sz_width1_fifo_sz3_ph_clk1_ph_en0_ph_arst0_ph_srst0_ph_log22)   22.772   40.774 4.39e+04  107.410   0.4
      FIFO_REG_GEN_REGS_0__BUFREG (ccs_genreg_v1_144_1_0_0_0_1_10)    6.732    7.567 1.14e+04   25.743   0.1
      FIFO_REG_GEN_REGS_0__STATREG (ccs_genreg_v1_1_1_0_0_0_1_22)    0.000    3.739  129.053    3.868   0.0
      FIFO_REG_GEN_REGS_1__BUFREG (ccs_genreg_v1_144_1_0_0_0_1_11)    6.755    7.317 1.14e+04   25.505   0.1
      FIFO_REG_GEN_REGS_1__STATREG (ccs_genreg_v1_1_1_0_0_0_1_23) 4.24e-04    3.738  129.073    3.867   0.0
      FIFO_REG_GEN_REGS_2__BUFREG (ccs_genreg_v1_144_1_0_0_0_1_12)    6.442    7.520 1.14e+04   25.406   0.1
      FIFO_REG_GEN_REGS_2__STATREG (ccs_genreg_v1_1_1_0_0_0_1_24) 1.89e-03    3.729  129.159    3.860   0.0
      FIFO_REG_HS_INIT_REG (ccs_genreg_v1_1_1_1_0_0_0_10)    0.113    2.600  105.365    2.819   0.0
  inputDoubleBufferParams_cns_pipe (ccs_pipe_v5_rscid169_width144_sz_width1_fifo_sz3_log2_sz2_ph_clk1_ph_en0_ph_arst0_ph_srst0)   36.145   48.342 6.21e+04  146.548   0.5
    FIFO (ccs_fifo_wait_core_v5_rscid169_width144_sz_width1_fifo_sz3_ph_clk1_ph_en0_ph_arst0_ph_srst0_ph_log22)   36.145   48.342 6.21e+04  146.548   0.5
      FIFO_REG_GEN_REGS_0__BUFREG (ccs_genreg_v1_144_1_0_0_0_1_13)    9.339    9.267 1.63e+04   34.882   0.1
      FIFO_REG_GEN_REGS_0__STATREG (ccs_genreg_v1_1_1_0_0_0_1_25)    0.000    3.739  129.053    3.869   0.0
      FIFO_REG_GEN_REGS_1__BUFREG (ccs_genreg_v1_144_1_0_0_0_1_14)   10.551    9.293 1.63e+04   36.132   0.1
      FIFO_REG_GEN_REGS_1__STATREG (ccs_genreg_v1_1_1_0_0_0_1_26) 4.12e-04    3.738  129.073    3.867   0.0
      FIFO_REG_GEN_REGS_2__BUFREG (ccs_genreg_v1_144_1_0_0_0_1_15)   10.345    9.387 1.63e+04   36.020   0.1
      FIFO_REG_GEN_REGS_2__STATREG (ccs_genreg_v1_1_1_0_0_0_1_27) 2.26e-03    3.729  129.159    3.860   0.0
      FIFO_REG_HS_INIT_REG (ccs_genreg_v1_1_1_1_0_0_0_11)    0.105    2.592  105.365    2.802   0.0
1
