Information: Propagating switching activity (low effort zero delay simulation). (PWR-6)
Warning: Design has unannotated primary inputs. (PWR-414)
Warning: Design has unannotated sequential cell outputs. (PWR-415)
Warning: Design has unannotated black box outputs. (PWR-428)
 
****************************************
Report : power
        -hier
        -analysis_effort low
Design : Conv
Version: L-2016.03-SP5-5
Date   : Sun Feb 23 21:29:45 2020
****************************************


Library(s) Used:

    NangateOpenCellLibrary (File: /home/users/sophliu/ee272/ee272-hw5/Conv/build/5-synopsys-dc-synthesis/inputs/adk/stdcells.db)


Operating Conditions: typical   Library: NangateOpenCellLibrary
Wire Load Model Mode: Inactive.


Global Operating Voltage = 1.1  
Power-specific unit information :
    Voltage Units = 1V
    Capacitance Units = 1.000000ff
    Time Units = 1ns
    Dynamic Power Units = 1uW    (derived from V,C,T units)
    Leakage Power Units = 1nW


--------------------------------------------------------------------------------
                                       Switch   Int      Leak     Total
Hierarchy                              Power    Power    Power    Power    %
--------------------------------------------------------------------------------
Conv                                   1.16e+03 3.56e+03 3.17e+06 7.89e+03 100.0
  systolicArray (SystolicArrayWrapper_IDTYPE_WDTYPE_ODTYPE_16_16)  497.648 1.93e+03 1.71e+06 4.13e+03  52.4
    systolicArrayLooper_1 (SystolicArrayLooper)   36.220  155.733 8.14e+04  273.391   3.5
      SystolicArrayLooper_run_inst (SystolicArrayLooper_run)   35.918  155.708 8.14e+04  273.053   3.5
        mult_x_1 (SystolicArrayLooper_run_DW_mult_uns_J4_0)    1.719    1.485 2.37e+04   26.861   0.3
        add_x_7 (SystolicArrayLooper_run_DW01_add_J4_0)    0.450    0.730 1.94e+03    3.120   0.0
        add_x_8 (SystolicArrayLooper_run_DW01_inc_J4_0) 5.77e-03 9.09e-03  681.643    0.697   0.0
        SystolicArrayLooper_run_run_fsm_inst (SystolicArrayLooper_run_run_fsm)    0.687    2.947 1.61e+03    5.239   0.1
        SystolicArrayLooper_run_staller_inst (SystolicArrayLooper_run_staller) 4.56e-02 3.29e-02   30.597    0.109   0.0
        SystolicArrayLooper_run_loopIndicesOut_rsci_inst (SystolicArrayLooper_run_loopIndicesOut_rsci) 4.48e-02    0.755  839.036    1.639   0.0
          SystolicArrayLooper_run_loopIndicesOut_rsci_loopIndicesOut_wait_dp_inst (SystolicArrayLooper_run_loopIndicesOut_rsci_loopIndicesOut_wait_dp) 2.60e-03    0.719  124.262    0.846   0.0
          SystolicArrayLooper_run_loopIndicesOut_rsci_loopIndicesOut_wait_ctrl_inst (SystolicArrayLooper_run_loopIndicesOut_rsci_loopIndicesOut_wait_ctrl) 6.47e-03 7.73e-03   78.336 9.25e-02   0.0
          loopIndicesOut_rsci (ccs_out_wait_v1_rscid158_width48) 3.57e-02 2.79e-02  636.438    0.700   0.0
        SystolicArrayLooper_run_paramsOut_rsci_inst (SystolicArrayLooper_run_paramsOut_rsci)    0.211    0.830 1.24e+03    2.282   0.0
          SystolicArrayLooper_run_paramsOut_rsci_paramsOut_wait_dp_inst (SystolicArrayLooper_run_paramsOut_rsci_paramsOut_wait_dp) 2.58e-03    0.719  124.262    0.846   0.0
          SystolicArrayLooper_run_paramsOut_rsci_paramsOut_wait_ctrl_inst (SystolicArrayLooper_run_paramsOut_rsci_paramsOut_wait_ctrl) 5.37e-03 7.65e-03   78.336 9.14e-02   0.0
          paramsOut_rsci (ccs_out_wait_v1_rscid157_width144)    0.203    0.103 1.04e+03    1.344   0.0
        SystolicArrayLooper_run_paramsIn_rsci_inst (SystolicArrayLooper_run_paramsIn_rsci)   18.328   92.389 1.63e+04  127.021   1.6
          SystolicArrayLooper_run_paramsIn_rsci_paramsIn_wait_dp_inst (SystolicArrayLooper_run_paramsIn_rsci_paramsIn_wait_dp)   17.391   92.017 1.43e+04  123.667   1.6
          SystolicArrayLooper_run_paramsIn_rsci_paramsIn_wait_ctrl_inst (SystolicArrayLooper_run_paramsIn_rsci_paramsIn_wait_ctrl) 5.69e-02 3.43e-02   77.988    0.169   0.0
          paramsIn_rsci (ccs_in_wait_v1_rscid156_width144)    0.236    0.263 1.64e+03    2.139   0.0
    systolicArrayCore (SystolicArrayCore_IDTYPE_WDTYPE_ODTYPE_16_16)  455.496 1.76e+03 1.57e+06 3.78e+03  47.9
      SystolicArrayCore_IDTYPE_WDTYPE_ODTYPE_16_16_struct_inst (SystolicArrayCore_IDTYPE_WDTYPE_ODTYPE_16_16_struct)  455.453 1.76e+03 1.57e+06 3.78e+03  47.9
        SystolicArrayCore_IDTYPE_WDTYPE_ODTYPE_16_16_run_inst (SystolicArrayCore_IDTYPE_WDTYPE_ODTYPE_16_16_run)  427.871 1.75e+03 1.56e+06 3.74e+03  47.5
          add_x_504 (SystolicArrayCore_IDTYPE_WDTYPE_ODTYPE_16_16_run_DW01_inc_J1_0)    0.000    0.000  680.454    0.680   0.0
          DP_OP_743J1_122_5484 (SystolicArrayCore_IDTYPE_WDTYPE_ODTYPE_16_16_run_DP_OP_743J1_122_5484_J1_0)    0.865    0.719 2.40e+04   25.574   0.3
          DP_OP_744J1_123_666 (SystolicArrayCore_IDTYPE_WDTYPE_ODTYPE_16_16_run_DP_OP_744J1_123_666_J1_0) 3.21e-02 5.03e-02 1.26e+03    1.338   0.0
          DP_OP_745J1_124_7340 (SystolicArrayCore_IDTYPE_WDTYPE_ODTYPE_16_16_run_DP_OP_745J1_124_7340_J1_0) 6.57e-02 7.24e-02 1.40e+03    1.542   0.0
          DP_OP_746J1_125_7340 (SystolicArrayCore_IDTYPE_WDTYPE_ODTYPE_16_16_run_DP_OP_746J1_125_7340_J1_0) 6.61e-02 7.24e-02 1.40e+03    1.542   0.0
          DP_OP_747J1_126_7340 (SystolicArrayCore_IDTYPE_WDTYPE_ODTYPE_16_16_run_DP_OP_747J1_126_7340_J1_0) 7.09e-02 7.22e-02 1.40e+03    1.547   0.0
          DP_OP_748J1_127_9097 (SystolicArrayCore_IDTYPE_WDTYPE_ODTYPE_16_16_run_DP_OP_748J1_127_9097_J1_0) 6.27e-02 7.14e-02 2.34e+03    2.479   0.0
          SystolicArrayCore_IDTYPE_WDTYPE_ODTYPE_16_16_run_run_fsm_inst (SystolicArrayCore_IDTYPE_WDTYPE_ODTYPE_16_16_run_run_fsm)    0.805    4.618 1.64e+03    7.065   0.1
          SystolicArrayCore_IDTYPE_WDTYPE_ODTYPE_16_16_run_staller_inst (SystolicArrayCore_IDTYPE_WDTYPE_ODTYPE_16_16_run_staller)    0.772    0.584  177.036    1.533   0.0
          SystolicArrayCore_IDTYPE_WDTYPE_ODTYPE_16_16_run_wait_dp_inst (SystolicArrayCore_IDTYPE_WDTYPE_ODTYPE_16_16_run_wait_dp) 2.00e-02 6.32e-03  200.247    0.227   0.0
          SystolicArrayCore_IDTYPE_WDTYPE_ODTYPE_16_16_run_accumulation_buffer_rsc_0_15_i_1_inst (SystolicArrayCore_IDTYPE_WDTYPE_ODTYPE_16_16_run_accumulation_buffer_rsc_0_15_i_1)    2.373   14.394 2.19e+03   18.952   0.2
            SystolicArrayCore_IDTYPE_WDTYPE_ODTYPE_16_16_run_accumulation_buffer_rsc_0_15_i_1_accumulation_buffer_rsc_0_15_wait_dp_inst (SystolicArrayCore_IDTYPE_WDTYPE_ODTYPE_16_16_run_accumulation_buffer_rsc_0_15_i_1_accumulation_buffer_rsc_0_15_wait_dp)    2.373   14.393 2.07e+03   18.838   0.2
            SystolicArrayCore_IDTYPE_WDTYPE_ODTYPE_16_16_run_accumulation_buffer_rsc_0_15_i_1_accumulation_buffer_rsc_0_15_wait_ctrl_inst (SystolicArrayCore_IDTYPE_WDTYPE_ODTYPE_16_16_run_accumulation_buffer_rsc_0_15_i_1_accumulation_buffer_rsc_0_15_wait_ctrl) 4.92e-05 1.08e-04  113.715    0.114   0.0
          SystolicArrayCore_IDTYPE_WDTYPE_ODTYPE_16_16_run_accumulation_buffer_rsc_0_14_i_1_inst (SystolicArrayCore_IDTYPE_WDTYPE_ODTYPE_16_16_run_accumulation_buffer_rsc_0_14_i_1)    2.278   14.474 2.18e+03   18.937   0.2
            SystolicArrayCore_IDTYPE_WDTYPE_ODTYPE_16_16_run_accumulation_buffer_rsc_0_14_i_1_accumulation_buffer_rsc_0_14_wait_dp_inst (SystolicArrayCore_IDTYPE_WDTYPE_ODTYPE_16_16_run_accumulation_buffer_rsc_0_14_i_1_accumulation_buffer_rsc_0_14_wait_dp)    2.278   14.474 2.07e+03   18.824   0.2
            SystolicArrayCore_IDTYPE_WDTYPE_ODTYPE_16_16_run_accumulation_buffer_rsc_0_14_i_1_accumulation_buffer_rsc_0_14_wait_ctrl_inst (SystolicArrayCore_IDTYPE_WDTYPE_ODTYPE_16_16_run_accumulation_buffer_rsc_0_14_i_1_accumulation_buffer_rsc_0_14_wait_ctrl) 4.96e-05 1.07e-04  113.715    0.114   0.0
          SystolicArrayCore_IDTYPE_WDTYPE_ODTYPE_16_16_run_accumulation_buffer_rsc_0_13_i_1_inst (SystolicArrayCore_IDTYPE_WDTYPE_ODTYPE_16_16_run_accumulation_buffer_rsc_0_13_i_1)    2.553   14.480 2.20e+03   19.229   0.2
            SystolicArrayCore_IDTYPE_WDTYPE_ODTYPE_16_16_run_accumulation_buffer_rsc_0_13_i_1_accumulation_buffer_rsc_0_13_wait_dp_inst (SystolicArrayCore_IDTYPE_WDTYPE_ODTYPE_16_16_run_accumulation_buffer_rsc_0_13_i_1_accumulation_buffer_rsc_0_13_wait_dp)    2.355   14.458 2.07e+03   18.884   0.2
            SystolicArrayCore_IDTYPE_WDTYPE_ODTYPE_16_16_run_accumulation_buffer_rsc_0_13_i_1_accumulation_buffer_rsc_0_13_wait_ctrl_inst (SystolicArrayCore_IDTYPE_WDTYPE_ODTYPE_16_16_run_accumulation_buffer_rsc_0_13_i_1_accumulation_buffer_rsc_0_13_wait_ctrl) 4.95e-05 1.08e-04  113.715    0.114   0.0
          SystolicArrayCore_IDTYPE_WDTYPE_ODTYPE_16_16_run_accumulation_buffer_rsc_0_12_i_1_inst (SystolicArrayCore_IDTYPE_WDTYPE_ODTYPE_16_16_run_accumulation_buffer_rsc_0_12_i_1)    2.451   14.434 2.20e+03   19.081   0.2
            SystolicArrayCore_IDTYPE_WDTYPE_ODTYPE_16_16_run_accumulation_buffer_rsc_0_12_i_1_accumulation_buffer_rsc_0_12_wait_dp_inst (SystolicArrayCore_IDTYPE_WDTYPE_ODTYPE_16_16_run_accumulation_buffer_rsc_0_12_i_1_accumulation_buffer_rsc_0_12_wait_dp)    2.450   14.434 2.08e+03   18.967   0.2
            SystolicArrayCore_IDTYPE_WDTYPE_ODTYPE_16_16_run_accumulation_buffer_rsc_0_12_i_1_accumulation_buffer_rsc_0_12_wait_ctrl_inst (SystolicArrayCore_IDTYPE_WDTYPE_ODTYPE_16_16_run_accumulation_buffer_rsc_0_12_i_1_accumulation_buffer_rsc_0_12_wait_ctrl) 4.90e-05 8.01e-05  113.715    0.114   0.0
          SystolicArrayCore_IDTYPE_WDTYPE_ODTYPE_16_16_run_accumulation_buffer_rsc_0_11_i_1_inst (SystolicArrayCore_IDTYPE_WDTYPE_ODTYPE_16_16_run_accumulation_buffer_rsc_0_11_i_1)    2.282   14.425 2.19e+03   18.891   0.2
            SystolicArrayCore_IDTYPE_WDTYPE_ODTYPE_16_16_run_accumulation_buffer_rsc_0_11_i_1_accumulation_buffer_rsc_0_11_wait_dp_inst (SystolicArrayCore_IDTYPE_WDTYPE_ODTYPE_16_16_run_accumulation_buffer_rsc_0_11_i_1_accumulation_buffer_rsc_0_11_wait_dp)    2.281   14.425 2.07e+03   18.778   0.2
            SystolicArrayCore_IDTYPE_WDTYPE_ODTYPE_16_16_run_accumulation_buffer_rsc_0_11_i_1_accumulation_buffer_rsc_0_11_wait_ctrl_inst (SystolicArrayCore_IDTYPE_WDTYPE_ODTYPE_16_16_run_accumulation_buffer_rsc_0_11_i_1_accumulation_buffer_rsc_0_11_wait_ctrl) 4.99e-05 8.01e-05  113.715    0.114   0.0
          SystolicArrayCore_IDTYPE_WDTYPE_ODTYPE_16_16_run_accumulation_buffer_rsc_0_10_i_1_inst (SystolicArrayCore_IDTYPE_WDTYPE_ODTYPE_16_16_run_accumulation_buffer_rsc_0_10_i_1)    2.265   14.414 2.19e+03   18.864   0.2
            SystolicArrayCore_IDTYPE_WDTYPE_ODTYPE_16_16_run_accumulation_buffer_rsc_0_10_i_1_accumulation_buffer_rsc_0_10_wait_dp_inst (SystolicArrayCore_IDTYPE_WDTYPE_ODTYPE_16_16_run_accumulation_buffer_rsc_0_10_i_1_accumulation_buffer_rsc_0_10_wait_dp)    2.265   14.414 2.07e+03   18.750   0.2
            SystolicArrayCore_IDTYPE_WDTYPE_ODTYPE_16_16_run_accumulation_buffer_rsc_0_10_i_1_accumulation_buffer_rsc_0_10_wait_ctrl_inst (SystolicArrayCore_IDTYPE_WDTYPE_ODTYPE_16_16_run_accumulation_buffer_rsc_0_10_i_1_accumulation_buffer_rsc_0_10_wait_ctrl) 4.97e-05 1.07e-04  113.715    0.114   0.0
          SystolicArrayCore_IDTYPE_WDTYPE_ODTYPE_16_16_run_accumulation_buffer_rsc_0_9_i_1_inst (SystolicArrayCore_IDTYPE_WDTYPE_ODTYPE_16_16_run_accumulation_buffer_rsc_0_9_i_1)    2.265   14.419 2.19e+03   18.869   0.2
            SystolicArrayCore_IDTYPE_WDTYPE_ODTYPE_16_16_run_accumulation_buffer_rsc_0_9_i_1_accumulation_buffer_rsc_0_9_wait_dp_inst (SystolicArrayCore_IDTYPE_WDTYPE_ODTYPE_16_16_run_accumulation_buffer_rsc_0_9_i_1_accumulation_buffer_rsc_0_9_wait_dp)    2.265   14.419 2.07e+03   18.755   0.2
            SystolicArrayCore_IDTYPE_WDTYPE_ODTYPE_16_16_run_accumulation_buffer_rsc_0_9_i_1_accumulation_buffer_rsc_0_9_wait_ctrl_inst (SystolicArrayCore_IDTYPE_WDTYPE_ODTYPE_16_16_run_accumulation_buffer_rsc_0_9_i_1_accumulation_buffer_rsc_0_9_wait_ctrl) 4.94e-05 8.01e-05  113.715    0.114   0.0
          SystolicArrayCore_IDTYPE_WDTYPE_ODTYPE_16_16_run_accumulation_buffer_rsc_0_8_i_1_inst (SystolicArrayCore_IDTYPE_WDTYPE_ODTYPE_16_16_run_accumulation_buffer_rsc_0_8_i_1)    2.245   14.386 2.19e+03   18.816   0.2
            SystolicArrayCore_IDTYPE_WDTYPE_ODTYPE_16_16_run_accumulation_buffer_rsc_0_8_i_1_accumulation_buffer_rsc_0_8_wait_dp_inst (SystolicArrayCore_IDTYPE_WDTYPE_ODTYPE_16_16_run_accumulation_buffer_rsc_0_8_i_1_accumulation_buffer_rsc_0_8_wait_dp)    2.245   14.386 2.07e+03   18.702   0.2
            SystolicArrayCore_IDTYPE_WDTYPE_ODTYPE_16_16_run_accumulation_buffer_rsc_0_8_i_1_accumulation_buffer_rsc_0_8_wait_ctrl_inst (SystolicArrayCore_IDTYPE_WDTYPE_ODTYPE_16_16_run_accumulation_buffer_rsc_0_8_i_1_accumulation_buffer_rsc_0_8_wait_ctrl) 4.93e-05 1.08e-04  113.715    0.114   0.0
          SystolicArrayCore_IDTYPE_WDTYPE_ODTYPE_16_16_run_accumulation_buffer_rsc_0_7_i_1_inst (SystolicArrayCore_IDTYPE_WDTYPE_ODTYPE_16_16_run_accumulation_buffer_rsc_0_7_i_1)    2.249   14.453 2.19e+03   18.887   0.2
            SystolicArrayCore_IDTYPE_WDTYPE_ODTYPE_16_16_run_accumulation_buffer_rsc_0_7_i_1_accumulation_buffer_rsc_0_7_wait_dp_inst (SystolicArrayCore_IDTYPE_WDTYPE_ODTYPE_16_16_run_accumulation_buffer_rsc_0_7_i_1_accumulation_buffer_rsc_0_7_wait_dp)    2.249   14.453 2.07e+03   18.773   0.2
            SystolicArrayCore_IDTYPE_WDTYPE_ODTYPE_16_16_run_accumulation_buffer_rsc_0_7_i_1_accumulation_buffer_rsc_0_7_wait_ctrl_inst (SystolicArrayCore_IDTYPE_WDTYPE_ODTYPE_16_16_run_accumulation_buffer_rsc_0_7_i_1_accumulation_buffer_rsc_0_7_wait_ctrl) 4.97e-05 8.01e-05  113.715    0.114   0.0
          SystolicArrayCore_IDTYPE_WDTYPE_ODTYPE_16_16_run_accumulation_buffer_rsc_0_6_i_1_inst (SystolicArrayCore_IDTYPE_WDTYPE_ODTYPE_16_16_run_accumulation_buffer_rsc_0_6_i_1)    2.364   14.481 2.18e+03   19.029   0.2
            SystolicArrayCore_IDTYPE_WDTYPE_ODTYPE_16_16_run_accumulation_buffer_rsc_0_6_i_1_accumulation_buffer_rsc_0_6_wait_dp_inst (SystolicArrayCore_IDTYPE_WDTYPE_ODTYPE_16_16_run_accumulation_buffer_rsc_0_6_i_1_accumulation_buffer_rsc_0_6_wait_dp)    2.363   14.481 2.07e+03   18.915   0.2
            SystolicArrayCore_IDTYPE_WDTYPE_ODTYPE_16_16_run_accumulation_buffer_rsc_0_6_i_1_accumulation_buffer_rsc_0_6_wait_ctrl_inst (SystolicArrayCore_IDTYPE_WDTYPE_ODTYPE_16_16_run_accumulation_buffer_rsc_0_6_i_1_accumulation_buffer_rsc_0_6_wait_ctrl) 4.96e-05 8.01e-05  113.715    0.114   0.0
          SystolicArrayCore_IDTYPE_WDTYPE_ODTYPE_16_16_run_accumulation_buffer_rsc_0_5_i_1_inst (SystolicArrayCore_IDTYPE_WDTYPE_ODTYPE_16_16_run_accumulation_buffer_rsc_0_5_i_1)    2.266   14.485 2.18e+03   18.936   0.2
            SystolicArrayCore_IDTYPE_WDTYPE_ODTYPE_16_16_run_accumulation_buffer_rsc_0_5_i_1_accumulation_buffer_rsc_0_5_wait_dp_inst (SystolicArrayCore_IDTYPE_WDTYPE_ODTYPE_16_16_run_accumulation_buffer_rsc_0_5_i_1_accumulation_buffer_rsc_0_5_wait_dp)    2.266   14.485 2.07e+03   18.822   0.2
            SystolicArrayCore_IDTYPE_WDTYPE_ODTYPE_16_16_run_accumulation_buffer_rsc_0_5_i_1_accumulation_buffer_rsc_0_5_wait_ctrl_inst (SystolicArrayCore_IDTYPE_WDTYPE_ODTYPE_16_16_run_accumulation_buffer_rsc_0_5_i_1_accumulation_buffer_rsc_0_5_wait_ctrl) 4.94e-05 8.01e-05  113.715    0.114   0.0
          SystolicArrayCore_IDTYPE_WDTYPE_ODTYPE_16_16_run_accumulation_buffer_rsc_0_4_i_1_inst (SystolicArrayCore_IDTYPE_WDTYPE_ODTYPE_16_16_run_accumulation_buffer_rsc_0_4_i_1)    2.445   14.430 2.20e+03   19.072   0.2
            SystolicArrayCore_IDTYPE_WDTYPE_ODTYPE_16_16_run_accumulation_buffer_rsc_0_4_i_1_accumulation_buffer_rsc_0_4_wait_dp_inst (SystolicArrayCore_IDTYPE_WDTYPE_ODTYPE_16_16_run_accumulation_buffer_rsc_0_4_i_1_accumulation_buffer_rsc_0_4_wait_dp)    2.246   14.406 2.07e+03   18.724   0.2
            SystolicArrayCore_IDTYPE_WDTYPE_ODTYPE_16_16_run_accumulation_buffer_rsc_0_4_i_1_accumulation_buffer_rsc_0_4_wait_ctrl_inst (SystolicArrayCore_IDTYPE_WDTYPE_ODTYPE_16_16_run_accumulation_buffer_rsc_0_4_i_1_accumulation_buffer_rsc_0_4_wait_ctrl) 4.92e-05 1.08e-04  113.715    0.114   0.0
          SystolicArrayCore_IDTYPE_WDTYPE_ODTYPE_16_16_run_accumulation_buffer_rsc_0_3_i_1_inst (SystolicArrayCore_IDTYPE_WDTYPE_ODTYPE_16_16_run_accumulation_buffer_rsc_0_3_i_1)    2.463   14.442 2.20e+03   19.101   0.2
            SystolicArrayCore_IDTYPE_WDTYPE_ODTYPE_16_16_run_accumulation_buffer_rsc_0_3_i_1_accumulation_buffer_rsc_0_3_wait_dp_inst (SystolicArrayCore_IDTYPE_WDTYPE_ODTYPE_16_16_run_accumulation_buffer_rsc_0_3_i_1_accumulation_buffer_rsc_0_3_wait_dp)    2.463   14.442 2.08e+03   18.987   0.2
            SystolicArrayCore_IDTYPE_WDTYPE_ODTYPE_16_16_run_accumulation_buffer_rsc_0_3_i_1_accumulation_buffer_rsc_0_3_wait_ctrl_inst (SystolicArrayCore_IDTYPE_WDTYPE_ODTYPE_16_16_run_accumulation_buffer_rsc_0_3_i_1_accumulation_buffer_rsc_0_3_wait_ctrl) 4.90e-05 1.08e-04  113.715    0.114   0.0
          SystolicArrayCore_IDTYPE_WDTYPE_ODTYPE_16_16_run_accumulation_buffer_rsc_0_2_i_1_inst (SystolicArrayCore_IDTYPE_WDTYPE_ODTYPE_16_16_run_accumulation_buffer_rsc_0_2_i_1)    2.454   14.449 2.20e+03   19.099   0.2
            SystolicArrayCore_IDTYPE_WDTYPE_ODTYPE_16_16_run_accumulation_buffer_rsc_0_2_i_1_accumulation_buffer_rsc_0_2_wait_dp_inst (SystolicArrayCore_IDTYPE_WDTYPE_ODTYPE_16_16_run_accumulation_buffer_rsc_0_2_i_1_accumulation_buffer_rsc_0_2_wait_dp)    2.454   14.449 2.08e+03   18.986   0.2
            SystolicArrayCore_IDTYPE_WDTYPE_ODTYPE_16_16_run_accumulation_buffer_rsc_0_2_i_1_accumulation_buffer_rsc_0_2_wait_ctrl_inst (SystolicArrayCore_IDTYPE_WDTYPE_ODTYPE_16_16_run_accumulation_buffer_rsc_0_2_i_1_accumulation_buffer_rsc_0_2_wait_ctrl) 4.98e-05 1.07e-04  113.715    0.114   0.0
          SystolicArrayCore_IDTYPE_WDTYPE_ODTYPE_16_16_run_accumulation_buffer_rsc_0_1_i_1_inst (SystolicArrayCore_IDTYPE_WDTYPE_ODTYPE_16_16_run_accumulation_buffer_rsc_0_1_i_1)    2.242   14.422 2.19e+03   18.849   0.2
            SystolicArrayCore_IDTYPE_WDTYPE_ODTYPE_16_16_run_accumulation_buffer_rsc_0_1_i_1_accumulation_buffer_rsc_0_1_wait_dp_inst (SystolicArrayCore_IDTYPE_WDTYPE_ODTYPE_16_16_run_accumulation_buffer_rsc_0_1_i_1_accumulation_buffer_rsc_0_1_wait_dp)    2.242   14.422 2.07e+03   18.735   0.2
            SystolicArrayCore_IDTYPE_WDTYPE_ODTYPE_16_16_run_accumulation_buffer_rsc_0_1_i_1_accumulation_buffer_rsc_0_1_wait_ctrl_inst (SystolicArrayCore_IDTYPE_WDTYPE_ODTYPE_16_16_run_accumulation_buffer_rsc_0_1_i_1_accumulation_buffer_rsc_0_1_wait_ctrl) 4.93e-05 8.01e-05  113.715    0.114   0.0
          SystolicArrayCore_IDTYPE_WDTYPE_ODTYPE_16_16_run_accumulation_buffer_rsc_0_0_i_1_inst (SystolicArrayCore_IDTYPE_WDTYPE_ODTYPE_16_16_run_accumulation_buffer_rsc_0_0_i_1)    2.509   14.469 2.20e+03   19.174   0.2
            SystolicArrayCore_IDTYPE_WDTYPE_ODTYPE_16_16_run_accumulation_buffer_rsc_0_0_i_1_accumulation_buffer_rsc_0_0_wait_dp_inst (SystolicArrayCore_IDTYPE_WDTYPE_ODTYPE_16_16_run_accumulation_buffer_rsc_0_0_i_1_accumulation_buffer_rsc_0_0_wait_dp)    2.311   14.446 2.07e+03   18.828   0.2
            SystolicArrayCore_IDTYPE_WDTYPE_ODTYPE_16_16_run_accumulation_buffer_rsc_0_0_i_1_accumulation_buffer_rsc_0_0_wait_ctrl_inst (SystolicArrayCore_IDTYPE_WDTYPE_ODTYPE_16_16_run_accumulation_buffer_rsc_0_0_i_1_accumulation_buffer_rsc_0_0_wait_ctrl) 4.97e-05 1.07e-04  113.715    0.114   0.0
          SystolicArrayCore_IDTYPE_WDTYPE_ODTYPE_16_16_run_loopIndicesIn_rsci_inst (SystolicArrayCore_IDTYPE_WDTYPE_ODTYPE_16_16_run_loopIndicesIn_rsci)    6.638   36.425 6.13e+03   49.191   0.6
            SystolicArrayCore_IDTYPE_WDTYPE_ODTYPE_16_16_run_loopIndicesIn_rsci_loopIndicesIn_wait_dp_inst (SystolicArrayCore_IDTYPE_WDTYPE_ODTYPE_16_16_run_loopIndicesIn_rsci_loopIndicesIn_wait_dp)    6.413   36.347 5.40e+03   48.162   0.6
            SystolicArrayCore_IDTYPE_WDTYPE_ODTYPE_16_16_run_loopIndicesIn_rsci_loopIndicesIn_wait_ctrl_inst (SystolicArrayCore_IDTYPE_WDTYPE_ODTYPE_16_16_run_loopIndicesIn_rsci_loopIndicesIn_wait_ctrl) 3.92e-02 3.27e-02   78.166    0.150   0.0
            loopIndicesIn_rsci (ccs_in_wait_v1_rscid104_width48) 7.16e-03 2.19e-02  636.497    0.666   0.0
          SystolicArrayCore_IDTYPE_WDTYPE_ODTYPE_16_16_run_paramsIn_rsci_inst (SystolicArrayCore_IDTYPE_WDTYPE_ODTYPE_16_16_run_paramsIn_rsci)   11.160   58.642 1.01e+04   79.883   1.0
            SystolicArrayCore_IDTYPE_WDTYPE_ODTYPE_16_16_run_paramsIn_rsci_paramsIn_wait_dp_inst (SystolicArrayCore_IDTYPE_WDTYPE_ODTYPE_16_16_run_paramsIn_rsci_paramsIn_wait_dp)   10.856   58.488 8.95e+03   78.297   1.0
            SystolicArrayCore_IDTYPE_WDTYPE_ODTYPE_16_16_run_paramsIn_rsci_paramsIn_wait_ctrl_inst (SystolicArrayCore_IDTYPE_WDTYPE_ODTYPE_16_16_run_paramsIn_rsci_paramsIn_wait_ctrl) 2.33e-02 3.32e-02   78.166    0.135   0.0
            paramsIn_rsci (ccs_in_wait_v1_rscid103_width144) 5.31e-02 9.79e-02 1.04e+03    1.189   0.0
          SystolicArrayCore_IDTYPE_WDTYPE_ODTYPE_16_16_run_output_rsci_inst (SystolicArrayCore_IDTYPE_WDTYPE_ODTYPE_16_16_run_output_rsci) 1.84e-02    0.737 3.49e+03    4.246   0.1
            SystolicArrayCore_IDTYPE_WDTYPE_ODTYPE_16_16_run_output_rsci_output_wait_dp_inst (SystolicArrayCore_IDTYPE_WDTYPE_ODTYPE_16_16_run_output_rsci_output_wait_dp)    0.000    0.717  122.338    0.839   0.0
            SystolicArrayCore_IDTYPE_WDTYPE_ODTYPE_16_16_run_output_rsci_output_wait_ctrl_inst (SystolicArrayCore_IDTYPE_WDTYPE_ODTYPE_16_16_run_output_rsci_output_wait_ctrl) 5.79e-05 4.63e-05   77.744 7.78e-02   0.0
            output_rsci (ccs_out_wait_v1_rscid102_width256) 1.83e-02 1.96e-02 3.29e+03    3.329   0.0
          SystolicArrayCore_IDTYPE_WDTYPE_ODTYPE_16_16_run_weight_rsci_inst (SystolicArrayCore_IDTYPE_WDTYPE_ODTYPE_16_16_run_weight_rsci)   17.231   93.539 1.59e+04  126.669   1.6
            SystolicArrayCore_IDTYPE_WDTYPE_ODTYPE_16_16_run_weight_rsci_weight_wait_dp_inst (SystolicArrayCore_IDTYPE_WDTYPE_ODTYPE_16_16_run_weight_rsci_weight_wait_dp)   17.226   93.535 1.41e+04  124.864   1.6
            SystolicArrayCore_IDTYPE_WDTYPE_ODTYPE_16_16_run_weight_rsci_weight_wait_ctrl_inst (SystolicArrayCore_IDTYPE_WDTYPE_ODTYPE_16_16_run_weight_rsci_weight_wait_ctrl) 3.76e-03 2.34e-03   73.156 7.93e-02   0.0
            weight_rsci (ccs_in_wait_v1_rscid101_width128) 4.44e-04 1.55e-03 1.66e+03    1.661   0.0
          SystolicArrayCore_IDTYPE_WDTYPE_ODTYPE_16_16_run_input_rsci_inst (SystolicArrayCore_IDTYPE_WDTYPE_ODTYPE_16_16_run_input_rsci)   17.172   93.515 1.58e+04  126.492   1.6
            SystolicArrayCore_IDTYPE_WDTYPE_ODTYPE_16_16_run_input_rsci_input_wait_dp_inst (SystolicArrayCore_IDTYPE_WDTYPE_ODTYPE_16_16_run_input_rsci_input_wait_dp)   17.164   93.511 1.41e+04  124.749   1.6
            SystolicArrayCore_IDTYPE_WDTYPE_ODTYPE_16_16_run_input_rsci_input_wait_ctrl_inst (SystolicArrayCore_IDTYPE_WDTYPE_ODTYPE_16_16_run_input_rsci_input_wait_ctrl) 6.67e-03 2.28e-03   73.156 8.21e-02   0.0
            input_rsci (ccs_in_wait_v1_rscid100_width128) 4.81e-04 1.55e-03 1.66e+03    1.661   0.0
          input_fifo_0_run_cmp (Fifo_IDTYPE_1)    0.000    0.576  883.420    1.459   0.0
            Fifo_IDTYPE_1_run_inst (Fifo_IDTYPE_1_run)    0.000    0.576  883.420    1.459   0.0
              output_rsci (mgc_out_dreg_v2_rscid7_width8)    0.000    0.000  102.107    0.102   0.0
              input_rsci (ccs_in_v1_rscid6_width8)    0.000    0.000  102.107    0.102   0.0
          accum_fifo_0_run_cmp (Fifo_ODTYPE_1)    0.402    1.745 1.77e+03    3.916   0.0
            Fifo_ODTYPE_1_run_inst (Fifo_ODTYPE_1_run)    0.402    1.745 1.77e+03    3.916   0.0
              output_rsci (mgc_out_dreg_v2_rscid54_width16) 2.26e-02 1.59e-02  202.977    0.241   0.0
              input_rsci (ccs_in_v1_rscid53_width16)    0.167    0.306  179.424    0.653   0.0
          pe_0_0_run_cmp (ProcessingElement_IDTYPE_ODTYPE)    0.488    0.957 9.55e+03   10.990   0.1
            ProcessingElement_IDTYPE_ODTYPE_run_inst (ProcessingElement_IDTYPE_ODTYPE_run)    0.481    0.956 9.44e+03   10.881   0.1
              DP_OP_3J12_125_1785 (ProcessingElement_IDTYPE_ODTYPE_run_DP_OP_3J12_125_1785_J12_0)    0.111    0.206 6.58e+03    6.901   0.1
              psum_out_rsci (mgc_out_dreg_v2_rscid5_width16) 3.22e-04 1.03e-03  204.206    0.206   0.0
              input_out_rsci (mgc_out_dreg_v2_rscid4_width8) 4.95e-05 1.58e-04  102.106    0.102   0.0
              weight_rsci (ccs_in_v1_rscid3_width8)    0.000    0.000  102.107    0.102   0.0
              psum_in_rsci (ccs_in_v1_rscid2_width16) 4.09e-02 2.85e-02  203.083    0.273   0.0
              input_in_rsci (ccs_in_v1_rscid1_width8) 1.37e-03 1.75e-04  102.106    0.104   0.0
          input_fifo_1_rsci (Fifo_IDTYPE_2) 4.08e-03    1.154 1.60e+03    2.753   0.0
            Fifo_IDTYPE_2_run_inst (Fifo_IDTYPE_2_run) 4.08e-03    1.154 1.60e+03    2.753   0.0
              ccs_ccore_start_rsci (ccs_in_v1_rscid147_width1) 4.08e-03 1.84e-03   12.624 1.85e-02   0.0
              output_rsci (mgc_out_dreg_v2_rscid9_width8)    0.000    0.000  102.107    0.102   0.0
              input_rsci (ccs_in_v1_rscid8_width8)    0.000    0.000  102.107    0.102   0.0
          input_fifo_2_rsci (Fifo_IDTYPE_3)    0.204    1.180 2.22e+03    3.609   0.0
            Fifo_IDTYPE_3_run_inst (Fifo_IDTYPE_3_run)    0.204    1.180 2.22e+03    3.609   0.0
              ccs_ccore_start_rsci (ccs_in_v1_rscid146_width1) 5.38e-03 1.84e-03   12.624 1.98e-02   0.0
              output_rsci (mgc_out_dreg_v2_rscid12_width8)    0.000    0.000  102.107    0.102   0.0
              input_rsci (ccs_in_v1_rscid11_width8) 5.12e-05 9.40e-05  102.106    0.102   0.0
          input_fifo_3_rsci (Fifo_IDTYPE_4)    0.238    1.184 2.84e+03    4.265   0.1
            Fifo_IDTYPE_4_run_inst (Fifo_IDTYPE_4_run)    0.238    1.184 2.84e+03    4.265   0.1
              ccs_ccore_start_rsci (ccs_in_v1_rscid145_width1) 5.25e-03 1.84e-03   12.624 1.97e-02   0.0
              output_rsci (mgc_out_dreg_v2_rscid15_width8)    0.000    0.000  102.107    0.102   0.0
              input_rsci (ccs_in_v1_rscid14_width8) 5.34e-05 9.43e-05  102.106    0.102   0.0
          input_fifo_4_rsci (Fifo_IDTYPE_5)    0.485    1.232 3.48e+03    5.200   0.1
            Fifo_IDTYPE_5_run_inst (Fifo_IDTYPE_5_run)    0.256    1.207 3.47e+03    4.936   0.1
              ccs_ccore_start_rsci (ccs_in_v1_rscid144_width1) 5.75e-03 1.84e-03   12.624 2.02e-02   0.0
              output_rsci (mgc_out_dreg_v2_rscid18_width8)    0.000    0.000  102.107    0.102   0.0
              input_rsci (ccs_in_v1_rscid17_width8)    0.000    0.000  102.107    0.102   0.0
          input_fifo_5_rsci (Fifo_IDTYPE_6)    0.575    1.255 4.11e+03    5.943   0.1
            Fifo_IDTYPE_6_run_inst (Fifo_IDTYPE_6_run)    0.575    1.255 4.11e+03    5.943   0.1
              ccs_ccore_start_rsci (ccs_in_v1_rscid143_width1) 6.06e-03 1.84e-03   12.624 2.05e-02   0.0
              output_rsci (mgc_out_dreg_v2_rscid21_width8)    0.000    0.000  102.107    0.102   0.0
              input_rsci (ccs_in_v1_rscid20_width8) 5.47e-05 9.45e-05  102.106    0.102   0.0
          input_fifo_6_rsci (Fifo_IDTYPE_7)    0.671    1.259 4.73e+03    6.660   0.1
            Fifo_IDTYPE_7_run_inst (Fifo_IDTYPE_7_run)    0.671    1.259 4.73e+03    6.660   0.1
              ccs_ccore_start_rsci (ccs_in_v1_rscid142_width1) 6.37e-03 1.84e-03   12.624 2.08e-02   0.0
              output_rsci (mgc_out_dreg_v2_rscid24_width8)    0.000    0.000  102.107    0.102   0.0
              input_rsci (ccs_in_v1_rscid23_width8)    0.000    0.000  102.107    0.102   0.0
          input_fifo_7_rsci (Fifo_IDTYPE_8)    0.824    1.265 5.35e+03    7.438   0.1
            Fifo_IDTYPE_8_run_inst (Fifo_IDTYPE_8_run)    0.663    1.240 5.34e+03    7.241   0.1
              ccs_ccore_start_rsci (ccs_in_v1_rscid141_width1) 1.57e-03 1.66e-03   12.624 1.59e-02   0.0
              output_rsci (mgc_out_dreg_v2_rscid27_width8)    0.000    0.000  102.107    0.102   0.0
              input_rsci (ccs_in_v1_rscid26_width8)    0.000    0.000  102.107    0.102   0.0
          input_fifo_8_rsci (Fifo_IDTYPE_9)    0.870    1.268 5.98e+03    8.118   0.1
            Fifo_IDTYPE_9_run_inst (Fifo_IDTYPE_9_run)    0.870    1.268 5.98e+03    8.118   0.1
              ccs_ccore_start_rsci (ccs_in_v1_rscid140_width1) 1.60e-03 1.66e-03   12.624 1.59e-02   0.0
              output_rsci (mgc_out_dreg_v2_rscid30_width8)    0.000    0.000  102.107    0.102   0.0
              input_rsci (ccs_in_v1_rscid29_width8)    0.000    0.000  102.107    0.102   0.0
          input_fifo_9_rsci (Fifo_IDTYPE_10)    0.968    1.292 6.61e+03    8.869   0.1
            Fifo_IDTYPE_10_run_inst (Fifo_IDTYPE_10_run)    0.968    1.292 6.61e+03    8.869   0.1
              ccs_ccore_start_rsci (ccs_in_v1_rscid139_width1) 1.98e-03 1.68e-03   12.624 1.63e-02   0.0
              output_rsci (mgc_out_dreg_v2_rscid33_width8)    0.000    0.000  102.107    0.102   0.0
              input_rsci (ccs_in_v1_rscid32_width8)    0.000    0.000  102.107    0.102   0.0
          input_fifo_10_rsci (Fifo_IDTYPE_11)    0.889    1.301 7.23e+03    9.417   0.1
            Fifo_IDTYPE_11_run_inst (Fifo_IDTYPE_11_run)    0.889    1.301 7.23e+03    9.417   0.1
              ccs_ccore_start_rsci (ccs_in_v1_rscid138_width1) 2.62e-03 1.69e-03   12.624 1.69e-02   0.0
              output_rsci (mgc_out_dreg_v2_rscid36_width8)    0.000    0.000  102.107    0.102   0.0
              input_rsci (ccs_in_v1_rscid35_width8)    0.000    0.000  102.107    0.102   0.0
          input_fifo_11_rsci (Fifo_IDTYPE_12)    1.143    1.321 7.86e+03   10.321   0.1
            Fifo_IDTYPE_12_run_inst (Fifo_IDTYPE_12_run)    1.143    1.321 7.86e+03   10.321   0.1
              ccs_ccore_start_rsci (ccs_in_v1_rscid137_width1) 6.05e-03 1.84e-03   12.624 2.05e-02   0.0
              output_rsci (mgc_out_dreg_v2_rscid39_width8)    0.000    0.000  102.107    0.102   0.0
              input_rsci (ccs_in_v1_rscid38_width8) 1.34e-04 9.78e-05  102.106    0.102   0.0
          input_fifo_12_rsci (Fifo_IDTYPE_13)    1.201    1.348 8.47e+03   11.022   0.1
            Fifo_IDTYPE_13_run_inst (Fifo_IDTYPE_13_run)    1.201    1.348 8.47e+03   11.022   0.1
              ccs_ccore_start_rsci (ccs_in_v1_rscid136_width1) 1.25e-03 1.65e-03   12.624 1.55e-02   0.0
              output_rsci (mgc_out_dreg_v2_rscid42_width8)    0.000    0.000  102.107    0.102   0.0
              input_rsci (ccs_in_v1_rscid41_width8)    0.000    0.000  102.107    0.102   0.0
          input_fifo_13_rsci (Fifo_IDTYPE_14)    1.337    1.370 9.10e+03   11.809   0.1
            Fifo_IDTYPE_14_run_inst (Fifo_IDTYPE_14_run)    1.337    1.370 9.10e+03   11.809   0.1
              ccs_ccore_start_rsci (ccs_in_v1_rscid135_width1) 6.21e-03 1.84e-03   12.624 2.07e-02   0.0
              output_rsci (mgc_out_dreg_v2_rscid45_width8)    0.000    0.000  102.107    0.102   0.0
              input_rsci (ccs_in_v1_rscid44_width8)    0.000    0.000  102.107    0.102   0.0
          input_fifo_14_rsci (Fifo_IDTYPE_15)    1.313    1.356 9.71e+03   12.378   0.2
            Fifo_IDTYPE_15_run_inst (Fifo_IDTYPE_15_run)    1.313    1.356 9.71e+03   12.378   0.2
              ccs_ccore_start_rsci (ccs_in_v1_rscid134_width1) 5.79e-03 1.84e-03   12.624 2.02e-02   0.0
              output_rsci (mgc_out_dreg_v2_rscid48_width8)    0.000    0.000  102.107    0.102   0.0
              input_rsci (ccs_in_v1_rscid47_width8)    0.000    0.000  102.107    0.102   0.0
          input_fifo_15_rsci (Fifo_IDTYPE_16)    1.542    1.379 1.04e+04   13.272   0.2
            Fifo_IDTYPE_16_run_inst (Fifo_IDTYPE_16_run)    1.542    1.379 1.04e+04   13.272   0.2
              ccs_ccore_start_rsci (ccs_in_v1_rscid133_width1) 2.06e-03 1.68e-03   12.624 1.64e-02   0.0
              output_rsci (mgc_out_dreg_v2_rscid51_width8)    0.000    0.000  102.107    0.102   0.0
              input_rsci (ccs_in_v1_rscid50_width8)    0.000    0.000  102.107    0.102   0.0
          output_fifo_14_rsci (Fifo_ODTYPE_2_0)    0.417    2.303 3.10e+03    5.824   0.1
            Fifo_ODTYPE_2_run_inst (Fifo_ODTYPE_2_run_0)    0.417    2.303 3.10e+03    5.824   0.1
              ccs_ccore_start_rsci (ccs_in_v1_rscid131_width1_0) 2.17e-03 1.86e-03   12.749 1.68e-02   0.0
              output_rsci (mgc_out_dreg_v2_rscid56_width16_0)    0.000    0.000  204.215    0.204   0.0
              input_rsci (ccs_in_v1_rscid55_width16_0)    0.169    0.307  179.426    0.655   0.0
          accum_fifo_1_rsci (Fifo_ODTYPE_2_1)    0.387    2.081 3.09e+03    5.554   0.1
            Fifo_ODTYPE_2_run_inst (Fifo_ODTYPE_2_run_1)    0.387    2.081 3.09e+03    5.554   0.1
              ccs_ccore_start_rsci (ccs_in_v1_rscid131_width1_1)    0.000    0.000   12.763 1.28e-02   0.0
              output_rsci (mgc_out_dreg_v2_rscid56_width16_1)    0.000    0.000  204.215    0.204   0.0
              input_rsci (ccs_in_v1_rscid55_width16_1)    0.155    0.301  191.450    0.648   0.0
          output_fifo_13_rsci (Fifo_ODTYPE_3_0)    0.762    2.434 4.37e+03    7.569   0.1
            Fifo_ODTYPE_3_run_inst (Fifo_ODTYPE_3_run_0)    0.762    2.434 4.37e+03    7.569   0.1
              ccs_ccore_start_rsci (ccs_in_v1_rscid130_width1_0) 1.35e-03 1.99e-03   12.749 1.61e-02   0.0
              output_rsci (mgc_out_dreg_v2_rscid59_width16_0)    0.000    0.000  204.215    0.204   0.0
              input_rsci (ccs_in_v1_rscid58_width16_0)    0.151    0.308  179.426    0.638   0.0
          accum_fifo_2_rsci (Fifo_ODTYPE_3_1)    0.618    2.106 4.32e+03    7.044   0.1
            Fifo_ODTYPE_3_run_inst (Fifo_ODTYPE_3_run_1)    0.618    2.106 4.32e+03    7.044   0.1
              ccs_ccore_start_rsci (ccs_in_v1_rscid130_width1_1)    0.000    0.000   12.763 1.28e-02   0.0
              output_rsci (mgc_out_dreg_v2_rscid59_width16_1)    0.000    0.000  204.215    0.204   0.0
              input_rsci (ccs_in_v1_rscid58_width16_1)    0.167    0.301  191.474    0.659   0.0
          output_fifo_12_rsci (Fifo_ODTYPE_4_0)    1.014    2.503 5.61e+03    9.126   0.1
            Fifo_ODTYPE_4_run_inst (Fifo_ODTYPE_4_run_0)    1.014    2.503 5.61e+03    9.126   0.1
              ccs_ccore_start_rsci (ccs_in_v1_rscid129_width1_0) 2.19e-03 1.86e-03   12.749 1.68e-02   0.0
              output_rsci (mgc_out_dreg_v2_rscid62_width16_0)    0.000    0.000  204.215    0.204   0.0
              input_rsci (ccs_in_v1_rscid61_width16_0)    0.191    0.316  179.426    0.687   0.0
          accum_fifo_3_rsci (Fifo_ODTYPE_4_1)    0.814    2.135 5.58e+03    8.529   0.1
            Fifo_ODTYPE_4_run_inst (Fifo_ODTYPE_4_run_1)    0.814    2.135 5.58e+03    8.529   0.1
              ccs_ccore_start_rsci (ccs_in_v1_rscid129_width1_1)    0.000    0.000   12.763 1.28e-02   0.0
              output_rsci (mgc_out_dreg_v2_rscid62_width16_1)    0.000    0.000  204.215    0.204   0.0
              input_rsci (ccs_in_v1_rscid61_width16_1)    0.180    0.301  191.591    0.673   0.0
          output_fifo_11_rsci (Fifo_ODTYPE_5_0)    1.227    2.577 6.86e+03   10.661   0.1
            Fifo_ODTYPE_5_run_inst (Fifo_ODTYPE_5_run_0)    1.227    2.577 6.86e+03   10.661   0.1
              ccs_ccore_start_rsci (ccs_in_v1_rscid128_width1_0) 7.98e-04 1.94e-03   12.749 1.55e-02   0.0
              output_rsci (mgc_out_dreg_v2_rscid65_width16_0)    0.000    0.000  204.215    0.204   0.0
              input_rsci (ccs_in_v1_rscid64_width16_0)    0.196    0.309  179.426    0.685   0.0
          accum_fifo_4_rsci (Fifo_ODTYPE_5_1)    1.148    2.188 6.83e+03   10.162   0.1
            Fifo_ODTYPE_5_run_inst (Fifo_ODTYPE_5_run_1)    1.148    2.188 6.83e+03   10.162   0.1
              ccs_ccore_start_rsci (ccs_in_v1_rscid128_width1_1)    0.000    0.000   12.763 1.28e-02   0.0
              output_rsci (mgc_out_dreg_v2_rscid65_width16_1)    0.000    0.000  204.215    0.204   0.0
              input_rsci (ccs_in_v1_rscid64_width16_1)    0.164    0.299  191.475    0.655   0.0
          output_fifo_10_rsci (Fifo_ODTYPE_6_0)    1.350    2.678 8.12e+03   12.145   0.2
            Fifo_ODTYPE_6_run_inst (Fifo_ODTYPE_6_run_0)    1.350    2.678 8.12e+03   12.145   0.2
              ccs_ccore_start_rsci (ccs_in_v1_rscid127_width1_0) 7.91e-04 1.94e-03   12.749 1.55e-02   0.0
              output_rsci (mgc_out_dreg_v2_rscid68_width16_0)    0.000    0.000  204.215    0.204   0.0
              input_rsci (ccs_in_v1_rscid67_width16_0)    0.154    0.305  179.426    0.639   0.0
          accum_fifo_5_rsci (Fifo_ODTYPE_6_1)    1.156    2.195 8.07e+03   11.426   0.1
            Fifo_ODTYPE_6_run_inst (Fifo_ODTYPE_6_run_1)    1.156    2.195 8.07e+03   11.426   0.1
              ccs_ccore_start_rsci (ccs_in_v1_rscid127_width1_1)    0.000    0.000   12.763 1.28e-02   0.0
              output_rsci (mgc_out_dreg_v2_rscid68_width16_1)    0.000    0.000  204.215    0.204   0.0
              input_rsci (ccs_in_v1_rscid67_width16_1)    0.145    0.298  191.524    0.634   0.0
          output_fifo_9_rsci (Fifo_ODTYPE_7_0)    1.704    2.753 9.37e+03   13.822   0.2
            Fifo_ODTYPE_7_run_inst (Fifo_ODTYPE_7_run_0)    1.704    2.753 9.37e+03   13.822   0.2
              ccs_ccore_start_rsci (ccs_in_v1_rscid126_width1_0) 2.83e-03 1.87e-03   12.749 1.74e-02   0.0
              output_rsci (mgc_out_dreg_v2_rscid71_width16_0)    0.000    0.000  204.215    0.204   0.0
              input_rsci (ccs_in_v1_rscid70_width16_0)    0.273    0.322  179.426    0.774   0.0
          accum_fifo_6_rsci (Fifo_ODTYPE_7_1)    1.496    2.241 9.33e+03   13.070   0.2
            Fifo_ODTYPE_7_run_inst (Fifo_ODTYPE_7_run_1)    1.496    2.241 9.33e+03   13.070   0.2
              ccs_ccore_start_rsci (ccs_in_v1_rscid126_width1_1)    0.000    0.000   12.763 1.28e-02   0.0
              output_rsci (mgc_out_dreg_v2_rscid71_width16_1)    0.000    0.000  204.215    0.204   0.0
              input_rsci (ccs_in_v1_rscid70_width16_1)    0.157    0.299  191.699    0.648   0.0
          output_fifo_8_rsci (Fifo_ODTYPE_8_0)    1.644    1.811 1.05e+04   14.001   0.2
            Fifo_ODTYPE_8_run_inst (Fifo_ODTYPE_8_run_0)    1.644    1.811 1.05e+04   14.001   0.2
              ccs_ccore_start_rsci (ccs_in_v1_rscid125_width1_0) 2.85e-03 1.87e-03   12.749 1.75e-02   0.0
              output_rsci (mgc_out_dreg_v2_rscid74_width16_0)    0.000    0.000  204.215    0.204   0.0
              input_rsci (ccs_in_v1_rscid73_width16_0)    0.000    0.000  204.215    0.204   0.0
          accum_fifo_7_rsci (Fifo_ODTYPE_8_1)    1.830    2.274 1.06e+04   14.685   0.2
            Fifo_ODTYPE_8_run_inst (Fifo_ODTYPE_8_run_1)    1.633    2.252 1.06e+04   14.455   0.2
              ccs_ccore_start_rsci (ccs_in_v1_rscid125_width1_1)    0.000    0.000   12.763 1.28e-02   0.0
              output_rsci (mgc_out_dreg_v2_rscid74_width16_1)    0.000    0.000  204.215    0.204   0.0
              input_rsci (ccs_in_v1_rscid73_width16_1)    0.156    0.300  191.530    0.647   0.0
          output_fifo_7_rsci (Fifo_ODTYPE_9_0)    1.940    2.894 1.18e+04   16.682   0.2
            Fifo_ODTYPE_9_run_inst (Fifo_ODTYPE_9_run_0)    1.940    2.894 1.18e+04   16.682   0.2
              ccs_ccore_start_rsci (ccs_in_v1_rscid124_width1_0) 9.90e-04 1.97e-03   12.749 1.57e-02   0.0
              output_rsci (mgc_out_dreg_v2_rscid77_width16_0)    0.000    0.000  204.215    0.204   0.0
              input_rsci (ccs_in_v1_rscid76_width16_0)    0.178    0.320  179.426    0.677   0.0
          accum_fifo_8_rsci (Fifo_ODTYPE_9_1)    1.837    2.290 1.18e+04   15.932   0.2
            Fifo_ODTYPE_9_run_inst (Fifo_ODTYPE_9_run_1)    1.837    2.290 1.18e+04   15.932   0.2
              ccs_ccore_start_rsci (ccs_in_v1_rscid124_width1_1)    0.000    0.000   12.763 1.28e-02   0.0
              output_rsci (mgc_out_dreg_v2_rscid77_width16_1)    0.000    0.000  204.215    0.204   0.0
              input_rsci (ccs_in_v1_rscid76_width16_1)    0.155    0.300  191.492    0.646   0.0
          output_fifo_6_rsci (Fifo_ODTYPE_10_0)    2.255    3.028 1.31e+04   18.390   0.2
            Fifo_ODTYPE_10_run_inst (Fifo_ODTYPE_10_run_0)    2.255    3.028 1.31e+04   18.390   0.2
              ccs_ccore_start_rsci (ccs_in_v1_rscid123_width1_0) 2.03e-03 1.84e-03   12.749 1.66e-02   0.0
              output_rsci (mgc_out_dreg_v2_rscid80_width16_0)    0.000    0.000  204.215    0.204   0.0
              input_rsci (ccs_in_v1_rscid79_width16_0)    0.259    0.326  179.426    0.765   0.0
          accum_fifo_9_rsci (Fifo_ODTYPE_10_1)    2.069    2.327 1.31e+04   17.459   0.2
            Fifo_ODTYPE_10_run_inst (Fifo_ODTYPE_10_run_1)    2.069    2.327 1.31e+04   17.459   0.2
              ccs_ccore_start_rsci (ccs_in_v1_rscid123_width1_1)    0.000    0.000   12.763 1.28e-02   0.0
              output_rsci (mgc_out_dreg_v2_rscid80_width16_1)    0.000    0.000  204.215    0.204   0.0
              input_rsci (ccs_in_v1_rscid79_width16_1)    0.145    0.298  191.481    0.634   0.0
          output_fifo_5_rsci (Fifo_ODTYPE_11_0)    2.523    3.085 1.43e+04   19.950   0.3
            Fifo_ODTYPE_11_run_inst (Fifo_ODTYPE_11_run_0)    2.523    3.085 1.43e+04   19.950   0.3
              ccs_ccore_start_rsci (ccs_in_v1_rscid122_width1_0) 2.35e-03 1.85e-03   12.749 1.70e-02   0.0
              output_rsci (mgc_out_dreg_v2_rscid83_width16_0)    0.000    0.000  204.215    0.204   0.0
              input_rsci (ccs_in_v1_rscid82_width16_0)    0.303    0.327  179.426    0.809   0.0
          accum_fifo_10_rsci (Fifo_ODTYPE_11_1)    2.204    2.394 1.43e+04   18.920   0.2
            Fifo_ODTYPE_11_run_inst (Fifo_ODTYPE_11_run_1)    2.204    2.394 1.43e+04   18.920   0.2
              ccs_ccore_start_rsci (ccs_in_v1_rscid122_width1_1)    0.000    0.000   12.763 1.28e-02   0.0
              output_rsci (mgc_out_dreg_v2_rscid83_width16_1)    0.000    0.000  204.215    0.204   0.0
              input_rsci (ccs_in_v1_rscid82_width16_1)    0.157    0.299  191.515    0.648   0.0
          output_fifo_4_rsci (Fifo_ODTYPE_12_0)    2.960    3.208 1.56e+04   21.782   0.3
            Fifo_ODTYPE_12_run_inst (Fifo_ODTYPE_12_run_0)    2.665    3.187 1.56e+04   21.455   0.3
              ccs_ccore_start_rsci (ccs_in_v1_rscid121_width1_0) 3.09e-03 1.86e-03   12.749 1.77e-02   0.0
              output_rsci (mgc_out_dreg_v2_rscid86_width16_0)    0.000    0.000  204.215    0.204   0.0
              input_rsci (ccs_in_v1_rscid85_width16_0)    0.358    0.326  179.426    0.863   0.0
          accum_fifo_11_rsci (Fifo_ODTYPE_12_1)    2.494    2.408 1.56e+04   20.471   0.3
            Fifo_ODTYPE_12_run_inst (Fifo_ODTYPE_12_run_1)    2.494    2.408 1.56e+04   20.471   0.3
              ccs_ccore_start_rsci (ccs_in_v1_rscid121_width1_1)    0.000    0.000   12.763 1.28e-02   0.0
              output_rsci (mgc_out_dreg_v2_rscid86_width16_1)    0.000    0.000  204.215    0.204   0.0
              input_rsci (ccs_in_v1_rscid85_width16_1)    0.193    0.302  191.494    0.687   0.0
          output_fifo_3_rsci (Fifo_ODTYPE_13_0)    2.865    3.279 1.68e+04   22.993   0.3
            Fifo_ODTYPE_13_run_inst (Fifo_ODTYPE_13_run_0)    2.865    3.279 1.68e+04   22.993   0.3
              ccs_ccore_start_rsci (ccs_in_v1_rscid120_width1_0) 3.24e-03 1.87e-03   12.749 1.79e-02   0.0
              output_rsci (mgc_out_dreg_v2_rscid89_width16_0)    0.000    0.000  204.215    0.204   0.0
              input_rsci (ccs_in_v1_rscid88_width16_0)    0.272    0.330  179.426    0.781   0.0
          accum_fifo_12_rsci (Fifo_ODTYPE_13_1)    2.712    2.449 1.68e+04   21.977   0.3
            Fifo_ODTYPE_13_run_inst (Fifo_ODTYPE_13_run_1)    2.712    2.449 1.68e+04   21.977   0.3
              ccs_ccore_start_rsci (ccs_in_v1_rscid120_width1_1)    0.000    0.000   12.763 1.28e-02   0.0
              output_rsci (mgc_out_dreg_v2_rscid89_width16_1)    0.000    0.000  204.215    0.204   0.0
              input_rsci (ccs_in_v1_rscid88_width16_1)    0.215    0.306  191.540    0.712   0.0
          output_fifo_2_rsci (Fifo_ODTYPE_14_0)    3.030    3.331 1.81e+04   24.458   0.3
            Fifo_ODTYPE_14_run_inst (Fifo_ODTYPE_14_run_0)    3.030    3.331 1.81e+04   24.458   0.3
              ccs_ccore_start_rsci (ccs_in_v1_rscid119_width1_0) 3.91e-03 1.88e-03   12.749 1.85e-02   0.0
              output_rsci (mgc_out_dreg_v2_rscid92_width16_0)    0.000    0.000  204.215    0.204   0.0
              input_rsci (ccs_in_v1_rscid91_width16_0)    0.200    0.311  179.426    0.690   0.0
          accum_fifo_13_rsci (Fifo_ODTYPE_14_1)    3.048    2.518 1.81e+04   23.652   0.3
            Fifo_ODTYPE_14_run_inst (Fifo_ODTYPE_14_run_1)    2.815    2.497 1.81e+04   23.387   0.3
              ccs_ccore_start_rsci (ccs_in_v1_rscid119_width1_1)    0.000    0.000   12.763 1.28e-02   0.0
              output_rsci (mgc_out_dreg_v2_rscid92_width16_1)    0.000    0.000  204.215    0.204   0.0
              input_rsci (ccs_in_v1_rscid91_width16_1)    0.217    0.303  191.479    0.712   0.0
          output_fifo_1_rsci (Fifo_ODTYPE_15_0)    3.446    3.429 1.94e+04   26.231   0.3
            Fifo_ODTYPE_15_run_inst (Fifo_ODTYPE_15_run_0)    3.446    3.429 1.94e+04   26.231   0.3
              ccs_ccore_start_rsci (ccs_in_v1_rscid118_width1_0) 4.14e-03 1.88e-03   12.749 1.88e-02   0.0
              output_rsci (mgc_out_dreg_v2_rscid95_width16_0)    0.000    0.000  204.215    0.204   0.0
              input_rsci (ccs_in_v1_rscid94_width16_0)    0.391    0.325  179.426    0.895   0.0
          accum_fifo_14_rsci (Fifo_ODTYPE_15_1)    3.120    2.484 1.93e+04   24.916   0.3
            Fifo_ODTYPE_15_run_inst (Fifo_ODTYPE_15_run_1)    3.120    2.484 1.93e+04   24.916   0.3
              ccs_ccore_start_rsci (ccs_in_v1_rscid118_width1_1)    0.000    0.000   12.763 1.28e-02   0.0
              output_rsci (mgc_out_dreg_v2_rscid95_width16_1)    0.000    0.000  204.215    0.204   0.0
              input_rsci (ccs_in_v1_rscid94_width16_1)    0.161    0.300  191.577    0.653   0.0
          output_fifo_0_rsci (Fifo_ODTYPE_16_0)    3.693    3.502 2.06e+04   27.788   0.4
            Fifo_ODTYPE_16_run_inst (Fifo_ODTYPE_16_run_0)    3.533    3.478 2.06e+04   27.593   0.3
              ccs_ccore_start_rsci (ccs_in_v1_rscid117_width1_0) 4.09e-03 1.88e-03   12.749 1.87e-02   0.0
              output_rsci (mgc_out_dreg_v2_rscid98_width16_0)    0.000    0.000  204.215    0.204   0.0
              input_rsci (ccs_in_v1_rscid97_width16_0)    0.436    0.340  179.426    0.955   0.0
          accum_fifo_15_rsci (Fifo_ODTYPE_16_1)    3.266    2.553 2.06e+04   26.377   0.3
            Fifo_ODTYPE_16_run_inst (Fifo_ODTYPE_16_run_1)    3.266    2.553 2.06e+04   26.377   0.3
              ccs_ccore_start_rsci (ccs_in_v1_rscid117_width1_1)    0.000    0.000   12.763 1.28e-02   0.0
              output_rsci (mgc_out_dreg_v2_rscid98_width16_1)    0.000    0.000  204.215    0.204   0.0
              input_rsci (ccs_in_v1_rscid97_width16_1)    0.142    0.299  191.511    0.632   0.0
        accumulation_buffer_rsc_0_15_i (SystolicArrayCore_IDTYPE_WDTYPE_ODTYPE_16_16_sram_512_128_sram_512_128_rwport_164_16_12_256_16_gen)    0.285    0.344  209.729    0.839   0.0
        accumulation_buffer_rsc_0_14_i (SystolicArrayCore_IDTYPE_WDTYPE_ODTYPE_16_16_sram_512_128_sram_512_128_rwport_163_16_12_256_16_gen)    0.298    0.345  209.729    0.852   0.0
        accumulation_buffer_rsc_0_13_i (SystolicArrayCore_IDTYPE_WDTYPE_ODTYPE_16_16_sram_512_128_sram_512_128_rwport_162_16_12_256_16_gen)    0.247    0.342  209.729    0.799   0.0
        accumulation_buffer_rsc_0_12_i (SystolicArrayCore_IDTYPE_WDTYPE_ODTYPE_16_16_sram_512_128_sram_512_128_rwport_161_16_12_256_16_gen)    0.328    0.346  209.729    0.884   0.0
        accumulation_buffer_rsc_0_11_i (SystolicArrayCore_IDTYPE_WDTYPE_ODTYPE_16_16_sram_512_128_sram_512_128_rwport_160_16_12_256_16_gen)    0.306    0.345  209.729    0.861   0.0
        accumulation_buffer_rsc_0_10_i (SystolicArrayCore_IDTYPE_WDTYPE_ODTYPE_16_16_sram_512_128_sram_512_128_rwport_159_16_12_256_16_gen)    0.275    0.343  209.729    0.828   0.0
        accumulation_buffer_rsc_0_9_i (SystolicArrayCore_IDTYPE_WDTYPE_ODTYPE_16_16_sram_512_128_sram_512_128_rwport_158_16_12_256_16_gen)    0.311    0.345  209.729    0.866   0.0
        accumulation_buffer_rsc_0_8_i (SystolicArrayCore_IDTYPE_WDTYPE_ODTYPE_16_16_sram_512_128_sram_512_128_rwport_157_16_12_256_16_gen)    0.285    0.344  209.729    0.839   0.0
        accumulation_buffer_rsc_0_7_i (SystolicArrayCore_IDTYPE_WDTYPE_ODTYPE_16_16_sram_512_128_sram_512_128_rwport_156_16_12_256_16_gen)    0.301    0.345  209.729    0.856   0.0
        accumulation_buffer_rsc_0_6_i (SystolicArrayCore_IDTYPE_WDTYPE_ODTYPE_16_16_sram_512_128_sram_512_128_rwport_155_16_12_256_16_gen)    0.305    0.345  209.729    0.859   0.0
        accumulation_buffer_rsc_0_5_i (SystolicArrayCore_IDTYPE_WDTYPE_ODTYPE_16_16_sram_512_128_sram_512_128_rwport_154_16_12_256_16_gen)    0.296    0.344  209.729    0.850   0.0
        accumulation_buffer_rsc_0_4_i (SystolicArrayCore_IDTYPE_WDTYPE_ODTYPE_16_16_sram_512_128_sram_512_128_rwport_153_16_12_256_16_gen)    0.302    0.345  209.729    0.856   0.0
        accumulation_buffer_rsc_0_3_i (SystolicArrayCore_IDTYPE_WDTYPE_ODTYPE_16_16_sram_512_128_sram_512_128_rwport_152_16_12_256_16_gen)    0.272    0.343  209.729    0.825   0.0
        accumulation_buffer_rsc_0_2_i (SystolicArrayCore_IDTYPE_WDTYPE_ODTYPE_16_16_sram_512_128_sram_512_128_rwport_151_16_12_256_16_gen)    0.250    0.342  209.729    0.802   0.0
        accumulation_buffer_rsc_0_1_i (SystolicArrayCore_IDTYPE_WDTYPE_ODTYPE_16_16_sram_512_128_sram_512_128_rwport_150_16_12_256_16_gen)    0.286    0.344  209.729    0.840   0.0
        accumulation_buffer_rsc_0_0_i (SystolicArrayCore_IDTYPE_WDTYPE_ODTYPE_16_16_sram_512_128_sram_512_128_rwport_149_16_12_256_16_gen)    0.298    0.345  209.729    0.852   0.0
    loopIndicesChannel_cns_pipe (ccs_pipe_v5_rscid164_width48_sz_width1_fifo_sz3_log2_sz2_ph_clk1_ph_en0_ph_arst0_ph_srst0)    2.113    5.340 2.24e+04   29.887   0.4
      FIFO (ccs_fifo_wait_core_v5_rscid164_width48_sz_width1_fifo_sz3_ph_clk1_ph_en0_ph_arst0_ph_srst0_ph_log22)    1.860    5.318 2.24e+04   29.602   0.4
        FIFO_REG_GEN_REGS_0__BUFREG (ccs_genreg_v1_48_1_0_0_0_1_0)    0.606    0.851 5.74e+03    7.198   0.1
        FIFO_REG_GEN_REGS_0__STATREG (ccs_genreg_v1_1_1_0_0_0_1_4) 2.77e-03    0.724  130.346    0.857   0.0
        FIFO_REG_GEN_REGS_1__BUFREG (ccs_genreg_v1_48_1_0_0_0_1_1)    0.592    0.846 5.74e+03    7.180   0.1
        FIFO_REG_GEN_REGS_1__STATREG (ccs_genreg_v1_1_1_0_0_0_1_5) 5.19e-03    0.723  130.473    0.858   0.0
        FIFO_REG_GEN_REGS_2__BUFREG (ccs_genreg_v1_48_1_0_0_0_1_2)    0.424    0.841 5.73e+03    6.996   0.1
        FIFO_REG_GEN_REGS_2__STATREG (ccs_genreg_v1_1_1_0_0_0_1_6) 4.88e-03    0.720  130.614    0.856   0.0
        FIFO_REG_HS_INIT_REG (ccs_genreg_v1_1_1_1_0_0_0_3) 2.20e-02    0.519  105.365    0.646   0.0
    paramsChannel_cns_pipe (ccs_pipe_v5_rscid163_width144_sz_width1_fifo_sz3_log2_sz2_ph_clk1_ph_en0_ph_arst0_ph_srst0)    3.269    7.760 3.67e+04   47.708   0.6
      FIFO (ccs_fifo_wait_core_v5_rscid163_width144_sz_width1_fifo_sz3_ph_clk1_ph_en0_ph_arst0_ph_srst0_ph_log22)    3.269    7.760 3.67e+04   47.708   0.6
        FIFO_REG_GEN_REGS_0__BUFREG (ccs_genreg_v1_144_1_0_0_0_1_4)    0.961    1.506 9.53e+03   11.993   0.2
        FIFO_REG_GEN_REGS_0__STATREG (ccs_genreg_v1_1_1_0_0_0_1_7) 2.74e-03    0.724  130.346    0.857   0.0
        FIFO_REG_GEN_REGS_1__BUFREG (ccs_genreg_v1_144_1_0_0_0_1_5)    0.955    1.538 9.53e+03   12.019   0.2
        FIFO_REG_GEN_REGS_1__STATREG (ccs_genreg_v1_1_1_0_0_0_1_8) 5.23e-03    0.723  130.473    0.858   0.0
        FIFO_REG_GEN_REGS_2__BUFREG (ccs_genreg_v1_144_1_0_0_0_1_6)    0.931    1.594 9.53e+03   12.049   0.2
        FIFO_REG_GEN_REGS_2__STATREG (ccs_genreg_v1_1_1_0_0_0_1_9) 6.87e-03    0.720  130.614    0.858   0.0
        FIFO_REG_HS_INIT_REG (ccs_genreg_v1_1_1_1_0_0_0_4) 2.04e-02    0.519  105.365    0.645   0.0
  weightDoubleBuffer (WeightDoubleBuffer_384_16_16)  280.390  612.800 5.28e+05 1.42e+03  18.0
    WeightDoubleBuffer_384_16_16_struct_inst (WeightDoubleBuffer_384_16_16_struct)  280.390  612.800 5.28e+05 1.42e+03  18.0
      WeightDoublefeSAqem_cns_bctl_inst (WeightDoublefeSAqem_cns_bctl)    4.670   15.522 1.51e+04   35.337   0.4
      unreg_1 (unreg_hier_0)           3.95e-04 6.49e-04   12.747 1.38e-02   0.0
      unreg (unreg_hier_1)                0.000    0.000    9.665 9.66e-03   0.0
      WeightDoubleBuffer_384_16_16_run_inst (WeightDoubleBuffer_384_16_16_run)   15.784   77.113 2.29e+04  115.847   1.5
        WeightDoubleBuffer_384_16_16_run_run_inst (WeightDoubleBuffer_384_16_16_run_run)   15.784   77.113 2.29e+04  115.847   1.5
          WeightDoubleBuffer_384_16_16_run_run_run_fsm_inst (WeightDoubleBuffer_384_16_16_run_run_run_fsm) 8.77e-02    1.377  302.231    1.767   0.0
          WeightDoubleBuffer_384_16_16_run_run_staller_inst (WeightDoubleBuffer_384_16_16_run_run_staller)    0.114 3.81e-02   29.722    0.182   0.0
          WeightDoubleBuffer_384_16_16_run_run_weightDoubleBufferReaderParams_cnsi_inst (WeightDoubleBuffer_384_16_16_run_run_weightDoubleBufferReaderParams_cnsi)    0.290    0.930 1.44e+03    2.658   0.0
            WeightDoubleBuffer_384_16_16_run_run_weightDoubleBufferReaderParams_cnsi_weightDoubleBufferReaderParams_wait_dp_inst (WeightDoubleBuffer_384_16_16_run_run_weightDoubleBufferReaderParams_cnsi_weightDoubleBufferReaderParams_wait_dp) 4.58e-03    0.720  123.018    0.848   0.0
            WeightDoubleBuffer_384_16_16_run_run_weightDoubleBufferReaderParams_cnsi_weightDoubleBufferReaderParams_wait_ctrl_inst (WeightDoubleBuffer_384_16_16_run_run_weightDoubleBufferReaderParams_cnsi_weightDoubleBufferReaderParams_wait_ctrl) 9.29e-03 1.54e-02   77.803    0.102   0.0
            weightDoubleBufferReaderParams_cnsi (ccs_out_wait_v1_rscid19_width144_0)    0.277    0.194 1.24e+03    1.708   0.0
          WeightDoubleBuffer_384_16_16_run_run_weightDoubleBufferWriterParams_cnsi_inst (WeightDoubleBuffer_384_16_16_run_run_weightDoubleBufferWriterParams_cnsi)    0.188    0.891 1.16e+03    2.238   0.0
            WeightDoubleBuffer_384_16_16_run_run_weightDoubleBufferWriterParams_cnsi_weightDoubleBufferWriterParams_wait_dp_inst (WeightDoubleBuffer_384_16_16_run_run_weightDoubleBufferWriterParams_cnsi_weightDoubleBufferWriterParams_wait_dp) 4.58e-03    0.720  123.018    0.848   0.0
            WeightDoubleBuffer_384_16_16_run_run_weightDoubleBufferWriterParams_cnsi_weightDoubleBufferWriterParams_wait_ctrl_inst (WeightDoubleBuffer_384_16_16_run_run_weightDoubleBufferWriterParams_cnsi_weightDoubleBufferWriterParams_wait_ctrl) 9.46e-03 1.54e-02   77.803    0.103   0.0
            weightDoubleBufferWriterParams_cnsi (ccs_out_wait_v1_rscid18_width144_0)    0.174    0.155  958.938    1.287   0.0
          WeightDoubleBuffer_384_16_16_run_run_paramsIn_rsci_inst (WeightDoubleBuffer_384_16_16_run_run_paramsIn_rsci)   13.463   69.852 1.21e+04   95.377   1.2
            WeightDoubleBuffer_384_16_16_run_run_paramsIn_rsci_paramsIn_wait_dp_inst (WeightDoubleBuffer_384_16_16_run_run_paramsIn_rsci_paramsIn_wait_dp)   13.042   69.580 1.07e+04   93.359   1.2
            WeightDoubleBuffer_384_16_16_run_run_paramsIn_rsci_paramsIn_wait_ctrl_inst (WeightDoubleBuffer_384_16_16_run_run_paramsIn_rsci_paramsIn_wait_ctrl) 3.78e-02 4.10e-02   78.253    0.157   0.0
            paramsIn_rsci (ccs_in_wait_v1_rscid17_width144_0)    0.135    0.209 1.24e+03    1.580   0.0
      weightDoubleBufferReader (WeightDoubleBufferReader_384_16_16)   70.542  287.307 2.00e+05  558.188   7.1
        WeightDoubleBufferReader_384_16_16_run_inst (WeightDoubleBufferReader_384_16_16_run)   67.275  284.608 1.99e+05  550.537   7.0
          add_x_3 (WeightDoubleBufferReader_384_16_16_run_DW01_inc_J5_2) 4.05e-02 5.54e-02 1.32e+03    1.419   0.0
          mult_x_4 (WeightDoubleBufferReader_384_16_16_run_DW_mult_uns_J5_3)    2.071    2.281 3.18e+04   36.114   0.5
          mult_x_11 (WeightDoubleBufferReader_384_16_16_run_DW_mult_uns_J5_2) 3.36e-02 5.00e-02  805.008    0.889   0.0
          mult_x_12 (WeightDoubleBufferReader_384_16_16_run_DW_mult_uns_J5_1)    1.548    1.342 2.37e+04   26.546   0.3
          add_x_13 (WeightDoubleBufferReader_384_16_16_run_DW01_inc_J5_1) 2.55e-02 8.75e-02 1.43e+03    1.543   0.0
          mult_x_16 (WeightDoubleBufferReader_384_16_16_run_DW_mult_uns_J5_0)    3.121    3.952 4.11e+04   48.160   0.6
          add_x_17 (WeightDoubleBufferReader_384_16_16_run_DW01_dec_J5_0)    0.259    0.235 4.01e+03    4.505   0.1
          add_x_18 (WeightDoubleBufferReader_384_16_16_run_DW01_add_J5_0) 1.38e-03 7.79e-03  268.813    0.278   0.0
          DP_OP_44J5_122_507 (WeightDoubleBufferReader_384_16_16_run_DP_OP_44J5_122_507_J5_0) 9.85e-03 2.37e-02 1.06e+03    1.098   0.0
          DP_OP_45J5_123_2648 (WeightDoubleBufferReader_384_16_16_run_DP_OP_45J5_123_2648_J5_0)    1.482    1.298 2.17e+04   24.475   0.3
          DP_OP_46J5_124_8762 (WeightDoubleBufferReader_384_16_16_run_DP_OP_46J5_124_8762_J5_0) 8.08e-02    0.133 1.85e+03    2.062   0.0
          DP_OP_47J5_125_365 (WeightDoubleBufferReader_384_16_16_run_DP_OP_47J5_125_365_J5_0) 7.67e-03 9.78e-03  428.805    0.446   0.0
          WeightDoubleBufferReader_384_16_16_run_run_fsm_inst (WeightDoubleBufferReader_384_16_16_run_run_fsm)    0.684    3.060 1.12e+03    4.865   0.1
          WeightDoubleBufferReader_384_16_16_run_staller_inst (WeightDoubleBufferReader_384_16_16_run_staller)    0.184    0.566  134.137    0.884   0.0
          WeightDoubleBufferReader_384_16_16_run_din_rsc_req_obj_inst (WeightDoubleBufferReader_384_16_16_run_din_rsc_req_obj) 4.34e-03    0.721  182.819    0.908   0.0
            WeightDoubleBufferReader_384_16_16_run_din_rsc_req_obj_din_rsc_req_wait_dp_inst (WeightDoubleBufferReader_384_16_16_run_din_rsc_req_obj_din_rsc_req_wait_dp) 1.89e-03    0.719  124.090    0.845   0.0
            WeightDoubleBufferReader_384_16_16_run_din_rsc_req_obj_din_rsc_req_wait_ctrl_inst (WeightDoubleBufferReader_384_16_16_run_din_rsc_req_obj_din_rsc_req_wait_ctrl) 9.52e-04 1.59e-03   45.983 4.85e-02   0.0
            din_rsc_req_obj (mgc_in_sync_v2_valid1_0) 1.50e-03 6.82e-04   12.747 1.49e-02   0.0
          WeightDoubleBufferReader_384_16_16_run_din_rsc_rls_obj_inst (WeightDoubleBufferReader_384_16_16_run_din_rsc_rls_obj) 2.01e-03 1.09e-03   44.617 4.77e-02   0.0
            WeightDoubleBufferReader_384_16_16_run_din_rsc_rls_obj_din_rsc_rls_wait_ctrl_inst (WeightDoubleBufferReader_384_16_16_run_din_rsc_rls_obj_din_rsc_rls_wait_ctrl) 8.31e-04 6.20e-04   31.857 3.33e-02   0.0
            din_rsc_rls_obj (mgc_io_sync_v2_valid0_0) 1.18e-03 4.72e-04   12.760 1.44e-02   0.0
          WeightDoubleBufferReader_384_16_16_run_dout_rsci_inst (WeightDoubleBufferReader_384_16_16_run_dout_rsci) 2.28e-02    0.737 1.86e+03    2.617   0.0
            WeightDoubleBufferReader_384_16_16_run_dout_rsci_dout_wait_dp_inst (WeightDoubleBufferReader_384_16_16_run_dout_rsci_dout_wait_dp)    0.000    0.717  122.338    0.839   0.0
            WeightDoubleBufferReader_384_16_16_run_dout_rsci_dout_wait_ctrl_inst (WeightDoubleBufferReader_384_16_16_run_dout_rsci_dout_wait_ctrl) 5.01e-05 4.92e-05   77.970 7.81e-02   0.0
            dout_rsci (ccs_out_wait_v1_rscid9_width128_0) 2.27e-02 1.97e-02 1.66e+03    1.700   0.0
          WeightDoubleBufferReader_384_16_16_run_din_rsci_1_inst (WeightDoubleBufferReader_384_16_16_run_din_rsci_1)   20.467  100.910 1.56e+04  137.010   1.7
            WeightDoubleBufferReader_384_16_16_run_din_rsci_1_din_rsc_wait_ctrl_inst (WeightDoubleBufferReader_384_16_16_run_din_rsci_1_din_rsc_wait_ctrl) 4.92e-05 4.79e-05   72.825 7.29e-02   0.0
            WeightDoubleBufferReader_384_16_16_run_din_rsci_1_din_rsc_wait_dp_inst (WeightDoubleBufferReader_384_16_16_run_din_rsci_1_din_rsc_wait_dp)   20.467  100.910 1.56e+04  136.937   1.7
          WeightDoubleBufferReader_384_16_16_run_paramsIn_rsci_inst (WeightDoubleBufferReader_384_16_16_run_paramsIn_rsci)   13.757   69.968 1.24e+04   96.086   1.2
            WeightDoubleBufferReader_384_16_16_run_paramsIn_rsci_paramsIn_wait_dp_inst (WeightDoubleBufferReader_384_16_16_run_paramsIn_rsci_paramsIn_wait_dp)   13.295   69.707 1.07e+04   93.733   1.2
            WeightDoubleBufferReader_384_16_16_run_paramsIn_rsci_paramsIn_wait_ctrl_inst (WeightDoubleBufferReader_384_16_16_run_paramsIn_rsci_paramsIn_wait_ctrl) 3.66e-02 3.36e-02   77.857    0.148   0.0
            paramsIn_rsci (ccs_in_wait_v1_rscid7_width144_0)    0.117    0.183 1.24e+03    1.537   0.0
        din_rsci (WeightDoubleBufferReader_384_16_16_sram_512_128_sram_512_128_rwport_8_128_12_384_128_gen)    2.826    2.617 1.58e+03    7.027   0.1
      weightDoubleBufferWriter (WeightDoubleBufferWriter_384_16_16)   49.282  202.308 1.55e+05  406.994   5.2
        WeightDoubleBufferWriter_384_16_16_run_inst (WeightDoubleBufferWriter_384_16_16_run)   48.722  202.051 1.54e+05  404.351   5.1
          add_x_1 (WeightDoubleBufferWriter_384_16_16_run_DW01_add_J12_0)    0.000    0.000  266.953    0.267   0.0
          add_x_3 (WeightDoubleBufferWriter_384_16_16_run_DW01_inc_J12_2) 1.76e-02 5.85e-02  353.437    0.430   0.0
          add_x_5 (WeightDoubleBufferWriter_384_16_16_run_DW01_inc_J12_1) 4.53e-02 5.57e-02 1.32e+03    1.421   0.0
          mult_x_10 (WeightDoubleBufferWriter_384_16_16_run_DW_mult_uns_J12_3)    1.532    1.341 2.37e+04   26.529   0.3
          mult_x_11 (WeightDoubleBufferWriter_384_16_16_run_DW_mult_uns_J12_2)    1.943    2.061 3.18e+04   35.818   0.5
          mult_x_32 (WeightDoubleBufferWriter_384_16_16_run_DW_mult_uns_J12_1) 3.06e-02 4.98e-02  805.008    0.885   0.0
          mult_x_33 (WeightDoubleBufferWriter_384_16_16_run_DW_mult_uns_J12_0)    2.940    3.620 4.12e+04   47.807   0.6
          add_x_34 (WeightDoubleBufferWriter_384_16_16_run_DW01_dec_J12_0)    0.262    0.236 4.01e+03    4.508   0.1
          DP_OP_74J12_122_1074 (WeightDoubleBufferWriter_384_16_16_run_DP_OP_74J12_122_1074_J12_0) 8.41e-03 1.05e-02  428.778    0.448   0.0
          DP_OP_75J12_123_4812 (WeightDoubleBufferWriter_384_16_16_run_DP_OP_75J12_123_4812_J12_0)    0.000    0.000  350.397    0.350   0.0
          WeightDoubleBufferWriter_384_16_16_run_run_fsm_inst (WeightDoubleBufferWriter_384_16_16_run_run_fsm)    0.793    3.242 1.50e+03    5.534   0.1
          WeightDoubleBufferWriter_384_16_16_run_staller_inst (WeightDoubleBufferWriter_384_16_16_run_staller) 9.38e-02    0.583  133.679    0.810   0.0
          WeightDoubleBufferWriter_384_16_16_run_dout_rsc_req_obj_inst (WeightDoubleBufferWriter_384_16_16_run_dout_rsc_req_obj) 6.73e-03    0.726  199.904    0.932   0.0
            WeightDoubleBufferWriter_384_16_16_run_dout_rsc_req_obj_dout_rsc_req_wait_dp_inst (WeightDoubleBufferWriter_384_16_16_run_dout_rsc_req_obj_dout_rsc_req_wait_dp) 2.79e-03    0.719  122.594    0.844   0.0
            WeightDoubleBufferWriter_384_16_16_run_dout_rsc_req_obj_dout_rsc_req_wait_ctrl_inst (WeightDoubleBufferWriter_384_16_16_run_dout_rsc_req_obj_dout_rsc_req_wait_ctrl) 3.94e-03 6.57e-03   67.645 7.82e-02   0.0
            dout_rsc_req_obj (mgc_in_sync_v2_valid1_1)    0.000    0.000    9.665 9.66e-03   0.0
          WeightDoubleBufferWriter_384_16_16_run_dout_rsc_rls_obj_inst (WeightDoubleBufferWriter_384_16_16_run_dout_rsc_rls_obj) 2.31e-03 1.33e-03   44.219 4.79e-02   0.0
            WeightDoubleBufferWriter_384_16_16_run_dout_rsc_rls_obj_dout_rsc_rls_wait_ctrl_inst (WeightDoubleBufferWriter_384_16_16_run_dout_rsc_rls_obj_dout_rsc_rls_wait_ctrl) 4.76e-04 7.49e-04   31.460 3.27e-02   0.0
            dout_rsc_rls_obj (mgc_io_sync_v2_valid0_1) 1.84e-03 5.83e-04   12.759 1.52e-02   0.0
          WeightDoubleBufferWriter_384_16_16_run_dout_rsci_1_inst (WeightDoubleBufferWriter_384_16_16_run_dout_rsci_1) 3.51e-02 3.61e-02  204.461    0.276   0.0
            WeightDoubleBufferWriter_384_16_16_run_dout_rsci_1_dout_rsc_wait_ctrl_inst (WeightDoubleBufferWriter_384_16_16_run_dout_rsci_1_dout_rsc_wait_ctrl) 1.15e-03 6.50e-04   32.019 3.38e-02   0.0
          WeightDoubleBufferWriter_384_16_16_run_din_rsci_inst (WeightDoubleBufferWriter_384_16_16_run_din_rsci)    4.236   14.829 2.36e+03   21.427   0.3
            WeightDoubleBufferWriter_384_16_16_run_din_rsci_din_wait_dp_inst (WeightDoubleBufferWriter_384_16_16_run_din_rsci_din_wait_dp)    3.812   14.485 2.08e+03   20.377   0.3
            WeightDoubleBufferWriter_384_16_16_run_din_rsci_din_wait_ctrl_inst (WeightDoubleBufferWriter_384_16_16_run_din_rsci_din_wait_ctrl) 1.83e-02 6.73e-03   78.799    0.104   0.0
            din_rsci (ccs_in_wait_v1_rscid2_width16_0)    0.405    0.337  203.293    0.946   0.0
          WeightDoubleBufferWriter_384_16_16_run_paramsIn_rsci_inst (WeightDoubleBufferWriter_384_16_16_run_paramsIn_rsci)   10.546   54.432 9.70e+03   74.677   0.9
            WeightDoubleBufferWriter_384_16_16_run_paramsIn_rsci_paramsIn_wait_dp_inst (WeightDoubleBufferWriter_384_16_16_run_paramsIn_rsci_paramsIn_wait_dp)   10.123   54.207 8.35e+03   72.677   0.9
            WeightDoubleBufferWriter_384_16_16_run_paramsIn_rsci_paramsIn_wait_ctrl_inst (WeightDoubleBufferWriter_384_16_16_run_paramsIn_rsci_paramsIn_wait_ctrl) 2.75e-02 3.34e-02   78.168    0.139   0.0
            paramsIn_rsci (ccs_in_wait_v1_rscid1_width144_0) 9.50e-02    0.147  959.131    1.201   0.0
        dout_rsci (WeightDoubleBufferWriter_384_16_16_sram_512_128_sram_512_128_rwport_3_128_12_384_128_gen)    0.559    0.257 1.78e+03    2.598   0.0
      weightDoubleBufferReaderParams_cns_pipe (ccs_pipe_v5_rscid16_width144_sz_width1_fifo_sz1_log2_sz0_ph_clk1_ph_en0_ph_arst0_ph_srst0)    1.432    3.277 1.50e+04   19.670   0.2
        FIFO (ccs_fifo_wait_core_v5_rscid16_width144_sz_width1_fifo_sz1_ph_clk1_ph_en0_ph_arst0_ph_srst0_ph_log20)    1.432    3.277 1.50e+04   19.670   0.2
          FIFO_REG_GEN_REGS_0__BUFREG (ccs_genreg_v1_144_1_0_0_0_1_0)    1.183    1.708 1.14e+04   14.329   0.2
          FIFO_REG_GEN_REGS_0__STATREG (ccs_genreg_v1_1_1_0_0_0_1_0) 1.95e-03    0.735  129.798    0.866   0.0
          FIFO_REG_HS_INIT_REG (ccs_genreg_v1_1_1_1_0_0_0_0) 2.03e-02    0.519  105.365    0.644   0.0
      mem_cns_comp_1 (sram_512_128_WRAPPER_DEPTH4096_WRAPPER_WIDTH128_WRAPPER_ADDR_BITS12_SRAM_DEPTH256_SRAM_WIDTH32_SRAM_ADDR_BITS8_num_inst_depth16_num_inst_width4_0)   68.010   12.795 5.41e+04  134.915   1.7
      mem_cns_comp (sram_512_128_WRAPPER_DEPTH4096_WRAPPER_WIDTH128_WRAPPER_ADDR_BITS12_SRAM_DEPTH256_SRAM_WIDTH32_SRAM_ADDR_BITS8_num_inst_depth16_num_inst_width4_1)   68.850   11.422 5.32e+04  133.476   1.7
      weightDoubleBufferWriterParams_cns_pipe (ccs_pipe_v5_rscid15_width144_sz_width1_fifo_sz1_log2_sz0_ph_clk1_ph_en0_ph_arst0_ph_srst0)    1.201    2.960 1.17e+04   15.817   0.2
        FIFO (ccs_fifo_wait_core_v5_rscid15_width144_sz_width1_fifo_sz1_ph_clk1_ph_en0_ph_arst0_ph_srst0_ph_log20)    1.201    2.960 1.17e+04   15.817   0.2
          FIFO_REG_GEN_REGS_0__BUFREG (ccs_genreg_v1_144_1_0_0_0_1_1)    0.956    1.444 8.83e+03   11.231   0.1
          FIFO_REG_GEN_REGS_0__STATREG (ccs_genreg_v1_1_1_0_0_0_1_1) 1.94e-03    0.735  129.798    0.866   0.0
          FIFO_REG_HS_INIT_REG (ccs_genreg_v1_1_1_1_0_0_0_1) 2.11e-02    0.519  105.365    0.645   0.0
  inputDoubleBuffer (InputDoubleBuffer_512_16_16)  276.735  638.363 4.35e+05 1.35e+03  17.1
    InputDoubleBuffer_512_16_16_struct_inst (InputDoubleBuffer_512_16_16_struct)  276.231  638.316 4.35e+05 1.35e+03  17.1
      InputDoubleBDjtfoem_cns_bctl_inst (InputDoubleBDjtfoem_cns_bctl)    3.077   15.303 1.51e+04   33.475   0.4
      unreg_1 (unreg_hier_2)           3.50e-04 9.94e-05   12.755 1.32e-02   0.0
      unreg (unreg_hier_3)             4.37e-05 9.23e-05    9.668 9.80e-03   0.0
      InputDoubleBuffer_512_16_16_run_inst (InputDoubleBuffer_512_16_16_run)   22.526  106.751 3.20e+04  161.230   2.0
        InputDoubleBuffer_512_16_16_run_run_inst (InputDoubleBuffer_512_16_16_run_run)   22.177  106.727 3.19e+04  160.845   2.0
          InputDoubleBuffer_512_16_16_run_run_run_fsm_inst (InputDoubleBuffer_512_16_16_run_run_run_fsm) 8.75e-02    1.372  302.210    1.762   0.0
          InputDoubleBuffer_512_16_16_run_run_staller_inst (InputDoubleBuffer_512_16_16_run_run_staller)    0.114 3.79e-02   29.970    0.182   0.0
          InputDoubleBuffer_512_16_16_run_run_inputDoubleBufferReaderParams_cnsi_inst (InputDoubleBuffer_512_16_16_run_run_inputDoubleBufferReaderParams_cnsi)    0.184    0.986 1.96e+03    3.126   0.0
            InputDoubleBuffer_512_16_16_run_run_inputDoubleBufferReaderParams_cnsi_inputDoubleBufferReaderParams_wait_dp_inst (InputDoubleBuffer_512_16_16_run_run_inputDoubleBufferReaderParams_cnsi_inputDoubleBufferReaderParams_wait_dp) 3.98e-03    0.720  123.397    0.848   0.0
            InputDoubleBuffer_512_16_16_run_run_inputDoubleBufferReaderParams_cnsi_inputDoubleBufferReaderParams_wait_ctrl_inst (InputDoubleBuffer_512_16_16_run_run_inputDoubleBufferReaderParams_cnsi_inputDoubleBufferReaderParams_wait_ctrl) 1.14e-02 1.35e-02   77.309    0.102   0.0
            inputDoubleBufferReaderParams_cnsi (ccs_out_wait_v1_rscid19_width144_1)    0.168    0.252 1.76e+03    2.176   0.0
          InputDoubleBuffer_512_16_16_run_run_inputDoubleBufferWriterParams_cnsi_inst (InputDoubleBuffer_512_16_16_run_run_inputDoubleBufferWriterParams_cnsi)    0.274    0.899 1.31e+03    2.486   0.0
            InputDoubleBuffer_512_16_16_run_run_inputDoubleBufferWriterParams_cnsi_inputDoubleBufferWriterParams_wait_dp_inst (InputDoubleBuffer_512_16_16_run_run_inputDoubleBufferWriterParams_cnsi_inputDoubleBufferWriterParams_wait_dp) 5.72e-03    0.712  123.892    0.841   0.0
            InputDoubleBuffer_512_16_16_run_run_inputDoubleBufferWriterParams_cnsi_inputDoubleBufferWriterParams_wait_ctrl_inst (InputDoubleBuffer_512_16_16_run_run_inputDoubleBufferWriterParams_cnsi_inputDoubleBufferWriterParams_wait_ctrl) 1.01e-02 1.42e-02   78.394    0.103   0.0
            inputDoubleBufferWriterParams_cnsi (ccs_out_wait_v1_rscid18_width144_1)    0.258    0.173 1.11e+03    1.542   0.0
          InputDoubleBuffer_512_16_16_run_run_paramsIn_rsci_inst (InputDoubleBuffer_512_16_16_run_run_paramsIn_rsci)   19.320   98.607 1.71e+04  135.074   1.7
            InputDoubleBuffer_512_16_16_run_run_paramsIn_rsci_paramsIn_wait_dp_inst (InputDoubleBuffer_512_16_16_run_run_paramsIn_rsci_paramsIn_wait_dp)   18.660   98.252 1.53e+04  132.215   1.7
            InputDoubleBuffer_512_16_16_run_run_paramsIn_rsci_paramsIn_wait_ctrl_inst (InputDoubleBuffer_512_16_16_run_run_paramsIn_rsci_paramsIn_wait_ctrl) 6.66e-02 4.02e-02   78.139    0.185   0.0
            paramsIn_rsci (ccs_in_wait_v1_rscid17_width144_1)    0.271    0.289 1.75e+03    2.313   0.0
      inputDoubleBufferReader (InputDoubleBufferReader_512_16_16)   72.778  318.637 1.65e+05  556.355   7.1
        InputDoubleBufferReader_512_16_16_run_inst (InputDoubleBufferReader_512_16_16_run)   70.710  316.127 1.63e+05  550.145   7.0
          mult_x_18 (InputDoubleBufferReader_512_16_16_run_DW_mult_uns_J3_0)    1.294    1.098 2.37e+04   26.057   0.3
          add_x_50 (InputDoubleBufferReader_512_16_16_run_DW01_inc_J3_6)    0.000    0.000  353.424    0.353   0.0
          add_x_52 (InputDoubleBufferReader_512_16_16_run_DW01_add_J3_1) 1.15e-02 1.93e-02  843.920    0.875   0.0
          add_x_53 (InputDoubleBufferReader_512_16_16_run_DW01_inc_J3_5) 1.06e-03 1.33e-03  680.513    0.683   0.0
          add_x_55 (InputDoubleBufferReader_512_16_16_run_DW01_dec_J3_0)    0.133    0.127 1.97e+03    2.228   0.0
          add_x_56 (InputDoubleBufferReader_512_16_16_run_DW01_add_J3_0) 2.82e-03 1.53e-02  464.278    0.482   0.0
          add_x_59 (InputDoubleBufferReader_512_16_16_run_DW01_inc_J3_4)    0.000    0.000  690.556    0.691   0.0
          add_x_60 (InputDoubleBufferReader_512_16_16_run_DW01_inc_J3_3)    0.000    0.000  680.454    0.680   0.0
          add_x_61 (InputDoubleBufferReader_512_16_16_run_DW01_inc_J3_2)    0.000    0.000  680.454    0.680   0.0
          add_x_62 (InputDoubleBufferReader_512_16_16_run_DW01_inc_J3_1)    0.000    0.000  680.454    0.680   0.0
          add_x_64 (InputDoubleBufferReader_512_16_16_run_DW01_inc_J3_0)    0.276    0.301  851.198    1.429   0.0
          DP_OP_169J3_122_7998 (InputDoubleBufferReader_512_16_16_run_DP_OP_169J3_122_7998_J3_0)    0.677    0.195 1.99e+04   20.816   0.3
          DP_OP_170J3_123_9913 (InputDoubleBufferReader_512_16_16_run_DP_OP_170J3_123_9913_J3_0) 4.68e-02 6.87e-02  902.990    1.018   0.0
          DP_OP_171J3_124_9913 (InputDoubleBufferReader_512_16_16_run_DP_OP_171J3_124_9913_J3_0) 4.21e-02 6.79e-02  903.056    1.013   0.0
          DP_OP_172J3_125_9913 (InputDoubleBufferReader_512_16_16_run_DP_OP_172J3_125_9913_J3_0) 4.52e-02 6.85e-02  903.008    1.017   0.0
          DP_OP_173J3_126_9913 (InputDoubleBufferReader_512_16_16_run_DP_OP_173J3_126_9913_J3_0) 4.41e-02 6.84e-02  903.004    1.016   0.0
          DP_OP_174J3_127_9913 (InputDoubleBufferReader_512_16_16_run_DP_OP_174J3_127_9913_J3_0)    0.114    0.164 1.03e+03    1.305   0.0
          DP_OP_175J3_128_9913 (InputDoubleBufferReader_512_16_16_run_DP_OP_175J3_128_9913_J3_0) 4.12e-02 6.60e-02  903.202    1.010   0.0
          DP_OP_176J3_129_1662 (InputDoubleBufferReader_512_16_16_run_DP_OP_176J3_129_1662_J3_0)    0.900    0.843 1.49e+04   16.594   0.2
          InputDoubleBufferReader_512_16_16_run_run_fsm_inst (InputDoubleBufferReader_512_16_16_run_run_fsm)    0.496    2.820 1.01e+03    4.325   0.1
          InputDoubleBufferReader_512_16_16_run_staller_inst (InputDoubleBufferReader_512_16_16_run_staller)    0.176    0.560  134.223    0.870   0.0
          InputDoubleBufferReader_512_16_16_run_din_rsc_req_obj_inst (InputDoubleBufferReader_512_16_16_run_din_rsc_req_obj) 2.22e-03    0.719  183.066    0.904   0.0
            InputDoubleBufferReader_512_16_16_run_din_rsc_req_obj_din_rsc_req_wait_dp_inst (InputDoubleBufferReader_512_16_16_run_din_rsc_req_obj_din_rsc_req_wait_dp) 2.02e-03    0.719  124.569    0.846   0.0
            InputDoubleBufferReader_512_16_16_run_din_rsc_req_obj_din_rsc_req_wait_ctrl_inst (InputDoubleBufferReader_512_16_16_run_din_rsc_req_obj_din_rsc_req_wait_ctrl)    0.000    0.000   45.742 4.57e-02   0.0
            din_rsc_req_obj (mgc_in_sync_v2_valid1_2) 2.00e-04 9.90e-05   12.755 1.31e-02   0.0
          InputDoubleBufferReader_512_16_16_run_din_rsc_rls_obj_inst (InputDoubleBufferReader_512_16_16_run_din_rsc_rls_obj) 9.19e-04 2.65e-04   44.804 4.60e-02   0.0
            InputDoubleBufferReader_512_16_16_run_din_rsc_rls_obj_din_rsc_rls_wait_ctrl_inst (InputDoubleBufferReader_512_16_16_run_din_rsc_rls_obj_din_rsc_rls_wait_ctrl) 1.98e-04 1.65e-04   32.042 3.24e-02   0.0
            din_rsc_rls_obj (mgc_io_sync_v2_valid0_2) 7.21e-04 1.00e-04   12.763 1.36e-02   0.0
          InputDoubleBufferReader_512_16_16_run_dout_rsci_inst (InputDoubleBufferReader_512_16_16_run_dout_rsci) 5.90e-02    0.737 1.86e+03    2.654   0.0
            InputDoubleBufferReader_512_16_16_run_dout_rsci_dout_wait_dp_inst (InputDoubleBufferReader_512_16_16_run_dout_rsci_dout_wait_dp)    0.000    0.717  122.338    0.839   0.0
            InputDoubleBufferReader_512_16_16_run_dout_rsci_dout_wait_ctrl_inst (InputDoubleBufferReader_512_16_16_run_dout_rsci_dout_wait_ctrl) 5.63e-05 4.57e-05   77.798 7.79e-02   0.0
            dout_rsci (ccs_out_wait_v1_rscid9_width128_1) 5.90e-02 2.02e-02 1.66e+03    1.737   0.0
          InputDoubleBufferReader_512_16_16_run_din_rsci_1_inst (InputDoubleBufferReader_512_16_16_run_din_rsci_1)   20.278  100.698 1.56e+04  136.615   1.7
            InputDoubleBufferReader_512_16_16_run_din_rsci_1_din_rsc_wait_ctrl_inst (InputDoubleBufferReader_512_16_16_run_din_rsci_1_din_rsc_wait_ctrl) 5.01e-05 4.55e-05   73.005 7.31e-02   0.0
            InputDoubleBufferReader_512_16_16_run_din_rsci_1_din_rsc_wait_dp_inst (InputDoubleBufferReader_512_16_16_run_din_rsci_1_din_rsc_wait_dp)   20.278  100.698 1.56e+04  136.542   1.7
          InputDoubleBufferReader_512_16_16_run_paramsIn_rsci_inst (InputDoubleBufferReader_512_16_16_run_paramsIn_rsci)   18.878   98.887 1.71e+04  134.854   1.7
            InputDoubleBufferReader_512_16_16_run_paramsIn_rsci_paramsIn_wait_dp_inst (InputDoubleBufferReader_512_16_16_run_paramsIn_rsci_paramsIn_wait_dp)   18.671   98.601 1.53e+04  132.528   1.7
            InputDoubleBufferReader_512_16_16_run_paramsIn_rsci_paramsIn_wait_ctrl_inst (InputDoubleBufferReader_512_16_16_run_paramsIn_rsci_paramsIn_wait_ctrl) 2.82e-02 3.39e-02   77.701    0.140   0.0
            paramsIn_rsci (ccs_in_wait_v1_rscid7_width144_1)    0.179    0.252 1.76e+03    2.187   0.0
        din_rsci (InputDoubleBufferReader_512_16_16_sram_512_128_sram_512_128_rwport_8_128_12_512_128_gen)    2.068    2.510 1.59e+03    6.168   0.1
      inputDoubleBufferWriter (InputDoubleBufferWriter_512_16_16)   38.399  167.520 8.93e+04  295.182   3.7
        InputDoubleBufferWriter_512_16_16_run_inst (InputDoubleBufferWriter_512_16_16_run)   37.934  167.261 8.74e+04  292.632   3.7
          add_x_1 (InputDoubleBufferWriter_512_16_16_run_DW01_add_J7_3) 5.87e-02 7.54e-02  463.584    0.598   0.0
          add_x_3 (InputDoubleBufferWriter_512_16_16_run_DW01_inc_J7_3) 3.67e-02 4.74e-02  366.422    0.451   0.0
          mult_x_4 (InputDoubleBufferWriter_512_16_16_run_DW_mult_uns_J7_2)    1.293    1.096 2.37e+04   26.050   0.3
          add_x_32 (InputDoubleBufferWriter_512_16_16_run_DW01_add_J7_1) 2.21e-02 5.52e-02  842.054    0.919   0.0
          mult_x_33 (InputDoubleBufferWriter_512_16_16_run_DW_mult_uns_J7_1)    0.232    0.241 3.17e+03    3.643   0.0
          add_x_34 (InputDoubleBufferWriter_512_16_16_run_DW01_add_J7_0) 1.98e-02 5.22e-02  465.491    0.537   0.0
          mult_x_37 (InputDoubleBufferWriter_512_16_16_run_DW_mult_uns_J7_0)    0.115 8.11e-02 3.16e+03    3.357   0.0
          add_x_38 (InputDoubleBufferWriter_512_16_16_run_DW01_dec_J7_0)    0.134    0.128 1.97e+03    2.230   0.0
          DP_OP_82J7_122_6961 (InputDoubleBufferWriter_512_16_16_run_DP_OP_82J7_122_6961_J7_0) 2.75e-02 4.56e-02  513.055    0.586   0.0
          DP_OP_83J7_123_134 (InputDoubleBufferWriter_512_16_16_run_DP_OP_83J7_123_134_J7_0)    0.237    0.267 3.85e+03    4.358   0.1
          DP_OP_84J7_124_134 (InputDoubleBufferWriter_512_16_16_run_DP_OP_84J7_124_134_J7_0)    0.311    0.344 3.64e+03    4.294   0.1
          InputDoubleBufferWriter_512_16_16_run_run_fsm_inst (InputDoubleBufferWriter_512_16_16_run_run_fsm)    1.004    3.225 1.53e+03    5.763   0.1
          InputDoubleBufferWriter_512_16_16_run_staller_inst (InputDoubleBufferWriter_512_16_16_run_staller)    0.167    0.582  133.713    0.883   0.0
          InputDoubleBufferWriter_512_16_16_run_dout_rsc_req_obj_inst (InputDoubleBufferWriter_512_16_16_run_dout_rsc_req_obj) 4.63e-03    0.723  199.809    0.927   0.0
            InputDoubleBufferWriter_512_16_16_run_dout_rsc_req_obj_dout_rsc_req_wait_dp_inst (InputDoubleBufferWriter_512_16_16_run_dout_rsc_req_obj_dout_rsc_req_wait_dp) 1.82e-03    0.718  122.507    0.843   0.0
            InputDoubleBufferWriter_512_16_16_run_dout_rsc_req_obj_dout_rsc_req_wait_ctrl_inst (InputDoubleBufferWriter_512_16_16_run_dout_rsc_req_obj_dout_rsc_req_wait_ctrl) 2.65e-03 4.36e-03   67.634 7.46e-02   0.0
            dout_rsc_req_obj (mgc_in_sync_v2_valid1_3) 1.69e-04 9.89e-05    9.668 9.94e-03   0.0
          InputDoubleBufferWriter_512_16_16_run_dout_rsc_rls_obj_inst (InputDoubleBufferWriter_512_16_16_run_dout_rsc_rls_obj) 5.19e-05 4.49e-05   44.168 4.43e-02   0.0
            InputDoubleBufferWriter_512_16_16_run_dout_rsc_rls_obj_dout_rsc_rls_wait_ctrl_inst (InputDoubleBufferWriter_512_16_16_run_dout_rsc_rls_obj_dout_rsc_rls_wait_ctrl) 5.19e-05 4.49e-05   31.405 3.15e-02   0.0
            dout_rsc_rls_obj (mgc_io_sync_v2_valid0_3)    0.000    0.000   12.763 1.28e-02   0.0
          InputDoubleBufferWriter_512_16_16_run_dout_rsci_1_inst (InputDoubleBufferWriter_512_16_16_run_dout_rsci_1) 7.94e-02 3.65e-02  205.333    0.321   0.0
            InputDoubleBufferWriter_512_16_16_run_dout_rsci_1_dout_rsc_wait_ctrl_inst (InputDoubleBufferWriter_512_16_16_run_dout_rsci_1_dout_rsc_wait_ctrl) 1.89e-03 4.60e-04   31.958 3.43e-02   0.0
          InputDoubleBufferWriter_512_16_16_run_din_rsci_inst (InputDoubleBufferWriter_512_16_16_run_din_rsci)    4.938   14.843 2.40e+03   22.180   0.3
            InputDoubleBufferWriter_512_16_16_run_din_rsci_din_wait_dp_inst (InputDoubleBufferWriter_512_16_16_run_din_rsci_din_wait_dp)    4.036   14.491 2.12e+03   20.645   0.3
            InputDoubleBufferWriter_512_16_16_run_din_rsci_din_wait_ctrl_inst (InputDoubleBufferWriter_512_16_16_run_din_rsci_din_wait_ctrl) 1.13e-02 4.82e-03   78.755 9.49e-02   0.0
            din_rsci (ccs_in_wait_v1_rscid2_width16_1)    0.890    0.347  203.321    1.440   0.0
          InputDoubleBufferWriter_512_16_16_run_paramsIn_rsci_inst (InputDoubleBufferWriter_512_16_16_run_paramsIn_rsci)   11.995   62.844 1.09e+04   85.692   1.1
            InputDoubleBufferWriter_512_16_16_run_paramsIn_rsci_paramsIn_wait_dp_inst (InputDoubleBufferWriter_512_16_16_run_paramsIn_rsci_paramsIn_wait_dp)   11.875   62.645 9.66e+03   84.184   1.1
            InputDoubleBufferWriter_512_16_16_run_paramsIn_rsci_paramsIn_wait_ctrl_inst (InputDoubleBufferWriter_512_16_16_run_paramsIn_rsci_paramsIn_wait_ctrl) 3.06e-02 3.34e-02   78.209    0.142   0.0
            paramsIn_rsci (ccs_in_wait_v1_rscid1_width144_1) 8.93e-02    0.166 1.11e+03    1.366   0.0
        dout_rsci (InputDoubleBufferWriter_512_16_16_sram_512_128_sram_512_128_rwport_3_128_12_512_128_gen)    0.411    0.250 1.78e+03    2.444   0.0
      mem_cns_comp_1 (sram_512_128_WRAPPER_DEPTH4096_WRAPPER_WIDTH128_WRAPPER_ADDR_BITS12_SRAM_DEPTH256_SRAM_WIDTH32_SRAM_ADDR_BITS8_num_inst_depth16_num_inst_width4_2)   69.624   12.928 5.41e+04  136.636   1.7
      mem_cns_comp (sram_512_128_WRAPPER_DEPTH4096_WRAPPER_WIDTH128_WRAPPER_ADDR_BITS12_SRAM_DEPTH256_SRAM_WIDTH32_SRAM_ADDR_BITS8_num_inst_depth16_num_inst_width4_3)   66.886   11.763 5.35e+04  132.197   1.7
      inputDoubleBufferWriterParams_cns_pipe (ccs_pipe_v5_rscid15_width144_sz_width1_fifo_sz2_log2_sz1_ph_clk1_ph_en0_ph_arst0_ph_srst0)    2.877    5.388 2.64e+04   34.676   0.4
        FIFO (ccs_fifo_wait_core_v5_rscid15_width144_sz_width1_fifo_sz2_ph_clk1_ph_en0_ph_arst0_ph_srst0_ph_log21)    2.559    5.364 2.64e+04   34.323   0.4
          FIFO_REG_GEN_REGS_0__BUFREG (ccs_genreg_v1_144_1_0_0_0_1_2)    1.161    1.335 1.03e+04   12.752   0.2
          FIFO_REG_GEN_REGS_0__STATREG (ccs_genreg_v1_1_1_0_0_0_1_2) 1.43e-04    0.748  129.062    0.877   0.0
          FIFO_REG_GEN_REGS_1__BUFREG (ccs_genreg_v1_144_1_0_0_0_1_3)    1.078    1.529 1.02e+04   12.849   0.2
          FIFO_REG_GEN_REGS_1__STATREG (ccs_genreg_v1_1_1_0_0_0_1_3) 2.93e-03    0.735  129.802    0.867   0.0
          FIFO_REG_HS_INIT_REG (ccs_genreg_v1_1_1_1_0_0_0_2) 1.66e-02    0.520  105.365    0.641   0.0
  outputSerializer (Serializer_PackedInt_16UL_16UL_ODTYPE_16)   53.847  284.058 6.73e+04  405.156   5.1
    Serializer_PackedInt_16UL_16UL_ODTYPE_16_run_inst (Serializer_PackedInt_16UL_16UL_ODTYPE_16_run)   53.847  284.058 6.73e+04  405.156   5.1
      Serializer_PackedInt_16UL_16UL_ODTYPE_16_run_run_fsm_inst (Serializer_PackedInt_16UL_16UL_ODTYPE_16_run_run_fsm) 4.41e-02    0.500  106.390    0.651   0.0
      Serializer_PackedInt_16UL_16UL_ODTYPE_16_run_staller_inst (Serializer_PackedInt_16UL_16UL_ODTYPE_16_run_staller) 3.58e-02 2.65e-02   24.881 8.72e-02   0.0
      Serializer_PackedInt_16UL_16UL_ODTYPE_16_run_serialOutChannel_rsci_inst (Serializer_PackedInt_16UL_16UL_ODTYPE_16_run_serialOutChannel_rsci)    0.126    0.669  454.608    1.250   0.0
        Serializer_PackedInt_16UL_16UL_ODTYPE_16_run_serialOutChannel_rsci_serialOutChannel_wait_dp_inst (Serializer_PackedInt_16UL_16UL_ODTYPE_16_run_serialOutChannel_rsci_serialOutChannel_wait_dp) 3.88e-02    0.587  141.929    0.768   0.0
        Serializer_PackedInt_16UL_16UL_ODTYPE_16_run_serialOutChannel_rsci_serialOutChannel_wait_ctrl_inst (Serializer_PackedInt_16UL_16UL_ODTYPE_16_run_serialOutChannel_rsci_serialOutChannel_wait_ctrl) 3.62e-02 4.30e-02   85.021    0.164   0.0
        serialOutChannel_rsci (ccs_out_wait_v1_rscid6_width16) 5.10e-02 3.92e-02  227.659    0.318   0.0
      Serializer_PackedInt_16UL_16UL_ODTYPE_16_run_inputChannel_rsci_inst (Serializer_PackedInt_16UL_16UL_ODTYPE_16_run_inputChannel_rsci)   34.184  185.544 3.13e+04  251.057   3.2
        Serializer_PackedInt_16UL_16UL_ODTYPE_16_run_inputChannel_rsci_inputChannel_wait_dp_inst (Serializer_PackedInt_16UL_16UL_ODTYPE_16_run_inputChannel_rsci_inputChannel_wait_dp)   33.936  185.480 2.79e+04  247.364   3.1
        Serializer_PackedInt_16UL_16UL_ODTYPE_16_run_inputChannel_rsci_inputChannel_wait_ctrl_inst (Serializer_PackedInt_16UL_16UL_ODTYPE_16_run_inputChannel_rsci_inputChannel_wait_ctrl) 3.89e-02 2.48e-02   78.063    0.142   0.0
        inputChannel_rsci (ccs_in_wait_v1_rscid5_width256) 5.17e-03 1.80e-02 3.29e+03    3.315   0.0
  paramsDeserializer_1 (ParamsDeserializer)   12.367   51.634 3.12e+04   95.242   1.2
    ParamsDeserializer_run_inst (ParamsDeserializer_run)   12.367   51.634 3.12e+04   95.242   1.2
      ParamsDeserializer_run_run_fsm_inst (ParamsDeserializer_run_run_fsm)    1.086    4.142  949.044    6.177   0.1
      ParamsDeserializer_run_staller_inst (ParamsDeserializer_run_staller) 8.53e-02 3.23e-02   43.899    0.161   0.0
      ParamsDeserializer_run_outputChannel3_rsci_inst (ParamsDeserializer_run_outputChannel3_rsci)    0.119    0.995 1.84e+03    2.957   0.0
        ParamsDeserializer_run_outputChannel3_rsci_outputChannel3_wait_dp_inst (ParamsDeserializer_run_outputChannel3_rsci_outputChannel3_wait_dp) 5.40e-03    0.721  122.807    0.849   0.0
        ParamsDeserializer_run_outputChannel3_rsci_outputChannel3_wait_ctrl_inst (ParamsDeserializer_run_outputChannel3_rsci_outputChannel3_wait_ctrl) 9.90e-03 1.69e-02   80.192    0.107   0.0
        outputChannel3_rsci (ccs_out_wait_v1_rscid4_width144)    0.104    0.258 1.64e+03    2.001   0.0
      ParamsDeserializer_run_outputChannel2_rsci_inst (ParamsDeserializer_run_outputChannel2_rsci) 8.33e-02    0.936 1.44e+03    2.458   0.0
        ParamsDeserializer_run_outputChannel2_rsci_outputChannel2_wait_dp_inst (ParamsDeserializer_run_outputChannel2_rsci_outputChannel2_wait_dp) 5.44e-03    0.720  122.821    0.849   0.0
        ParamsDeserializer_run_outputChannel2_rsci_outputChannel2_wait_ctrl_inst (ParamsDeserializer_run_outputChannel2_rsci_outputChannel2_wait_ctrl) 1.03e-02 1.69e-02   80.231    0.107   0.0
        outputChannel2_rsci (ccs_out_wait_v1_rscid3_width144) 6.76e-02    0.199 1.24e+03    1.502   0.0
      ParamsDeserializer_run_outputChannel1_rsci_inst (ParamsDeserializer_run_outputChannel1_rsci)    0.148    1.013 1.96e+03    3.118   0.0
        ParamsDeserializer_run_outputChannel1_rsci_outputChannel1_wait_dp_inst (ParamsDeserializer_run_outputChannel1_rsci_outputChannel1_wait_dp) 5.46e-03    0.720  122.821    0.849   0.0
        ParamsDeserializer_run_outputChannel1_rsci_outputChannel1_wait_ctrl_inst (ParamsDeserializer_run_outputChannel1_rsci_outputChannel1_wait_ctrl) 1.12e-02 1.70e-02   80.225    0.108   0.0
        outputChannel1_rsci (ccs_out_wait_v1_rscid2_width144)    0.131    0.276 1.75e+03    2.161   0.0
      ParamsDeserializer_run_inputChannel_rsci_inst (ParamsDeserializer_run_inputChannel_rsci)    3.943   14.938 2.38e+03   21.262   0.3
        ParamsDeserializer_run_inputChannel_rsci_inputChannel_wait_dp_inst (ParamsDeserializer_run_inputChannel_rsci_inputChannel_wait_dp)    3.565   14.492 2.09e+03   20.152   0.3
        ParamsDeserializer_run_inputChannel_rsci_inputChannel_wait_ctrl_inst (ParamsDeserializer_run_inputChannel_rsci_inputChannel_wait_ctrl) 7.89e-02 8.68e-02   84.817    0.251   0.0
        inputChannel_rsci (ccs_in_wait_v1_rscid1_width16)    0.299    0.358  201.928    0.859   0.0
  weight_out_cns_pipe (ccs_pipe_v5_rscid172_width128_sz_width1_fifo_sz3_log2_sz2_ph_clk1_ph_en0_ph_arst0_ph_srst0)    4.770    5.378 5.79e+04   68.026   0.9
    FIFO (ccs_fifo_wait_core_v5_rscid172_width128_sz_width1_fifo_sz3_ph_clk1_ph_en0_ph_arst0_ph_srst0_ph_log22)    4.770    5.378 5.79e+04   68.026   0.9
      FIFO_REG_GEN_REGS_0__BUFREG (ccs_genreg_v1_128_1_0_0_0_1_0)    1.459    0.845 1.52e+04   17.473   0.2
      FIFO_REG_GEN_REGS_0__STATREG (ccs_genreg_v1_1_1_0_0_0_1_10)    0.000    0.748  129.100    0.877   0.0
      FIFO_REG_GEN_REGS_1__BUFREG (ccs_genreg_v1_128_1_0_0_0_1_1)    1.429    0.864 1.52e+04   17.495   0.2
      FIFO_REG_GEN_REGS_1__STATREG (ccs_genreg_v1_1_1_0_0_0_1_11)    0.000    0.748  129.100    0.877   0.0
      FIFO_REG_GEN_REGS_2__BUFREG (ccs_genreg_v1_128_1_0_0_0_1_2)    1.406    0.850 1.52e+04   17.447   0.2
      FIFO_REG_GEN_REGS_2__STATREG (ccs_genreg_v1_1_1_0_0_0_1_12)    0.000    0.748  129.100    0.877   0.0
      FIFO_REG_HS_INIT_REG (ccs_genreg_v1_1_1_1_0_0_0_5) 2.13e-02    0.520  105.365    0.647   0.0
  input_out_cns_pipe (ccs_pipe_v5_rscid171_width128_sz_width1_fifo_sz3_log2_sz2_ph_clk1_ph_en0_ph_arst0_ph_srst0)    5.273    5.347 5.79e+04   68.523   0.9
    FIFO (ccs_fifo_wait_core_v5_rscid171_width128_sz_width1_fifo_sz3_ph_clk1_ph_en0_ph_arst0_ph_srst0_ph_log22)    5.273    5.347 5.79e+04   68.523   0.9
      FIFO_REG_GEN_REGS_0__BUFREG (ccs_genreg_v1_128_1_0_0_0_1_3)    1.439    0.849 1.52e+04   17.468   0.2
      FIFO_REG_GEN_REGS_0__STATREG (ccs_genreg_v1_1_1_0_0_0_1_13)    0.000    0.748  129.100    0.877   0.0
      FIFO_REG_GEN_REGS_1__BUFREG (ccs_genreg_v1_128_1_0_0_0_1_4)    1.803    0.833 1.52e+04   17.828   0.2
      FIFO_REG_GEN_REGS_1__STATREG (ccs_genreg_v1_1_1_0_0_0_1_14)    0.000    0.748  129.100    0.877   0.0
      FIFO_REG_GEN_REGS_2__BUFREG (ccs_genreg_v1_128_1_0_0_0_1_5)    1.541    0.826 1.52e+04   17.559   0.2
      FIFO_REG_GEN_REGS_2__STATREG (ccs_genreg_v1_1_1_0_0_0_1_15)    0.000    0.748  129.100    0.877   0.0
      FIFO_REG_HS_INIT_REG (ccs_genreg_v1_1_1_1_0_0_0_6) 2.16e-02    0.518  105.365    0.645   0.0
  output_cns_pipe (ccs_pipe_v5_rscid173_width256_sz_width1_fifo_sz3_log2_sz2_ph_clk1_ph_en0_ph_arst0_ph_srst0)    9.285    6.176 1.15e+05  130.026   1.6
    FIFO (ccs_fifo_wait_core_v5_rscid173_width256_sz_width1_fifo_sz3_ph_clk1_ph_en0_ph_arst0_ph_srst0_ph_log22)    9.285    6.176 1.15e+05  130.026   1.6
      FIFO_REG_GEN_REGS_0__BUFREG (ccs_genreg_v1_256_1_0_0_0_1_0)    3.052    1.170 3.03e+04   34.513   0.4
      FIFO_REG_GEN_REGS_0__STATREG (ccs_genreg_v1_1_1_0_0_0_1_16)    0.000    0.748  129.100    0.877   0.0
      FIFO_REG_GEN_REGS_1__BUFREG (ccs_genreg_v1_256_1_0_0_0_1_1)    2.997    1.067 3.03e+04   34.357   0.4
      FIFO_REG_GEN_REGS_1__STATREG (ccs_genreg_v1_1_1_0_0_0_1_17)    0.000    0.748  129.100    0.877   0.0
      FIFO_REG_GEN_REGS_2__BUFREG (ccs_genreg_v1_256_1_0_0_0_1_2)    2.744    1.090 3.03e+04   34.138   0.4
      FIFO_REG_GEN_REGS_2__STATREG (ccs_genreg_v1_1_1_0_0_0_1_18)    0.000    0.748  129.100    0.877   0.0
      FIFO_REG_HS_INIT_REG (ccs_genreg_v1_1_1_1_0_0_0_7) 2.09e-02    0.519  105.365    0.645   0.0
  systolicArrayParams_cns_pipe (ccs_pipe_v5_rscid174_width144_sz_width1_fifo_sz3_log2_sz2_ph_clk1_ph_en0_ph_arst0_ph_srst0)    6.132    9.690 5.80e+04   73.828   0.9
    FIFO (ccs_fifo_wait_core_v5_rscid174_width144_sz_width1_fifo_sz3_ph_clk1_ph_en0_ph_arst0_ph_srst0_ph_log22)    6.132    9.690 5.80e+04   73.828   0.9
      FIFO_REG_GEN_REGS_0__BUFREG (ccs_genreg_v1_144_1_0_0_0_1_7)    2.142    1.841 1.52e+04   19.200   0.2
      FIFO_REG_GEN_REGS_0__STATREG (ccs_genreg_v1_1_1_0_0_0_1_19) 1.56e-04    0.746  129.160    0.875   0.0
      FIFO_REG_GEN_REGS_1__BUFREG (ccs_genreg_v1_144_1_0_0_0_1_8)    1.593    1.835 1.52e+04   18.645   0.2
      FIFO_REG_GEN_REGS_1__STATREG (ccs_genreg_v1_1_1_0_0_0_1_20) 6.17e-04    0.742  129.318    0.872   0.0
      FIFO_REG_GEN_REGS_2__BUFREG (ccs_genreg_v1_144_1_0_0_0_1_9)    1.626    2.088 1.52e+04   18.928   0.2
      FIFO_REG_GEN_REGS_2__STATREG (ccs_genreg_v1_1_1_0_0_0_1_21) 2.97e-03    0.734  129.788    0.867   0.0
      FIFO_REG_HS_INIT_REG (ccs_genreg_v1_1_1_1_0_0_0_8) 2.37e-02    0.520  105.365    0.649   0.0
  weightDoubleBufferParams_cns_pipe (ccs_pipe_v5_rscid170_width144_sz_width1_fifo_sz3_log2_sz2_ph_clk1_ph_en0_ph_arst0_ph_srst0)    4.191    8.129 4.39e+04   56.236   0.7
    FIFO (ccs_fifo_wait_core_v5_rscid170_width144_sz_width1_fifo_sz3_ph_clk1_ph_en0_ph_arst0_ph_srst0_ph_log22)    4.162    8.116 4.38e+04   56.119   0.7
      FIFO_REG_GEN_REGS_0__BUFREG (ccs_genreg_v1_144_1_0_0_0_1_10)    1.328    1.511 1.14e+04   14.283   0.2
      FIFO_REG_GEN_REGS_0__STATREG (ccs_genreg_v1_1_1_0_0_0_1_22)    0.000    0.748  129.053    0.877   0.0
      FIFO_REG_GEN_REGS_1__BUFREG (ccs_genreg_v1_144_1_0_0_0_1_11)    1.168    1.461 1.14e+04   14.062   0.2
      FIFO_REG_GEN_REGS_1__STATREG (ccs_genreg_v1_1_1_0_0_0_1_23) 8.31e-05    0.748  129.073    0.877   0.0
      FIFO_REG_GEN_REGS_2__BUFREG (ccs_genreg_v1_144_1_0_0_0_1_12)    1.108    1.479 1.14e+04   14.021   0.2
      FIFO_REG_GEN_REGS_2__STATREG (ccs_genreg_v1_1_1_0_0_0_1_24) 3.37e-04    0.746  129.159    0.875   0.0
      FIFO_REG_HS_INIT_REG (ccs_genreg_v1_1_1_1_0_0_0_9) 2.13e-02    0.520  105.365    0.646   0.0
  inputDoubleBufferParams_cns_pipe (ccs_pipe_v5_rscid169_width144_sz_width1_fifo_sz3_log2_sz2_ph_clk1_ph_en0_ph_arst0_ph_srst0)    6.228    9.739 6.21e+04   78.040   1.0
    FIFO (ccs_fifo_wait_core_v5_rscid169_width144_sz_width1_fifo_sz3_ph_clk1_ph_en0_ph_arst0_ph_srst0_ph_log22)    6.221    9.735 6.20e+04   78.003   1.0
      FIFO_REG_GEN_REGS_0__BUFREG (ccs_genreg_v1_144_1_0_0_0_1_13)    2.050    1.897 1.63e+04   20.235   0.3
      FIFO_REG_GEN_REGS_0__STATREG (ccs_genreg_v1_1_1_0_0_0_1_25) 4.94e-05    0.748  129.073    0.877   0.0
      FIFO_REG_GEN_REGS_1__BUFREG (ccs_genreg_v1_144_1_0_0_0_1_14)    1.693    1.868 1.63e+04   19.848   0.3
      FIFO_REG_GEN_REGS_1__STATREG (ccs_genreg_v1_1_1_0_0_0_1_26) 2.58e-04    0.746  129.159    0.875   0.0
      FIFO_REG_GEN_REGS_2__BUFREG (ccs_genreg_v1_144_1_0_0_0_1_15)    1.695    1.949 1.63e+04   19.942   0.3
      FIFO_REG_GEN_REGS_2__STATREG (ccs_genreg_v1_1_1_0_0_0_1_27) 1.08e-03    0.742  129.318    0.873   0.0
      FIFO_REG_HS_INIT_REG (ccs_genreg_v1_1_1_1_0_0_0_10) 2.11e-02    0.519  105.365    0.646   0.0
1
