 
****************************************
Report : constraint
        -all_violators
        -verbose
Design : Conv
Version: L-2016.03-SP5-5
Date   : Tue Feb 25 19:44:30 2020
****************************************


    Net: systolicArray/systolicArrayCore/SystolicArrayCore_IDTYPE_WDTYPE_ODTYPE_16_16_struct_inst/SystolicArrayCore_IDTYPE_WDTYPE_ODTYPE_16_16_run_inst/n11473

    max_fanout            20.00
  - Fanout                21.00
  ------------------------------
    Slack                 -1.00  (VIOLATED)


    Net: systolicArray/systolicArrayCore/SystolicArrayCore_IDTYPE_WDTYPE_ODTYPE_16_16_struct_inst/SystolicArrayCore_IDTYPE_WDTYPE_ODTYPE_16_16_run_inst/n12824

    max_fanout            20.00
  - Fanout                21.00
  ------------------------------
    Slack                 -1.00  (VIOLATED)


    Design: Conv

    max_leakage_power          0.00
  - Current Leakage Power  2973660.50
  ----------------------------------
    Slack                  -2973660.50  (VIOLATED)


1
