Information: Propagating switching activity (low effort zero delay simulation). (PWR-6)
Warning: Design has unannotated primary inputs. (PWR-414)
Warning: Design has unannotated sequential cell outputs. (PWR-415)
Warning: Design has unannotated black box outputs. (PWR-428)
 
****************************************
Report : power
        -hier
        -analysis_effort low
Design : Conv
Version: L-2016.03-SP5-5
Date   : Tue Feb 25 19:44:45 2020
****************************************


Library(s) Used:

    NangateOpenCellLibrary (File: /home/users/skavya/ee272/ee272-hw5/Conv/design/5-synopsys-dc-synthesis/inputs/adk/stdcells.db)


Operating Conditions: typical   Library: NangateOpenCellLibrary
Wire Load Model Mode: Inactive.


Global Operating Voltage = 1.1  
Power-specific unit information :
    Voltage Units = 1V
    Capacitance Units = 1.000000ff
    Time Units = 1ns
    Dynamic Power Units = 1uW    (derived from V,C,T units)
    Leakage Power Units = 1nW


--------------------------------------------------------------------------------
                                       Switch   Int      Leak     Total
Hierarchy                              Power    Power    Power    Power    %
--------------------------------------------------------------------------------
Conv                                   1.72e+03 7.01e+03 2.97e+06 1.17e+04 100.0
  systolicArray (SystolicArrayWrapper_IDTYPE_WDTYPE_ODTYPE_16_16)  923.014 3.80e+03 1.71e+06 6.44e+03  55.0
    systolicArrayLooper_1 (SystolicArrayLooper)   73.848  325.022 8.22e+04  481.092   4.1
      SystolicArrayLooper_run_inst (SystolicArrayLooper_run)   73.321  324.974 8.22e+04  480.506   4.1
        mult_x_2 (SystolicArrayLooper_run_DW_mult_uns_J4_0)    3.805    3.354 2.36e+04   30.803   0.3
        add_x_7 (SystolicArrayLooper_run_DW01_inc_J4_0) 1.11e-02 1.96e-02  681.508    0.712   0.0
        add_x_8 (SystolicArrayLooper_run_DW01_add_J4_0)    0.198    0.295 1.97e+03    2.465   0.0
        SystolicArrayLooper_run_run_fsm_inst (SystolicArrayLooper_run_run_fsm)    1.871    6.442 1.94e+03   10.257   0.1
        SystolicArrayLooper_run_staller_inst (SystolicArrayLooper_run_staller)    0.170 6.69e-02   30.804    0.268   0.0
        SystolicArrayLooper_run_loopIndicesOut_rsci_inst (SystolicArrayLooper_run_loopIndicesOut_rsci) 9.13e-02    1.511  839.031    2.441   0.0
          SystolicArrayLooper_run_loopIndicesOut_rsci_loopIndicesOut_wait_dp_inst (SystolicArrayLooper_run_loopIndicesOut_rsci_loopIndicesOut_wait_dp) 5.24e-03    1.439  124.123    1.569   0.0
          SystolicArrayLooper_run_loopIndicesOut_rsci_loopIndicesOut_wait_ctrl_inst (SystolicArrayLooper_run_loopIndicesOut_rsci_loopIndicesOut_wait_ctrl) 1.14e-02 1.60e-02   78.441    0.106   0.0
          loopIndicesOut_rsci (ccs_out_wait_v1_rscid158_width48) 7.47e-02 5.57e-02  636.467    0.767   0.0
        SystolicArrayLooper_run_paramsOut_rsci_inst (SystolicArrayLooper_run_paramsOut_rsci)    0.377    1.667 1.24e+03    3.285   0.0
          SystolicArrayLooper_run_paramsOut_rsci_paramsOut_wait_dp_inst (SystolicArrayLooper_run_paramsOut_rsci_paramsOut_wait_dp) 5.43e-03    1.439  124.123    1.569   0.0
          SystolicArrayLooper_run_paramsOut_rsci_paramsOut_wait_ctrl_inst (SystolicArrayLooper_run_paramsOut_rsci_paramsOut_wait_ctrl) 9.21e-03 1.58e-02   78.441    0.103   0.0
          paramsOut_rsci (ccs_out_wait_v1_rscid157_width144)    0.362    0.212 1.04e+03    1.613   0.0
        SystolicArrayLooper_run_paramsIn_rsci_inst (SystolicArrayLooper_run_paramsIn_rsci)   36.746  185.134 1.63e+04  238.193   2.0
          SystolicArrayLooper_run_paramsIn_rsci_paramsIn_wait_dp_inst (SystolicArrayLooper_run_paramsIn_rsci_paramsIn_wait_dp)   35.355  184.365 1.43e+04  234.013   2.0
          SystolicArrayLooper_run_paramsIn_rsci_paramsIn_wait_ctrl_inst (SystolicArrayLooper_run_paramsIn_rsci_paramsIn_wait_ctrl)    0.144 7.01e-02   78.010    0.292   0.0
          paramsIn_rsci (ccs_in_wait_v1_rscid156_width144)    0.525    0.592 1.64e+03    2.756   0.0
    systolicArrayCore (SystolicArrayCore_IDTYPE_WDTYPE_ODTYPE_16_16)  836.830 3.45e+03 1.57e+06 5.86e+03  50.1
      SystolicArrayCore_IDTYPE_WDTYPE_ODTYPE_16_16_struct_inst (SystolicArrayCore_IDTYPE_WDTYPE_ODTYPE_16_16_struct)  836.830 3.45e+03 1.57e+06 5.86e+03  50.1
        SystolicArrayCore_IDTYPE_WDTYPE_ODTYPE_16_16_run_inst (SystolicArrayCore_IDTYPE_WDTYPE_ODTYPE_16_16_run)  822.666 3.44e+03 1.56e+06 5.82e+03  49.8
          mult_x_122 (SystolicArrayCore_IDTYPE_WDTYPE_ODTYPE_16_16_run_DW_mult_uns_J1_0)    1.644    1.388 2.37e+04   26.720   0.2
          add_x_443 (SystolicArrayCore_IDTYPE_WDTYPE_ODTYPE_16_16_run_DW01_add_J1_2) 3.09e-02    0.119 2.20e+03    2.353   0.0
          add_x_468 (SystolicArrayCore_IDTYPE_WDTYPE_ODTYPE_16_16_run_DW01_inc_J1_0) 7.56e-04 3.13e-03  681.184    0.685   0.0
          DP_OP_682J1_122_7340 (SystolicArrayCore_IDTYPE_WDTYPE_ODTYPE_16_16_run_DP_OP_682J1_122_7340_J1_0)    0.127    0.142 1.40e+03    1.672   0.0
          DP_OP_683J1_123_666 (SystolicArrayCore_IDTYPE_WDTYPE_ODTYPE_16_16_run_DP_OP_683J1_123_666_J1_0) 5.89e-02    0.100 1.26e+03    1.421   0.0
          DP_OP_684J1_124_7340 (SystolicArrayCore_IDTYPE_WDTYPE_ODTYPE_16_16_run_DP_OP_684J1_124_7340_J1_0)    0.127    0.144 1.40e+03    1.674   0.0
          DP_OP_685J1_125_7340 (SystolicArrayCore_IDTYPE_WDTYPE_ODTYPE_16_16_run_DP_OP_685J1_125_7340_J1_0)    0.128    0.144 1.40e+03    1.675   0.0
          SystolicArrayCore_IDTYPE_WDTYPE_ODTYPE_16_16_run_run_fsm_inst (SystolicArrayCore_IDTYPE_WDTYPE_ODTYPE_16_16_run_run_fsm)    2.033    9.615 2.00e+03   13.643   0.1
          SystolicArrayCore_IDTYPE_WDTYPE_ODTYPE_16_16_run_staller_inst (SystolicArrayCore_IDTYPE_WDTYPE_ODTYPE_16_16_run_staller)    1.586    1.154  164.402    2.905   0.0
          SystolicArrayCore_IDTYPE_WDTYPE_ODTYPE_16_16_run_wait_dp_inst (SystolicArrayCore_IDTYPE_WDTYPE_ODTYPE_16_16_run_wait_dp) 6.41e-02 1.31e-02  201.878    0.279   0.0
          SystolicArrayCore_IDTYPE_WDTYPE_ODTYPE_16_16_run_accumulation_buffer_rsc_0_15_i_1_inst (SystolicArrayCore_IDTYPE_WDTYPE_ODTYPE_16_16_run_accumulation_buffer_rsc_0_15_i_1)    4.836   28.935 2.32e+03   36.091   0.3
            SystolicArrayCore_IDTYPE_WDTYPE_ODTYPE_16_16_run_accumulation_buffer_rsc_0_15_i_1_accumulation_buffer_rsc_0_15_wait_dp_inst (SystolicArrayCore_IDTYPE_WDTYPE_ODTYPE_16_16_run_accumulation_buffer_rsc_0_15_i_1_accumulation_buffer_rsc_0_15_wait_dp)    4.836   28.934 2.21e+03   35.978   0.3
            SystolicArrayCore_IDTYPE_WDTYPE_ODTYPE_16_16_run_accumulation_buffer_rsc_0_15_i_1_accumulation_buffer_rsc_0_15_wait_ctrl_inst (SystolicArrayCore_IDTYPE_WDTYPE_ODTYPE_16_16_run_accumulation_buffer_rsc_0_15_i_1_accumulation_buffer_rsc_0_15_wait_ctrl) 9.91e-05 2.75e-04  113.563    0.114   0.0
          SystolicArrayCore_IDTYPE_WDTYPE_ODTYPE_16_16_run_accumulation_buffer_rsc_0_14_i_1_inst (SystolicArrayCore_IDTYPE_WDTYPE_ODTYPE_16_16_run_accumulation_buffer_rsc_0_14_i_1)    4.839   28.987 2.32e+03   36.147   0.3
            SystolicArrayCore_IDTYPE_WDTYPE_ODTYPE_16_16_run_accumulation_buffer_rsc_0_14_i_1_accumulation_buffer_rsc_0_14_wait_dp_inst (SystolicArrayCore_IDTYPE_WDTYPE_ODTYPE_16_16_run_accumulation_buffer_rsc_0_14_i_1_accumulation_buffer_rsc_0_14_wait_dp)    4.441   28.942 2.20e+03   35.579   0.3
            SystolicArrayCore_IDTYPE_WDTYPE_ODTYPE_16_16_run_accumulation_buffer_rsc_0_14_i_1_accumulation_buffer_rsc_0_14_wait_ctrl_inst (SystolicArrayCore_IDTYPE_WDTYPE_ODTYPE_16_16_run_accumulation_buffer_rsc_0_14_i_1_accumulation_buffer_rsc_0_14_wait_ctrl) 9.93e-05 1.91e-04  113.563    0.114   0.0
          SystolicArrayCore_IDTYPE_WDTYPE_ODTYPE_16_16_run_accumulation_buffer_rsc_0_13_i_1_inst (SystolicArrayCore_IDTYPE_WDTYPE_ODTYPE_16_16_run_accumulation_buffer_rsc_0_13_i_1)    4.582   28.956 2.31e+03   35.847   0.3
            SystolicArrayCore_IDTYPE_WDTYPE_ODTYPE_16_16_run_accumulation_buffer_rsc_0_13_i_1_accumulation_buffer_rsc_0_13_wait_dp_inst (SystolicArrayCore_IDTYPE_WDTYPE_ODTYPE_16_16_run_accumulation_buffer_rsc_0_13_i_1_accumulation_buffer_rsc_0_13_wait_dp)    4.582   28.956 2.20e+03   35.733   0.3
            SystolicArrayCore_IDTYPE_WDTYPE_ODTYPE_16_16_run_accumulation_buffer_rsc_0_13_i_1_accumulation_buffer_rsc_0_13_wait_ctrl_inst (SystolicArrayCore_IDTYPE_WDTYPE_ODTYPE_16_16_run_accumulation_buffer_rsc_0_13_i_1_accumulation_buffer_rsc_0_13_wait_ctrl) 9.89e-05 2.75e-04  113.563    0.114   0.0
          SystolicArrayCore_IDTYPE_WDTYPE_ODTYPE_16_16_run_accumulation_buffer_rsc_0_12_i_1_inst (SystolicArrayCore_IDTYPE_WDTYPE_ODTYPE_16_16_run_accumulation_buffer_rsc_0_12_i_1)    4.878   29.026 2.32e+03   36.223   0.3
            SystolicArrayCore_IDTYPE_WDTYPE_ODTYPE_16_16_run_accumulation_buffer_rsc_0_12_i_1_accumulation_buffer_rsc_0_12_wait_dp_inst (SystolicArrayCore_IDTYPE_WDTYPE_ODTYPE_16_16_run_accumulation_buffer_rsc_0_12_i_1_accumulation_buffer_rsc_0_12_wait_dp)    4.488   28.974 2.20e+03   35.658   0.3
            SystolicArrayCore_IDTYPE_WDTYPE_ODTYPE_16_16_run_accumulation_buffer_rsc_0_12_i_1_accumulation_buffer_rsc_0_12_wait_ctrl_inst (SystolicArrayCore_IDTYPE_WDTYPE_ODTYPE_16_16_run_accumulation_buffer_rsc_0_12_i_1_accumulation_buffer_rsc_0_12_wait_ctrl) 9.92e-05 1.91e-04  113.563    0.114   0.0
          SystolicArrayCore_IDTYPE_WDTYPE_ODTYPE_16_16_run_accumulation_buffer_rsc_0_11_i_1_inst (SystolicArrayCore_IDTYPE_WDTYPE_ODTYPE_16_16_run_accumulation_buffer_rsc_0_11_i_1)    4.872   29.003 2.32e+03   36.196   0.3
            SystolicArrayCore_IDTYPE_WDTYPE_ODTYPE_16_16_run_accumulation_buffer_rsc_0_11_i_1_accumulation_buffer_rsc_0_11_wait_dp_inst (SystolicArrayCore_IDTYPE_WDTYPE_ODTYPE_16_16_run_accumulation_buffer_rsc_0_11_i_1_accumulation_buffer_rsc_0_11_wait_dp)    4.872   29.003 2.21e+03   36.082   0.3
            SystolicArrayCore_IDTYPE_WDTYPE_ODTYPE_16_16_run_accumulation_buffer_rsc_0_11_i_1_accumulation_buffer_rsc_0_11_wait_ctrl_inst (SystolicArrayCore_IDTYPE_WDTYPE_ODTYPE_16_16_run_accumulation_buffer_rsc_0_11_i_1_accumulation_buffer_rsc_0_11_wait_ctrl) 9.85e-05 2.75e-04  113.563    0.114   0.0
          SystolicArrayCore_IDTYPE_WDTYPE_ODTYPE_16_16_run_accumulation_buffer_rsc_0_10_i_1_inst (SystolicArrayCore_IDTYPE_WDTYPE_ODTYPE_16_16_run_accumulation_buffer_rsc_0_10_i_1)    4.465   28.930 2.31e+03   35.705   0.3
            SystolicArrayCore_IDTYPE_WDTYPE_ODTYPE_16_16_run_accumulation_buffer_rsc_0_10_i_1_accumulation_buffer_rsc_0_10_wait_dp_inst (SystolicArrayCore_IDTYPE_WDTYPE_ODTYPE_16_16_run_accumulation_buffer_rsc_0_10_i_1_accumulation_buffer_rsc_0_10_wait_dp)    4.465   28.930 2.20e+03   35.591   0.3
            SystolicArrayCore_IDTYPE_WDTYPE_ODTYPE_16_16_run_accumulation_buffer_rsc_0_10_i_1_accumulation_buffer_rsc_0_10_wait_ctrl_inst (SystolicArrayCore_IDTYPE_WDTYPE_ODTYPE_16_16_run_accumulation_buffer_rsc_0_10_i_1_accumulation_buffer_rsc_0_10_wait_ctrl) 9.82e-05 1.91e-04  113.563    0.114   0.0
          SystolicArrayCore_IDTYPE_WDTYPE_ODTYPE_16_16_run_accumulation_buffer_rsc_0_9_i_1_inst (SystolicArrayCore_IDTYPE_WDTYPE_ODTYPE_16_16_run_accumulation_buffer_rsc_0_9_i_1)    4.468   28.970 2.31e+03   35.747   0.3
            SystolicArrayCore_IDTYPE_WDTYPE_ODTYPE_16_16_run_accumulation_buffer_rsc_0_9_i_1_accumulation_buffer_rsc_0_9_wait_dp_inst (SystolicArrayCore_IDTYPE_WDTYPE_ODTYPE_16_16_run_accumulation_buffer_rsc_0_9_i_1_accumulation_buffer_rsc_0_9_wait_dp)    4.468   28.970 2.20e+03   35.633   0.3
            SystolicArrayCore_IDTYPE_WDTYPE_ODTYPE_16_16_run_accumulation_buffer_rsc_0_9_i_1_accumulation_buffer_rsc_0_9_wait_ctrl_inst (SystolicArrayCore_IDTYPE_WDTYPE_ODTYPE_16_16_run_accumulation_buffer_rsc_0_9_i_1_accumulation_buffer_rsc_0_9_wait_ctrl) 9.95e-05 1.91e-04  113.563    0.114   0.0
          SystolicArrayCore_IDTYPE_WDTYPE_ODTYPE_16_16_run_accumulation_buffer_rsc_0_8_i_1_inst (SystolicArrayCore_IDTYPE_WDTYPE_ODTYPE_16_16_run_accumulation_buffer_rsc_0_8_i_1)    4.878   28.854 2.32e+03   36.053   0.3
            SystolicArrayCore_IDTYPE_WDTYPE_ODTYPE_16_16_run_accumulation_buffer_rsc_0_8_i_1_accumulation_buffer_rsc_0_8_wait_dp_inst (SystolicArrayCore_IDTYPE_WDTYPE_ODTYPE_16_16_run_accumulation_buffer_rsc_0_8_i_1_accumulation_buffer_rsc_0_8_wait_dp)    4.484   28.808 2.20e+03   35.489   0.3
            SystolicArrayCore_IDTYPE_WDTYPE_ODTYPE_16_16_run_accumulation_buffer_rsc_0_8_i_1_accumulation_buffer_rsc_0_8_wait_ctrl_inst (SystolicArrayCore_IDTYPE_WDTYPE_ODTYPE_16_16_run_accumulation_buffer_rsc_0_8_i_1_accumulation_buffer_rsc_0_8_wait_ctrl) 9.89e-05 2.75e-04  113.563    0.114   0.0
          SystolicArrayCore_IDTYPE_WDTYPE_ODTYPE_16_16_run_accumulation_buffer_rsc_0_7_i_1_inst (SystolicArrayCore_IDTYPE_WDTYPE_ODTYPE_16_16_run_accumulation_buffer_rsc_0_7_i_1)    4.462   28.892 2.31e+03   35.664   0.3
            SystolicArrayCore_IDTYPE_WDTYPE_ODTYPE_16_16_run_accumulation_buffer_rsc_0_7_i_1_accumulation_buffer_rsc_0_7_wait_dp_inst (SystolicArrayCore_IDTYPE_WDTYPE_ODTYPE_16_16_run_accumulation_buffer_rsc_0_7_i_1_accumulation_buffer_rsc_0_7_wait_dp)    4.462   28.892 2.20e+03   35.550   0.3
            SystolicArrayCore_IDTYPE_WDTYPE_ODTYPE_16_16_run_accumulation_buffer_rsc_0_7_i_1_accumulation_buffer_rsc_0_7_wait_ctrl_inst (SystolicArrayCore_IDTYPE_WDTYPE_ODTYPE_16_16_run_accumulation_buffer_rsc_0_7_i_1_accumulation_buffer_rsc_0_7_wait_ctrl) 9.90e-05 1.91e-04  113.563    0.114   0.0
          SystolicArrayCore_IDTYPE_WDTYPE_ODTYPE_16_16_run_accumulation_buffer_rsc_0_6_i_1_inst (SystolicArrayCore_IDTYPE_WDTYPE_ODTYPE_16_16_run_accumulation_buffer_rsc_0_6_i_1)    4.893   29.014 2.32e+03   36.227   0.3
            SystolicArrayCore_IDTYPE_WDTYPE_ODTYPE_16_16_run_accumulation_buffer_rsc_0_6_i_1_accumulation_buffer_rsc_0_6_wait_dp_inst (SystolicArrayCore_IDTYPE_WDTYPE_ODTYPE_16_16_run_accumulation_buffer_rsc_0_6_i_1_accumulation_buffer_rsc_0_6_wait_dp)    4.502   28.968 2.20e+03   35.666   0.3
            SystolicArrayCore_IDTYPE_WDTYPE_ODTYPE_16_16_run_accumulation_buffer_rsc_0_6_i_1_accumulation_buffer_rsc_0_6_wait_ctrl_inst (SystolicArrayCore_IDTYPE_WDTYPE_ODTYPE_16_16_run_accumulation_buffer_rsc_0_6_i_1_accumulation_buffer_rsc_0_6_wait_ctrl) 9.81e-05 2.75e-04  113.563    0.114   0.0
          SystolicArrayCore_IDTYPE_WDTYPE_ODTYPE_16_16_run_accumulation_buffer_rsc_0_5_i_1_inst (SystolicArrayCore_IDTYPE_WDTYPE_ODTYPE_16_16_run_accumulation_buffer_rsc_0_5_i_1)    4.903   28.810 2.32e+03   36.034   0.3
            SystolicArrayCore_IDTYPE_WDTYPE_ODTYPE_16_16_run_accumulation_buffer_rsc_0_5_i_1_accumulation_buffer_rsc_0_5_wait_dp_inst (SystolicArrayCore_IDTYPE_WDTYPE_ODTYPE_16_16_run_accumulation_buffer_rsc_0_5_i_1_accumulation_buffer_rsc_0_5_wait_dp)    4.502   28.769 2.20e+03   35.467   0.3
            SystolicArrayCore_IDTYPE_WDTYPE_ODTYPE_16_16_run_accumulation_buffer_rsc_0_5_i_1_accumulation_buffer_rsc_0_5_wait_ctrl_inst (SystolicArrayCore_IDTYPE_WDTYPE_ODTYPE_16_16_run_accumulation_buffer_rsc_0_5_i_1_accumulation_buffer_rsc_0_5_wait_ctrl) 9.93e-05 2.75e-04  113.563    0.114   0.0
          SystolicArrayCore_IDTYPE_WDTYPE_ODTYPE_16_16_run_accumulation_buffer_rsc_0_4_i_1_inst (SystolicArrayCore_IDTYPE_WDTYPE_ODTYPE_16_16_run_accumulation_buffer_rsc_0_4_i_1)    4.945   28.953 2.32e+03   36.219   0.3
            SystolicArrayCore_IDTYPE_WDTYPE_ODTYPE_16_16_run_accumulation_buffer_rsc_0_4_i_1_accumulation_buffer_rsc_0_4_wait_dp_inst (SystolicArrayCore_IDTYPE_WDTYPE_ODTYPE_16_16_run_accumulation_buffer_rsc_0_4_i_1_accumulation_buffer_rsc_0_4_wait_dp)    4.555   28.910 2.20e+03   35.661   0.3
            SystolicArrayCore_IDTYPE_WDTYPE_ODTYPE_16_16_run_accumulation_buffer_rsc_0_4_i_1_accumulation_buffer_rsc_0_4_wait_ctrl_inst (SystolicArrayCore_IDTYPE_WDTYPE_ODTYPE_16_16_run_accumulation_buffer_rsc_0_4_i_1_accumulation_buffer_rsc_0_4_wait_ctrl) 9.80e-05 2.75e-04  113.563    0.114   0.0
          SystolicArrayCore_IDTYPE_WDTYPE_ODTYPE_16_16_run_accumulation_buffer_rsc_0_3_i_1_inst (SystolicArrayCore_IDTYPE_WDTYPE_ODTYPE_16_16_run_accumulation_buffer_rsc_0_3_i_1)    4.834   28.887 2.32e+03   36.042   0.3
            SystolicArrayCore_IDTYPE_WDTYPE_ODTYPE_16_16_run_accumulation_buffer_rsc_0_3_i_1_accumulation_buffer_rsc_0_3_wait_dp_inst (SystolicArrayCore_IDTYPE_WDTYPE_ODTYPE_16_16_run_accumulation_buffer_rsc_0_3_i_1_accumulation_buffer_rsc_0_3_wait_dp)    4.834   28.887 2.21e+03   35.928   0.3
            SystolicArrayCore_IDTYPE_WDTYPE_ODTYPE_16_16_run_accumulation_buffer_rsc_0_3_i_1_accumulation_buffer_rsc_0_3_wait_ctrl_inst (SystolicArrayCore_IDTYPE_WDTYPE_ODTYPE_16_16_run_accumulation_buffer_rsc_0_3_i_1_accumulation_buffer_rsc_0_3_wait_ctrl) 9.92e-05 1.91e-04  113.563    0.114   0.0
          SystolicArrayCore_IDTYPE_WDTYPE_ODTYPE_16_16_run_accumulation_buffer_rsc_0_2_i_1_inst (SystolicArrayCore_IDTYPE_WDTYPE_ODTYPE_16_16_run_accumulation_buffer_rsc_0_2_i_1)    4.435   28.870 2.31e+03   35.614   0.3
            SystolicArrayCore_IDTYPE_WDTYPE_ODTYPE_16_16_run_accumulation_buffer_rsc_0_2_i_1_accumulation_buffer_rsc_0_2_wait_dp_inst (SystolicArrayCore_IDTYPE_WDTYPE_ODTYPE_16_16_run_accumulation_buffer_rsc_0_2_i_1_accumulation_buffer_rsc_0_2_wait_dp)    4.435   28.869 2.20e+03   35.500   0.3
            SystolicArrayCore_IDTYPE_WDTYPE_ODTYPE_16_16_run_accumulation_buffer_rsc_0_2_i_1_accumulation_buffer_rsc_0_2_wait_ctrl_inst (SystolicArrayCore_IDTYPE_WDTYPE_ODTYPE_16_16_run_accumulation_buffer_rsc_0_2_i_1_accumulation_buffer_rsc_0_2_wait_ctrl) 9.87e-05 2.75e-04  113.563    0.114   0.0
          SystolicArrayCore_IDTYPE_WDTYPE_ODTYPE_16_16_run_accumulation_buffer_rsc_0_1_i_1_inst (SystolicArrayCore_IDTYPE_WDTYPE_ODTYPE_16_16_run_accumulation_buffer_rsc_0_1_i_1)    4.904   28.961 2.32e+03   36.185   0.3
            SystolicArrayCore_IDTYPE_WDTYPE_ODTYPE_16_16_run_accumulation_buffer_rsc_0_1_i_1_accumulation_buffer_rsc_0_1_wait_dp_inst (SystolicArrayCore_IDTYPE_WDTYPE_ODTYPE_16_16_run_accumulation_buffer_rsc_0_1_i_1_accumulation_buffer_rsc_0_1_wait_dp)    4.514   28.917 2.20e+03   35.626   0.3
            SystolicArrayCore_IDTYPE_WDTYPE_ODTYPE_16_16_run_accumulation_buffer_rsc_0_1_i_1_accumulation_buffer_rsc_0_1_wait_ctrl_inst (SystolicArrayCore_IDTYPE_WDTYPE_ODTYPE_16_16_run_accumulation_buffer_rsc_0_1_i_1_accumulation_buffer_rsc_0_1_wait_ctrl) 9.90e-05 2.75e-04  113.563    0.114   0.0
          SystolicArrayCore_IDTYPE_WDTYPE_ODTYPE_16_16_run_accumulation_buffer_rsc_0_0_i_1_inst (SystolicArrayCore_IDTYPE_WDTYPE_ODTYPE_16_16_run_accumulation_buffer_rsc_0_0_i_1)    4.999   29.022 2.32e+03   36.341   0.3
            SystolicArrayCore_IDTYPE_WDTYPE_ODTYPE_16_16_run_accumulation_buffer_rsc_0_0_i_1_accumulation_buffer_rsc_0_0_wait_dp_inst (SystolicArrayCore_IDTYPE_WDTYPE_ODTYPE_16_16_run_accumulation_buffer_rsc_0_0_i_1_accumulation_buffer_rsc_0_0_wait_dp)    4.999   29.022 2.21e+03   36.228   0.3
            SystolicArrayCore_IDTYPE_WDTYPE_ODTYPE_16_16_run_accumulation_buffer_rsc_0_0_i_1_accumulation_buffer_rsc_0_0_wait_ctrl_inst (SystolicArrayCore_IDTYPE_WDTYPE_ODTYPE_16_16_run_accumulation_buffer_rsc_0_0_i_1_accumulation_buffer_rsc_0_0_wait_ctrl) 9.95e-05 1.91e-04  113.563    0.114   0.0
          SystolicArrayCore_IDTYPE_WDTYPE_ODTYPE_16_16_run_loopIndicesIn_rsci_inst (SystolicArrayCore_IDTYPE_WDTYPE_ODTYPE_16_16_run_loopIndicesIn_rsci)   13.097   72.408 6.12e+03   91.621   0.8
            SystolicArrayCore_IDTYPE_WDTYPE_ODTYPE_16_16_run_loopIndicesIn_rsci_loopIndicesIn_wait_dp_inst (SystolicArrayCore_IDTYPE_WDTYPE_ODTYPE_16_16_run_loopIndicesIn_rsci_loopIndicesIn_wait_dp)   13.023   72.305 5.40e+03   90.730   0.8
            SystolicArrayCore_IDTYPE_WDTYPE_ODTYPE_16_16_run_loopIndicesIn_rsci_loopIndicesIn_wait_ctrl_inst (SystolicArrayCore_IDTYPE_WDTYPE_ODTYPE_16_16_run_loopIndicesIn_rsci_loopIndicesIn_wait_ctrl) 5.92e-02 6.03e-02   78.234    0.198   0.0
            loopIndicesIn_rsci (ccs_in_wait_v1_rscid104_width48) 1.42e-02 4.31e-02  636.541    0.694   0.0
          SystolicArrayCore_IDTYPE_WDTYPE_ODTYPE_16_16_run_paramsIn_rsci_inst (SystolicArrayCore_IDTYPE_WDTYPE_ODTYPE_16_16_run_paramsIn_rsci)   22.088  116.916 1.01e+04  149.078   1.3
            SystolicArrayCore_IDTYPE_WDTYPE_ODTYPE_16_16_run_paramsIn_rsci_paramsIn_wait_dp_inst (SystolicArrayCore_IDTYPE_WDTYPE_ODTYPE_16_16_run_paramsIn_rsci_paramsIn_wait_dp)   21.484  116.610 8.95e+03  147.039   1.3
            SystolicArrayCore_IDTYPE_WDTYPE_ODTYPE_16_16_run_paramsIn_rsci_paramsIn_wait_ctrl_inst (SystolicArrayCore_IDTYPE_WDTYPE_ODTYPE_16_16_run_paramsIn_rsci_paramsIn_wait_ctrl) 5.34e-02 5.98e-02   78.234    0.191   0.0
            paramsIn_rsci (ccs_in_wait_v1_rscid103_width144) 9.86e-02    0.201 1.04e+03    1.338   0.0
          SystolicArrayCore_IDTYPE_WDTYPE_ODTYPE_16_16_run_output_rsci_inst (SystolicArrayCore_IDTYPE_WDTYPE_ODTYPE_16_16_run_output_rsci) 3.97e-02    1.472 3.49e+03    5.004   0.0
            SystolicArrayCore_IDTYPE_WDTYPE_ODTYPE_16_16_run_output_rsci_output_wait_dp_inst (SystolicArrayCore_IDTYPE_WDTYPE_ODTYPE_16_16_run_output_rsci_output_wait_dp)    0.000    1.434  122.338    1.556   0.0
            SystolicArrayCore_IDTYPE_WDTYPE_ODTYPE_16_16_run_output_rsci_output_wait_ctrl_inst (SystolicArrayCore_IDTYPE_WDTYPE_ODTYPE_16_16_run_output_rsci_output_wait_ctrl) 1.17e-04 9.34e-05   77.822 7.80e-02   0.0
            output_rsci (ccs_out_wait_v1_rscid102_width256) 3.96e-02 3.85e-02 3.29e+03    3.370   0.0
          SystolicArrayCore_IDTYPE_WDTYPE_ODTYPE_16_16_run_weight_rsci_inst (SystolicArrayCore_IDTYPE_WDTYPE_ODTYPE_16_16_run_weight_rsci)   34.128  185.866 1.61e+04  236.110   2.0
            SystolicArrayCore_IDTYPE_WDTYPE_ODTYPE_16_16_run_weight_rsci_weight_wait_dp_inst (SystolicArrayCore_IDTYPE_WDTYPE_ODTYPE_16_16_run_weight_rsci_weight_wait_dp)   34.122  185.860 1.41e+04  234.058   2.0
            SystolicArrayCore_IDTYPE_WDTYPE_ODTYPE_16_16_run_weight_rsci_weight_wait_ctrl_inst (SystolicArrayCore_IDTYPE_WDTYPE_ODTYPE_16_16_run_weight_rsci_weight_wait_ctrl) 4.88e-03 3.98e-03   73.221 8.21e-02   0.0
            weight_rsci (ccs_in_wait_v1_rscid101_width128) 8.69e-04 2.81e-03 1.66e+03    1.663   0.0
          SystolicArrayCore_IDTYPE_WDTYPE_ODTYPE_16_16_run_input_rsci_inst (SystolicArrayCore_IDTYPE_WDTYPE_ODTYPE_16_16_run_input_rsci)   34.052  185.852 1.58e+04  235.693   2.0
            SystolicArrayCore_IDTYPE_WDTYPE_ODTYPE_16_16_run_input_rsci_input_wait_dp_inst (SystolicArrayCore_IDTYPE_WDTYPE_ODTYPE_16_16_run_input_rsci_input_wait_dp)   34.052  185.851 1.41e+04  233.960   2.0
            SystolicArrayCore_IDTYPE_WDTYPE_ODTYPE_16_16_run_input_rsci_input_wait_ctrl_inst (SystolicArrayCore_IDTYPE_WDTYPE_ODTYPE_16_16_run_input_rsci_input_wait_ctrl) 2.10e-04 9.14e-05   72.828 7.31e-02   0.0
            input_rsci (ccs_in_wait_v1_rscid100_width128) 2.49e-05 6.84e-05 1.66e+03    1.659   0.0
          input_fifo_0_run_cmp (Fifo_IDTYPE_1) 3.66e-04    1.152  883.680    2.036   0.0
            Fifo_IDTYPE_1_run_inst (Fifo_IDTYPE_1_run) 3.66e-04    1.152  883.680    2.036   0.0
              output_rsci (mgc_out_dreg_v2_rscid7_width8)    0.000    0.000  102.107    0.102   0.0
              input_rsci (ccs_in_v1_rscid6_width8) 3.66e-04 1.98e-04  102.089    0.103   0.0
          accum_fifo_0_run_cmp (Fifo_ODTYPE_1) 5.64e-02    1.516 1.71e+03    3.279   0.0
            Fifo_ODTYPE_1_run_inst (Fifo_ODTYPE_1_run) 5.64e-02    1.516 1.71e+03    3.279   0.0
              output_rsci (mgc_out_dreg_v2_rscid54_width16)    0.000    0.000  204.215    0.204   0.0
              input_rsci (ccs_in_v1_rscid53_width16)    0.000    0.000  204.215    0.204   0.0
          pe_0_0_run_cmp (ProcessingElement_IDTYPE_ODTYPE)    0.390    1.449 9.52e+03   11.362   0.1
            ProcessingElement_IDTYPE_ODTYPE_run_inst (ProcessingElement_IDTYPE_ODTYPE_run)    0.381    1.448 9.36e+03   11.185   0.1
              DP_OP_3J28_122_1785 (ProcessingElement_IDTYPE_ODTYPE_run_DP_OP_3J28_122_1785_J28_0) 1.20e-02 9.61e-03 6.58e+03    6.597   0.1
              psum_out_rsci (mgc_out_dreg_v2_rscid5_width16)    0.000    0.000  204.215    0.204   0.0
              input_out_rsci (mgc_out_dreg_v2_rscid4_width8) 2.19e-04 7.63e-04  102.104    0.103   0.0
              weight_rsci (ccs_in_v1_rscid3_width8)    0.000    0.000  102.107    0.102   0.0
              psum_in_rsci (ccs_in_v1_rscid2_width16)    0.000    0.000  204.215    0.204   0.0
              input_in_rsci (ccs_in_v1_rscid1_width8) 6.20e-03 6.98e-04  102.103    0.109   0.0
          input_fifo_1_rsci (Fifo_IDTYPE_2) 2.57e-04    2.304 1.60e+03    3.901   0.0
            Fifo_IDTYPE_2_run_inst (Fifo_IDTYPE_2_run) 2.57e-04    2.304 1.60e+03    3.901   0.0
              ccs_ccore_start_rsci (ccs_in_v1_rscid147_width1)    0.000    0.000   12.763 1.28e-02   0.0
              output_rsci (mgc_out_dreg_v2_rscid9_width8)    0.000    0.000  102.107    0.102   0.0
              input_rsci (ccs_in_v1_rscid8_width8) 2.57e-04 1.96e-04  102.089    0.103   0.0
          input_fifo_2_rsci (Fifo_IDTYPE_3)    0.436    2.356 2.23e+03    5.018   0.0
            Fifo_IDTYPE_3_run_inst (Fifo_IDTYPE_3_run)    0.436    2.356 2.23e+03    5.018   0.0
              ccs_ccore_start_rsci (ccs_in_v1_rscid146_width1)    0.000    0.000   12.763 1.28e-02   0.0
              output_rsci (mgc_out_dreg_v2_rscid12_width8)    0.000    0.000  102.107    0.102   0.0
              input_rsci (ccs_in_v1_rscid11_width8) 3.04e-04 1.97e-04  102.089    0.103   0.0
          input_fifo_3_rsci (Fifo_IDTYPE_4)    0.433    2.362 2.84e+03    5.639   0.0
            Fifo_IDTYPE_4_run_inst (Fifo_IDTYPE_4_run)    0.433    2.362 2.84e+03    5.639   0.0
              ccs_ccore_start_rsci (ccs_in_v1_rscid145_width1)    0.000    0.000   12.763 1.28e-02   0.0
              output_rsci (mgc_out_dreg_v2_rscid15_width8)    0.000    0.000  102.107    0.102   0.0
              input_rsci (ccs_in_v1_rscid14_width8) 2.29e-04 1.96e-04  102.089    0.103   0.0
          input_fifo_4_rsci (Fifo_IDTYPE_5)    0.499    2.413 3.47e+03    6.386   0.1
            Fifo_IDTYPE_5_run_inst (Fifo_IDTYPE_5_run)    0.499    2.413 3.47e+03    6.386   0.1
              ccs_ccore_start_rsci (ccs_in_v1_rscid144_width1)    0.000    0.000   12.763 1.28e-02   0.0
              output_rsci (mgc_out_dreg_v2_rscid18_width8)    0.000    0.000  102.107    0.102   0.0
              input_rsci (ccs_in_v1_rscid17_width8)    0.000    0.000  102.107    0.102   0.0
          input_fifo_5_rsci (Fifo_IDTYPE_6)    1.140    2.505 4.13e+03    7.772   0.1
            Fifo_IDTYPE_6_run_inst (Fifo_IDTYPE_6_run)    1.140    2.505 4.13e+03    7.772   0.1
              ccs_ccore_start_rsci (ccs_in_v1_rscid143_width1)    0.000    0.000   12.763 1.28e-02   0.0
              output_rsci (mgc_out_dreg_v2_rscid21_width8)    0.000    0.000  102.107    0.102   0.0
              input_rsci (ccs_in_v1_rscid20_width8)    0.000    0.000  102.107    0.102   0.0
          input_fifo_6_rsci (Fifo_IDTYPE_7)    1.219    2.471 4.72e+03    8.411   0.1
            Fifo_IDTYPE_7_run_inst (Fifo_IDTYPE_7_run)    1.219    2.471 4.72e+03    8.411   0.1
              ccs_ccore_start_rsci (ccs_in_v1_rscid142_width1)    0.000    0.000   12.763 1.28e-02   0.0
              output_rsci (mgc_out_dreg_v2_rscid24_width8)    0.000    0.000  102.107    0.102   0.0
              input_rsci (ccs_in_v1_rscid23_width8)    0.000    0.000  102.107    0.102   0.0
          input_fifo_7_rsci (Fifo_IDTYPE_8)    1.507    2.519 5.36e+03    9.390   0.1
            Fifo_IDTYPE_8_run_inst (Fifo_IDTYPE_8_run)    1.507    2.519 5.36e+03    9.390   0.1
              ccs_ccore_start_rsci (ccs_in_v1_rscid141_width1)    0.000    0.000   12.763 1.28e-02   0.0
              output_rsci (mgc_out_dreg_v2_rscid27_width8)    0.000    0.000  102.107    0.102   0.0
              input_rsci (ccs_in_v1_rscid26_width8)    0.000    0.000  102.107    0.102   0.0
          input_fifo_8_rsci (Fifo_IDTYPE_9)    1.546    2.526 5.98e+03   10.054   0.1
            Fifo_IDTYPE_9_run_inst (Fifo_IDTYPE_9_run)    1.546    2.526 5.98e+03   10.054   0.1
              ccs_ccore_start_rsci (ccs_in_v1_rscid140_width1)    0.000    0.000   12.763 1.28e-02   0.0
              output_rsci (mgc_out_dreg_v2_rscid30_width8)    0.000    0.000  102.107    0.102   0.0
              input_rsci (ccs_in_v1_rscid29_width8) 3.03e-04 3.84e-04  102.071    0.103   0.0
          input_fifo_9_rsci (Fifo_IDTYPE_10)    2.037    2.583 6.61e+03   11.232   0.1
            Fifo_IDTYPE_10_run_inst (Fifo_IDTYPE_10_run)    1.611    2.537 6.60e+03   10.749   0.1
              ccs_ccore_start_rsci (ccs_in_v1_rscid139_width1)    0.000    0.000   12.763 1.28e-02   0.0
              output_rsci (mgc_out_dreg_v2_rscid33_width8)    0.000    0.000  102.107    0.102   0.0
              input_rsci (ccs_in_v1_rscid32_width8) 2.25e-04 1.96e-04  102.089    0.103   0.0
          input_fifo_10_rsci (Fifo_IDTYPE_11)    2.094    2.589 7.22e+03   11.900   0.1
            Fifo_IDTYPE_11_run_inst (Fifo_IDTYPE_11_run)    2.094    2.589 7.22e+03   11.900   0.1
              ccs_ccore_start_rsci (ccs_in_v1_rscid138_width1)    0.000    0.000   12.763 1.28e-02   0.0
              output_rsci (mgc_out_dreg_v2_rscid36_width8)    0.000    0.000  102.107    0.102   0.0
              input_rsci (ccs_in_v1_rscid35_width8)    0.000    0.000  102.107    0.102   0.0
          input_fifo_11_rsci (Fifo_IDTYPE_12)    1.987    2.610 7.84e+03   12.432   0.1
            Fifo_IDTYPE_12_run_inst (Fifo_IDTYPE_12_run)    1.987    2.610 7.84e+03   12.432   0.1
              ccs_ccore_start_rsci (ccs_in_v1_rscid137_width1)    0.000    0.000   12.763 1.28e-02   0.0
              output_rsci (mgc_out_dreg_v2_rscid39_width8)    0.000    0.000  102.107    0.102   0.0
              input_rsci (ccs_in_v1_rscid38_width8)    0.000    0.000  102.107    0.102   0.0
          input_fifo_12_rsci (Fifo_IDTYPE_13)    2.448    2.730 8.49e+03   13.665   0.1
            Fifo_IDTYPE_13_run_inst (Fifo_IDTYPE_13_run)    2.448    2.730 8.49e+03   13.665   0.1
              ccs_ccore_start_rsci (ccs_in_v1_rscid136_width1)    0.000    0.000   12.763 1.28e-02   0.0
              output_rsci (mgc_out_dreg_v2_rscid42_width8)    0.000    0.000  102.107    0.102   0.0
              input_rsci (ccs_in_v1_rscid41_width8)    0.000    0.000  102.107    0.102   0.0
          input_fifo_13_rsci (Fifo_IDTYPE_14)    2.730    2.714 9.09e+03   14.539   0.1
            Fifo_IDTYPE_14_run_inst (Fifo_IDTYPE_14_run)    2.730    2.714 9.09e+03   14.539   0.1
              ccs_ccore_start_rsci (ccs_in_v1_rscid135_width1)    0.000    0.000   12.763 1.28e-02   0.0
              output_rsci (mgc_out_dreg_v2_rscid45_width8)    0.000    0.000  102.107    0.102   0.0
              input_rsci (ccs_in_v1_rscid44_width8)    0.000    0.000  102.107    0.102   0.0
          input_fifo_14_rsci (Fifo_IDTYPE_15)    2.566    2.719 9.71e+03   14.998   0.1
            Fifo_IDTYPE_15_run_inst (Fifo_IDTYPE_15_run)    2.566    2.719 9.71e+03   14.998   0.1
              ccs_ccore_start_rsci (ccs_in_v1_rscid134_width1)    0.000    0.000   12.763 1.28e-02   0.0
              output_rsci (mgc_out_dreg_v2_rscid48_width8)    0.000    0.000  102.107    0.102   0.0
              input_rsci (ccs_in_v1_rscid47_width8) 7.96e-04 2.00e-04  102.089    0.103   0.0
          input_fifo_15_rsci (Fifo_IDTYPE_16)    2.996    2.765 1.04e+04   16.117   0.1
            Fifo_IDTYPE_16_run_inst (Fifo_IDTYPE_16_run)    2.996    2.765 1.04e+04   16.117   0.1
              ccs_ccore_start_rsci (ccs_in_v1_rscid133_width1)    0.000    0.000   12.763 1.28e-02   0.0
              output_rsci (mgc_out_dreg_v2_rscid51_width8)    0.000    0.000  102.107    0.102   0.0
              input_rsci (ccs_in_v1_rscid50_width8) 8.64e-04 2.00e-04  102.089    0.103   0.0
          output_fifo_14_rsci (Fifo_ODTYPE_2_0)    0.498    2.724 3.05e+03    6.271   0.1
            Fifo_ODTYPE_2_run_inst (Fifo_ODTYPE_2_run_0)    0.498    2.724 3.05e+03    6.271   0.1
              ccs_ccore_start_rsci (ccs_in_v1_rscid131_width1_0) 6.99e-03 4.03e-03   12.749 2.38e-02   0.0
              output_rsci (mgc_out_dreg_v2_rscid56_width16_0)    0.000    0.000  204.215    0.204   0.0
              input_rsci (ccs_in_v1_rscid55_width16_0)    0.000    0.000  204.215    0.204   0.0
          accum_fifo_1_rsci (Fifo_ODTYPE_2_1)    0.716    4.178 3.10e+03    7.991   0.1
            Fifo_ODTYPE_2_run_inst (Fifo_ODTYPE_2_run_1)    0.716    4.178 3.10e+03    7.991   0.1
              ccs_ccore_start_rsci (ccs_in_v1_rscid131_width1_1)    0.000    0.000   12.763 1.28e-02   0.0
              output_rsci (mgc_out_dreg_v2_rscid56_width16_1)    0.000    0.000  204.215    0.204   0.0
              input_rsci (ccs_in_v1_rscid55_width16_1)    0.276    0.605  179.518    1.061   0.0
          output_fifo_13_rsci (Fifo_ODTYPE_3_0)    1.212    2.973 4.32e+03    8.504   0.1
            Fifo_ODTYPE_3_run_inst (Fifo_ODTYPE_3_run_0)    1.212    2.973 4.32e+03    8.504   0.1
              ccs_ccore_start_rsci (ccs_in_v1_rscid130_width1_0) 6.95e-03 4.03e-03   12.749 2.37e-02   0.0
              output_rsci (mgc_out_dreg_v2_rscid59_width16_0)    0.000    0.000  204.215    0.204   0.0
              input_rsci (ccs_in_v1_rscid58_width16_0)    0.000    0.000  204.215    0.204   0.0
          accum_fifo_2_rsci (Fifo_ODTYPE_3_1)    1.488    4.323 4.37e+03   10.179   0.1
            Fifo_ODTYPE_3_run_inst (Fifo_ODTYPE_3_run_1)    1.488    4.323 4.37e+03   10.179   0.1
              ccs_ccore_start_rsci (ccs_in_v1_rscid130_width1_1)    0.000    0.000   12.763 1.28e-02   0.0
              output_rsci (mgc_out_dreg_v2_rscid59_width16_1)    0.000    0.000  204.215    0.204   0.0
              input_rsci (ccs_in_v1_rscid58_width16_1)    0.320    0.609  179.384    1.108   0.0
          output_fifo_12_rsci (Fifo_ODTYPE_4_0)    1.628    3.093 5.57e+03   10.290   0.1
            Fifo_ODTYPE_4_run_inst (Fifo_ODTYPE_4_run_0)    1.628    3.093 5.57e+03   10.290   0.1
              ccs_ccore_start_rsci (ccs_in_v1_rscid129_width1_0) 1.15e-02 4.64e-03   12.749 2.89e-02   0.0
              output_rsci (mgc_out_dreg_v2_rscid62_width16_0)    0.000    0.000  204.215    0.204   0.0
              input_rsci (ccs_in_v1_rscid61_width16_0)    0.000    0.000  204.215    0.204   0.0
          accum_fifo_3_rsci (Fifo_ODTYPE_4_1)    1.832    4.353 5.60e+03   11.789   0.1
            Fifo_ODTYPE_4_run_inst (Fifo_ODTYPE_4_run_1)    1.832    4.353 5.60e+03   11.789   0.1
              ccs_ccore_start_rsci (ccs_in_v1_rscid129_width1_1)    0.000    0.000   12.763 1.28e-02   0.0
              output_rsci (mgc_out_dreg_v2_rscid62_width16_1)    0.000    0.000  204.215    0.204   0.0
              input_rsci (ccs_in_v1_rscid61_width16_1)    0.319    0.613  179.416    1.112   0.0
          output_fifo_11_rsci (Fifo_ODTYPE_5_0)    2.101    3.259 6.82e+03   12.176   0.1
            Fifo_ODTYPE_5_run_inst (Fifo_ODTYPE_5_run_0)    1.737    3.211 6.81e+03   11.753   0.1
              ccs_ccore_start_rsci (ccs_in_v1_rscid128_width1_0) 5.47e-03 4.02e-03   12.749 2.22e-02   0.0
              output_rsci (mgc_out_dreg_v2_rscid65_width16_0)    0.000    0.000  204.215    0.204   0.0
              input_rsci (ccs_in_v1_rscid64_width16_0)    0.000    0.000  204.215    0.204   0.0
          accum_fifo_4_rsci (Fifo_ODTYPE_5_1)    1.926    4.367 6.84e+03   13.134   0.1
            Fifo_ODTYPE_5_run_inst (Fifo_ODTYPE_5_run_1)    1.926    4.367 6.84e+03   13.134   0.1
              ccs_ccore_start_rsci (ccs_in_v1_rscid128_width1_1)    0.000    0.000   12.763 1.28e-02   0.0
              output_rsci (mgc_out_dreg_v2_rscid65_width16_1)    0.000    0.000  204.215    0.204   0.0
              input_rsci (ccs_in_v1_rscid64_width16_1)    0.285    0.610  179.476    1.075   0.0
          output_fifo_10_rsci (Fifo_ODTYPE_6_0)    2.509    3.434 8.06e+03   14.008   0.1
            Fifo_ODTYPE_6_run_inst (Fifo_ODTYPE_6_run_0)    1.999    3.386 8.05e+03   13.439   0.1
              ccs_ccore_start_rsci (ccs_in_v1_rscid127_width1_0) 5.86e-03 4.02e-03   12.749 2.26e-02   0.0
              output_rsci (mgc_out_dreg_v2_rscid68_width16_0)    0.000    0.000  204.215    0.204   0.0
              input_rsci (ccs_in_v1_rscid67_width16_0)    0.000    0.000  204.215    0.204   0.0
          accum_fifo_5_rsci (Fifo_ODTYPE_6_1)    2.601    4.496 8.11e+03   15.209   0.1
            Fifo_ODTYPE_6_run_inst (Fifo_ODTYPE_6_run_1)    2.601    4.496 8.11e+03   15.209   0.1
              ccs_ccore_start_rsci (ccs_in_v1_rscid127_width1_1)    0.000    0.000   12.763 1.28e-02   0.0
              output_rsci (mgc_out_dreg_v2_rscid68_width16_1)    0.000    0.000  204.215    0.204   0.0
              input_rsci (ccs_in_v1_rscid67_width16_1)    0.317    0.610  179.357    1.107   0.0
          output_fifo_9_rsci (Fifo_ODTYPE_7_0)    2.830    3.617 9.31e+03   15.758   0.1
            Fifo_ODTYPE_7_run_inst (Fifo_ODTYPE_7_run_0)    2.830    3.617 9.31e+03   15.758   0.1
              ccs_ccore_start_rsci (ccs_in_v1_rscid126_width1_0) 4.38e-03 4.01e-03   12.749 2.11e-02   0.0
              output_rsci (mgc_out_dreg_v2_rscid71_width16_0)    0.000    0.000  204.215    0.204   0.0
              input_rsci (ccs_in_v1_rscid70_width16_0)    0.000    0.000  204.215    0.204   0.0
          accum_fifo_6_rsci (Fifo_ODTYPE_7_1)    2.947    4.557 9.35e+03   16.852   0.1
            Fifo_ODTYPE_7_run_inst (Fifo_ODTYPE_7_run_1)    2.947    4.557 9.35e+03   16.852   0.1
              ccs_ccore_start_rsci (ccs_in_v1_rscid126_width1_1)    0.000    0.000   12.763 1.28e-02   0.0
              output_rsci (mgc_out_dreg_v2_rscid71_width16_1)    0.000    0.000  204.215    0.204   0.0
              input_rsci (ccs_in_v1_rscid70_width16_1)    0.441    0.630  179.433    1.250   0.0
          output_fifo_8_rsci (Fifo_ODTYPE_8_0)    3.214    3.734 1.05e+04   17.495   0.1
            Fifo_ODTYPE_8_run_inst (Fifo_ODTYPE_8_run_0)    3.214    3.734 1.05e+04   17.495   0.1
              ccs_ccore_start_rsci (ccs_in_v1_rscid125_width1_0) 4.62e-03 4.01e-03   12.749 2.14e-02   0.0
              output_rsci (mgc_out_dreg_v2_rscid74_width16_0)    0.000    0.000  204.215    0.204   0.0
              input_rsci (ccs_in_v1_rscid73_width16_0)    0.000    0.000  204.215    0.204   0.0
          accum_fifo_7_rsci (Fifo_ODTYPE_8_1)    3.366    4.577 1.06e+04   18.538   0.2
            Fifo_ODTYPE_8_run_inst (Fifo_ODTYPE_8_run_1)    3.366    4.577 1.06e+04   18.538   0.2
              ccs_ccore_start_rsci (ccs_in_v1_rscid125_width1_1)    0.000    0.000   12.763 1.28e-02   0.0
              output_rsci (mgc_out_dreg_v2_rscid74_width16_1)    0.000    0.000  204.215    0.204   0.0
              input_rsci (ccs_in_v1_rscid73_width16_1)    0.313    0.611  179.428    1.103   0.0
          output_fifo_7_rsci (Fifo_ODTYPE_9_0)    3.554    3.899 1.18e+04   19.250   0.2
            Fifo_ODTYPE_9_run_inst (Fifo_ODTYPE_9_run_0)    3.554    3.899 1.18e+04   19.250   0.2
              ccs_ccore_start_rsci (ccs_in_v1_rscid124_width1_0) 4.54e-03 4.01e-03   12.749 2.13e-02   0.0
              output_rsci (mgc_out_dreg_v2_rscid77_width16_0)    0.000    0.000  204.215    0.204   0.0
              input_rsci (ccs_in_v1_rscid76_width16_0)    0.000    0.000  204.215    0.204   0.0
          accum_fifo_8_rsci (Fifo_ODTYPE_9_1)    3.701    4.717 1.19e+04   20.273   0.2
            Fifo_ODTYPE_9_run_inst (Fifo_ODTYPE_9_run_1)    3.701    4.717 1.19e+04   20.273   0.2
              ccs_ccore_start_rsci (ccs_in_v1_rscid124_width1_1)    0.000    0.000   12.763 1.28e-02   0.0
              output_rsci (mgc_out_dreg_v2_rscid77_width16_1)    0.000    0.000  204.215    0.204   0.0
              input_rsci (ccs_in_v1_rscid76_width16_1)    0.311    0.611  179.269    1.101   0.0
          output_fifo_6_rsci (Fifo_ODTYPE_10_0)    4.046    4.105 1.31e+04   21.206   0.2
            Fifo_ODTYPE_10_run_inst (Fifo_ODTYPE_10_run_0)    4.046    4.105 1.31e+04   21.206   0.2
              ccs_ccore_start_rsci (ccs_in_v1_rscid123_width1_0) 2.37e-03 3.90e-03   12.749 1.90e-02   0.0
              output_rsci (mgc_out_dreg_v2_rscid80_width16_0)    0.000    0.000  204.215    0.204   0.0
              input_rsci (ccs_in_v1_rscid79_width16_0)    0.000    0.000  204.215    0.204   0.0
          accum_fifo_9_rsci (Fifo_ODTYPE_10_1)    3.880    4.695 1.31e+04   21.678   0.2
            Fifo_ODTYPE_10_run_inst (Fifo_ODTYPE_10_run_1)    3.880    4.695 1.31e+04   21.678   0.2
              ccs_ccore_start_rsci (ccs_in_v1_rscid123_width1_1)    0.000    0.000   12.763 1.28e-02   0.0
              output_rsci (mgc_out_dreg_v2_rscid80_width16_1)    0.000    0.000  204.215    0.204   0.0
              input_rsci (ccs_in_v1_rscid79_width16_1)    0.340    0.614  179.491    1.134   0.0
          output_fifo_5_rsci (Fifo_ODTYPE_11_0)    4.180    4.269 1.43e+04   22.766   0.2
            Fifo_ODTYPE_11_run_inst (Fifo_ODTYPE_11_run_0)    4.180    4.269 1.43e+04   22.766   0.2
              ccs_ccore_start_rsci (ccs_in_v1_rscid122_width1_0) 1.46e-02 4.64e-03   12.749 3.20e-02   0.0
              output_rsci (mgc_out_dreg_v2_rscid83_width16_0)    0.000    0.000  204.215    0.204   0.0
              input_rsci (ccs_in_v1_rscid82_width16_0)    0.000    0.000  204.215    0.204   0.0
          accum_fifo_10_rsci (Fifo_ODTYPE_11_1)    4.619    4.845 1.44e+04   23.838   0.2
            Fifo_ODTYPE_11_run_inst (Fifo_ODTYPE_11_run_1)    4.248    4.795 1.44e+04   23.406   0.2
              ccs_ccore_start_rsci (ccs_in_v1_rscid122_width1_1)    0.000    0.000   12.763 1.28e-02   0.0
              output_rsci (mgc_out_dreg_v2_rscid83_width16_1)    0.000    0.000  204.215    0.204   0.0
              input_rsci (ccs_in_v1_rscid82_width16_1)    0.377    0.621  179.391    1.177   0.0
          output_fifo_4_rsci (Fifo_ODTYPE_12_0)    4.828    4.426 1.55e+04   24.794   0.2
            Fifo_ODTYPE_12_run_inst (Fifo_ODTYPE_12_run_0)    4.828    4.426 1.55e+04   24.794   0.2
              ccs_ccore_start_rsci (ccs_in_v1_rscid121_width1_0) 7.45e-03 4.04e-03   12.749 2.42e-02   0.0
              output_rsci (mgc_out_dreg_v2_rscid86_width16_0)    0.000    0.000  204.215    0.204   0.0
              input_rsci (ccs_in_v1_rscid85_width16_0)    0.000    0.000  204.215    0.204   0.0
          accum_fifo_11_rsci (Fifo_ODTYPE_12_1)    5.274    4.935 1.56e+04   25.818   0.2
            Fifo_ODTYPE_12_run_inst (Fifo_ODTYPE_12_run_1)    4.700    4.889 1.56e+04   25.187   0.2
              ccs_ccore_start_rsci (ccs_in_v1_rscid121_width1_1)    0.000    0.000   12.763 1.28e-02   0.0
              output_rsci (mgc_out_dreg_v2_rscid86_width16_1)    0.000    0.000  204.215    0.204   0.0
              input_rsci (ccs_in_v1_rscid85_width16_1)    0.342    0.615  179.409    1.136   0.0
          output_fifo_3_rsci (Fifo_ODTYPE_13_0)    5.049    4.593 1.68e+04   26.441   0.2
            Fifo_ODTYPE_13_run_inst (Fifo_ODTYPE_13_run_0)    5.049    4.593 1.68e+04   26.441   0.2
              ccs_ccore_start_rsci (ccs_in_v1_rscid120_width1_0) 9.18e-03 4.04e-03   12.749 2.60e-02   0.0
              output_rsci (mgc_out_dreg_v2_rscid89_width16_0)    0.000    0.000  204.215    0.204   0.0
              input_rsci (ccs_in_v1_rscid88_width16_0)    0.000    0.000  204.215    0.204   0.0
          accum_fifo_12_rsci (Fifo_ODTYPE_13_1)    5.382    4.949 1.69e+04   27.201   0.2
            Fifo_ODTYPE_13_run_inst (Fifo_ODTYPE_13_run_1)    4.980    4.898 1.69e+04   26.736   0.2
              ccs_ccore_start_rsci (ccs_in_v1_rscid120_width1_1)    0.000    0.000   12.763 1.28e-02   0.0
              output_rsci (mgc_out_dreg_v2_rscid89_width16_1)    0.000    0.000  204.215    0.204   0.0
              input_rsci (ccs_in_v1_rscid88_width16_1)    0.359    0.614  179.555    1.153   0.0
          output_fifo_2_rsci (Fifo_ODTYPE_14_0)    5.647    4.793 1.81e+04   28.498   0.2
            Fifo_ODTYPE_14_run_inst (Fifo_ODTYPE_14_run_0)    5.647    4.793 1.81e+04   28.498   0.2
              ccs_ccore_start_rsci (ccs_in_v1_rscid119_width1_0) 8.31e-03 4.05e-03   12.749 2.51e-02   0.0
              output_rsci (mgc_out_dreg_v2_rscid92_width16_0)    0.000    0.000  204.215    0.204   0.0
              input_rsci (ccs_in_v1_rscid91_width16_0)    0.000    0.000  204.215    0.204   0.0
          accum_fifo_13_rsci (Fifo_ODTYPE_14_1)    5.725    5.011 1.81e+04   28.853   0.2
            Fifo_ODTYPE_14_run_inst (Fifo_ODTYPE_14_run_1)    5.362    4.960 1.81e+04   28.428   0.2
              ccs_ccore_start_rsci (ccs_in_v1_rscid119_width1_1)    0.000    0.000   12.763 1.28e-02   0.0
              output_rsci (mgc_out_dreg_v2_rscid92_width16_1)    0.000    0.000  204.215    0.204   0.0
              input_rsci (ccs_in_v1_rscid91_width16_1)    0.356    0.617  179.650    1.153   0.0
          output_fifo_1_rsci (Fifo_ODTYPE_15_0)    5.725    4.823 1.93e+04   29.820   0.3
            Fifo_ODTYPE_15_run_inst (Fifo_ODTYPE_15_run_0)    5.725    4.823 1.93e+04   29.820   0.3
              ccs_ccore_start_rsci (ccs_in_v1_rscid118_width1_0) 7.82e-03 4.16e-03   12.749 2.47e-02   0.0
              output_rsci (mgc_out_dreg_v2_rscid95_width16_0)    0.000    0.000  204.215    0.204   0.0
              input_rsci (ccs_in_v1_rscid94_width16_0)    0.000    0.000  204.215    0.204   0.0
          accum_fifo_14_rsci (Fifo_ODTYPE_15_1)    6.015    5.019 1.94e+04   30.389   0.3
            Fifo_ODTYPE_15_run_inst (Fifo_ODTYPE_15_run_1)    6.015    5.019 1.94e+04   30.389   0.3
              ccs_ccore_start_rsci (ccs_in_v1_rscid118_width1_1)    0.000    0.000   12.763 1.28e-02   0.0
              output_rsci (mgc_out_dreg_v2_rscid95_width16_1)    0.000    0.000  204.215    0.204   0.0
              input_rsci (ccs_in_v1_rscid94_width16_1)    0.332    0.614  179.441    1.125   0.0
          output_fifo_0_rsci (Fifo_ODTYPE_16_0)    6.452    5.036 2.05e+04   32.033   0.3
            Fifo_ODTYPE_16_run_inst (Fifo_ODTYPE_16_run_0)    6.452    5.036 2.05e+04   32.033   0.3
              ccs_ccore_start_rsci (ccs_in_v1_rscid117_width1_0) 1.15e-02 4.14e-03   12.749 2.84e-02   0.0
              output_rsci (mgc_out_dreg_v2_rscid98_width16_0)    0.000    0.000  204.215    0.204   0.0
              input_rsci (ccs_in_v1_rscid97_width16_0)    0.000    0.000  204.215    0.204   0.0
          accum_fifo_15_rsci (Fifo_ODTYPE_16_1)    6.451    5.039 2.06e+04   32.081   0.3
            Fifo_ODTYPE_16_run_inst (Fifo_ODTYPE_16_run_1)    6.451    5.039 2.06e+04   32.081   0.3
              ccs_ccore_start_rsci (ccs_in_v1_rscid117_width1_1)    0.000    0.000   12.763 1.28e-02   0.0
              output_rsci (mgc_out_dreg_v2_rscid98_width16_1)    0.000    0.000  204.215    0.204   0.0
              input_rsci (ccs_in_v1_rscid97_width16_1)    0.323    0.610  179.452    1.113   0.0
        accumulation_buffer_rsc_0_15_i (SystolicArrayCore_IDTYPE_WDTYPE_ODTYPE_16_16_sram_512_128_sram_512_128_rwport_164_16_12_256_16_gen)    0.567    0.649  548.245    1.764   0.0
        accumulation_buffer_rsc_0_14_i (SystolicArrayCore_IDTYPE_WDTYPE_ODTYPE_16_16_sram_512_128_sram_512_128_rwport_163_16_12_256_16_gen)    0.573    0.649  548.245    1.770   0.0
        accumulation_buffer_rsc_0_13_i (SystolicArrayCore_IDTYPE_WDTYPE_ODTYPE_16_16_sram_512_128_sram_512_128_rwport_162_16_12_256_16_gen)    0.612    0.652  548.245    1.812   0.0
        accumulation_buffer_rsc_0_12_i (SystolicArrayCore_IDTYPE_WDTYPE_ODTYPE_16_16_sram_512_128_sram_512_128_rwport_161_16_12_256_16_gen)    0.600    0.651  548.245    1.800   0.0
        accumulation_buffer_rsc_0_11_i (SystolicArrayCore_IDTYPE_WDTYPE_ODTYPE_16_16_sram_512_128_sram_512_128_rwport_160_16_12_256_16_gen)    0.636    0.653  548.245    1.837   0.0
        accumulation_buffer_rsc_0_10_i (SystolicArrayCore_IDTYPE_WDTYPE_ODTYPE_16_16_sram_512_128_sram_512_128_rwport_159_16_12_256_16_gen)    0.589    0.651  548.245    1.787   0.0
        accumulation_buffer_rsc_0_9_i (SystolicArrayCore_IDTYPE_WDTYPE_ODTYPE_16_16_sram_512_128_sram_512_128_rwport_158_16_12_256_16_gen)    0.576    0.650  548.245    1.774   0.0
        accumulation_buffer_rsc_0_8_i (SystolicArrayCore_IDTYPE_WDTYPE_ODTYPE_16_16_sram_512_128_sram_512_128_rwport_157_16_12_256_16_gen)    0.542    0.648  548.245    1.739   0.0
        accumulation_buffer_rsc_0_7_i (SystolicArrayCore_IDTYPE_WDTYPE_ODTYPE_16_16_sram_512_128_sram_512_128_rwport_156_16_12_256_16_gen)    0.549    0.649  548.245    1.746   0.0
        accumulation_buffer_rsc_0_6_i (SystolicArrayCore_IDTYPE_WDTYPE_ODTYPE_16_16_sram_512_128_sram_512_128_rwport_155_16_12_256_16_gen)    0.581    0.651  548.245    1.780   0.0
        accumulation_buffer_rsc_0_5_i (SystolicArrayCore_IDTYPE_WDTYPE_ODTYPE_16_16_sram_512_128_sram_512_128_rwport_154_16_12_256_16_gen)    0.591    0.650  548.245    1.790   0.0
        accumulation_buffer_rsc_0_4_i (SystolicArrayCore_IDTYPE_WDTYPE_ODTYPE_16_16_sram_512_128_sram_512_128_rwport_153_16_12_256_16_gen)    0.612    0.651  548.245    1.811   0.0
        accumulation_buffer_rsc_0_3_i (SystolicArrayCore_IDTYPE_WDTYPE_ODTYPE_16_16_sram_512_128_sram_512_128_rwport_152_16_12_256_16_gen)    0.551    0.648  548.245    1.747   0.0
        accumulation_buffer_rsc_0_2_i (SystolicArrayCore_IDTYPE_WDTYPE_ODTYPE_16_16_sram_512_128_sram_512_128_rwport_151_16_12_256_16_gen)    0.541    0.649  548.245    1.737   0.0
        accumulation_buffer_rsc_0_1_i (SystolicArrayCore_IDTYPE_WDTYPE_ODTYPE_16_16_sram_512_128_sram_512_128_rwport_150_16_12_256_16_gen)    0.560    0.649  548.245    1.758   0.0
        accumulation_buffer_rsc_0_0_i (SystolicArrayCore_IDTYPE_WDTYPE_ODTYPE_16_16_sram_512_128_sram_512_128_rwport_149_16_12_256_16_gen)    0.507    0.647  548.245    1.702   0.0
        accumulation_buffer_rsc_0_15_comp (sram_512_128_WRAPPER_DEPTH0_WRAPPER_WIDTH16_WRAPPER_ADDR_BITS12_SRAM_DEPTH0_SRAM_WIDTH0_SRAM_ADDR_BITS0_num_inst_depth0_num_inst_width0)    0.243    0.000    0.000    0.243   0.0
        accumulation_buffer_rsc_0_14_comp (sram_512_128_WRAPPER_DEPTH0_WRAPPER_WIDTH16_WRAPPER_ADDR_BITS12_SRAM_DEPTH0_SRAM_WIDTH0_SRAM_ADDR_BITS0_num_inst_depth0_num_inst_width0)    0.238    0.000    0.000    0.238   0.0
        accumulation_buffer_rsc_0_13_comp (sram_512_128_WRAPPER_DEPTH0_WRAPPER_WIDTH16_WRAPPER_ADDR_BITS12_SRAM_DEPTH0_SRAM_WIDTH0_SRAM_ADDR_BITS0_num_inst_depth0_num_inst_width0)    0.275    0.000    0.000    0.275   0.0
        accumulation_buffer_rsc_0_12_comp (sram_512_128_WRAPPER_DEPTH0_WRAPPER_WIDTH16_WRAPPER_ADDR_BITS12_SRAM_DEPTH0_SRAM_WIDTH0_SRAM_ADDR_BITS0_num_inst_depth0_num_inst_width0)    0.305    0.000    0.000    0.305   0.0
        accumulation_buffer_rsc_0_11_comp (sram_512_128_WRAPPER_DEPTH0_WRAPPER_WIDTH16_WRAPPER_ADDR_BITS12_SRAM_DEPTH0_SRAM_WIDTH0_SRAM_ADDR_BITS0_num_inst_depth0_num_inst_width0)    0.265    0.000    0.000    0.265   0.0
        accumulation_buffer_rsc_0_10_comp (sram_512_128_WRAPPER_DEPTH0_WRAPPER_WIDTH16_WRAPPER_ADDR_BITS12_SRAM_DEPTH0_SRAM_WIDTH0_SRAM_ADDR_BITS0_num_inst_depth0_num_inst_width0)    0.325    0.000    0.000    0.325   0.0
        accumulation_buffer_rsc_0_9_comp (sram_512_128_WRAPPER_DEPTH0_WRAPPER_WIDTH16_WRAPPER_ADDR_BITS12_SRAM_DEPTH0_SRAM_WIDTH0_SRAM_ADDR_BITS0_num_inst_depth0_num_inst_width0)    0.289    0.000    0.000    0.289   0.0
        accumulation_buffer_rsc_0_8_comp (sram_512_128_WRAPPER_DEPTH0_WRAPPER_WIDTH16_WRAPPER_ADDR_BITS12_SRAM_DEPTH0_SRAM_WIDTH0_SRAM_ADDR_BITS0_num_inst_depth0_num_inst_width0)    0.234    0.000    0.000    0.234   0.0
        accumulation_buffer_rsc_0_7_comp (sram_512_128_WRAPPER_DEPTH0_WRAPPER_WIDTH16_WRAPPER_ADDR_BITS12_SRAM_DEPTH0_SRAM_WIDTH0_SRAM_ADDR_BITS0_num_inst_depth0_num_inst_width0)    0.231    0.000    0.000    0.231   0.0
        accumulation_buffer_rsc_0_6_comp (sram_512_128_WRAPPER_DEPTH0_WRAPPER_WIDTH16_WRAPPER_ADDR_BITS12_SRAM_DEPTH0_SRAM_WIDTH0_SRAM_ADDR_BITS0_num_inst_depth0_num_inst_width0)    0.229    0.000    0.000    0.229   0.0
        accumulation_buffer_rsc_0_5_comp (sram_512_128_WRAPPER_DEPTH0_WRAPPER_WIDTH16_WRAPPER_ADDR_BITS12_SRAM_DEPTH0_SRAM_WIDTH0_SRAM_ADDR_BITS0_num_inst_depth0_num_inst_width0)    0.232    0.000    0.000    0.232   0.0
        accumulation_buffer_rsc_0_4_comp (sram_512_128_WRAPPER_DEPTH0_WRAPPER_WIDTH16_WRAPPER_ADDR_BITS12_SRAM_DEPTH0_SRAM_WIDTH0_SRAM_ADDR_BITS0_num_inst_depth0_num_inst_width0)    0.316    0.000    0.000    0.316   0.0
        accumulation_buffer_rsc_0_3_comp (sram_512_128_WRAPPER_DEPTH0_WRAPPER_WIDTH16_WRAPPER_ADDR_BITS12_SRAM_DEPTH0_SRAM_WIDTH0_SRAM_ADDR_BITS0_num_inst_depth0_num_inst_width0)    0.417    0.000    0.000    0.417   0.0
        accumulation_buffer_rsc_0_2_comp (sram_512_128_WRAPPER_DEPTH0_WRAPPER_WIDTH16_WRAPPER_ADDR_BITS12_SRAM_DEPTH0_SRAM_WIDTH0_SRAM_ADDR_BITS0_num_inst_depth0_num_inst_width0)    0.233    0.000    0.000    0.233   0.0
        accumulation_buffer_rsc_0_1_comp (sram_512_128_WRAPPER_DEPTH0_WRAPPER_WIDTH16_WRAPPER_ADDR_BITS12_SRAM_DEPTH0_SRAM_WIDTH0_SRAM_ADDR_BITS0_num_inst_depth0_num_inst_width0)    0.225    0.000    0.000    0.225   0.0
        accumulation_buffer_rsc_0_0_comp (sram_512_128_WRAPPER_DEPTH0_WRAPPER_WIDTH16_WRAPPER_ADDR_BITS12_SRAM_DEPTH0_SRAM_WIDTH0_SRAM_ADDR_BITS0_num_inst_depth0_num_inst_width0)    0.246    0.000    0.000    0.246   0.0
    loopIndicesChannel_cns_pipe (ccs_pipe_v5_rscid164_width48_sz_width1_fifo_sz3_log2_sz2_ph_clk1_ph_en0_ph_arst0_ph_srst0)    4.483   10.799 2.24e+04   37.706   0.3
      FIFO (ccs_fifo_wait_core_v5_rscid164_width48_sz_width1_fifo_sz3_ph_clk1_ph_en0_ph_arst0_ph_srst0_ph_log22)    3.859   10.758 2.24e+04   37.029   0.3
        FIFO_REG_GEN_REGS_0__BUFREG (ccs_genreg_v1_48_1_0_0_0_1_0)    1.282    1.734 5.74e+03    8.757   0.1
        FIFO_REG_GEN_REGS_0__STATREG (ccs_genreg_v1_1_1_0_0_0_1_4) 6.04e-03    1.461  130.176    1.597   0.0
        FIFO_REG_GEN_REGS_1__BUFREG (ccs_genreg_v1_48_1_0_0_0_1_1)    1.266    1.722 5.74e+03    8.731   0.1
        FIFO_REG_GEN_REGS_1__STATREG (ccs_genreg_v1_1_1_0_0_0_1_5) 1.09e-02    1.457  130.312    1.598   0.0
        FIFO_REG_GEN_REGS_2__BUFREG (ccs_genreg_v1_48_1_0_0_0_1_2)    0.853    1.699 5.73e+03    8.282   0.1
        FIFO_REG_GEN_REGS_2__STATREG (ccs_genreg_v1_1_1_0_0_0_1_6) 9.51e-03    1.451  130.461    1.591   0.0
        FIFO_REG_HS_INIT_REG (ccs_genreg_v1_1_1_1_0_0_0_4) 4.09e-02    1.046  105.310    1.192   0.0
    paramsChannel_cns_pipe (ccs_pipe_v5_rscid163_width144_sz_width1_fifo_sz3_log2_sz2_ph_clk1_ph_en0_ph_arst0_ph_srst0)    6.732   15.862 3.67e+04   59.298   0.5
      FIFO (ccs_fifo_wait_core_v5_rscid163_width144_sz_width1_fifo_sz3_ph_clk1_ph_en0_ph_arst0_ph_srst0_ph_log22)    6.732   15.862 3.67e+04   59.298   0.5
        FIFO_REG_GEN_REGS_0__BUFREG (ccs_genreg_v1_144_1_0_0_0_1_4)    1.935    3.126 9.54e+03   14.596   0.1
        FIFO_REG_GEN_REGS_0__STATREG (ccs_genreg_v1_1_1_0_0_0_1_7) 6.00e-03    1.461  130.176    1.597   0.0
        FIFO_REG_GEN_REGS_1__BUFREG (ccs_genreg_v1_144_1_0_0_0_1_5)    1.961    3.181 9.54e+03   14.679   0.1
        FIFO_REG_GEN_REGS_1__STATREG (ccs_genreg_v1_1_1_0_0_0_1_8) 1.11e-02    1.457  130.312    1.598   0.0
        FIFO_REG_GEN_REGS_2__BUFREG (ccs_genreg_v1_144_1_0_0_0_1_6)    2.020    3.240 9.52e+03   14.785   0.1
        FIFO_REG_GEN_REGS_2__STATREG (ccs_genreg_v1_1_1_0_0_0_1_9) 1.35e-02    1.451  130.461    1.595   0.0
        FIFO_REG_HS_INIT_REG (ccs_genreg_v1_1_1_1_0_0_0_5) 4.08e-02    1.044  105.310    1.190   0.0
  weightDoubleBuffer (WeightDoubleBuffer_384_16_16)  285.301 1.17e+03 4.22e+05 1.88e+03  16.1
    WeightDoubleBuffer_384_16_16_struct_inst (WeightDoubleBuffer_384_16_16_struct)  285.301 1.17e+03 4.22e+05 1.88e+03  16.1
      WeightDoublefeSAqem_cns_bctl_inst (WeightDoublefeSAqem_cns_bctl)    4.302   17.601 1.51e+04   37.035   0.3
      unreg_1 (unreg_hier_0)           4.57e-04 1.34e-03   12.736 1.45e-02   0.0
      unreg (unreg_hier_1)             6.08e-05 1.81e-04    9.683 9.92e-03   0.0
      WeightDoubleBuffer_384_16_16_run_inst (WeightDoubleBuffer_384_16_16_run)   31.698  154.833 2.30e+04  209.515   1.8
        WeightDoubleBuffer_384_16_16_run_run_inst (WeightDoubleBuffer_384_16_16_run_run)   31.289  154.788 2.30e+04  209.051   1.8
          WeightDoubleBuffer_384_16_16_run_run_run_fsm_inst (WeightDoubleBuffer_384_16_16_run_run_run_fsm)    0.176    2.774  302.308    3.252   0.0
          WeightDoubleBuffer_384_16_16_run_run_staller_inst (WeightDoubleBuffer_384_16_16_run_run_staller)    0.217 7.56e-02   29.854    0.322   0.0
          WeightDoubleBuffer_384_16_16_run_run_weightDoubleBufferReaderParams_cnsi_inst (WeightDoubleBuffer_384_16_16_run_run_weightDoubleBufferReaderParams_cnsi)    0.474    1.888 1.44e+03    3.800   0.0
            WeightDoubleBuffer_384_16_16_run_run_weightDoubleBufferReaderParams_cnsi_weightDoubleBufferReaderParams_wait_dp_inst (WeightDoubleBuffer_384_16_16_run_run_weightDoubleBufferReaderParams_cnsi_weightDoubleBufferReaderParams_wait_dp) 1.04e-02    1.438  123.123    1.572   0.0
            WeightDoubleBuffer_384_16_16_run_run_weightDoubleBufferReaderParams_cnsi_weightDoubleBufferReaderParams_wait_ctrl_inst (WeightDoubleBuffer_384_16_16_run_run_weightDoubleBufferReaderParams_cnsi_weightDoubleBufferReaderParams_wait_ctrl) 1.98e-02 3.34e-02   77.907    0.131   0.0
            weightDoubleBufferReaderParams_cnsi (ccs_out_wait_v1_rscid19_width144_0)    0.444    0.416 1.24e+03    2.097   0.0
          WeightDoubleBuffer_384_16_16_run_run_weightDoubleBufferWriterParams_cnsi_inst (WeightDoubleBuffer_384_16_16_run_run_weightDoubleBufferWriterParams_cnsi)    0.461    1.807 1.16e+03    3.428   0.0
            WeightDoubleBuffer_384_16_16_run_run_weightDoubleBufferWriterParams_cnsi_weightDoubleBufferWriterParams_wait_dp_inst (WeightDoubleBuffer_384_16_16_run_run_weightDoubleBufferWriterParams_cnsi_weightDoubleBufferWriterParams_wait_dp) 9.36e-03    1.441  123.031    1.574   0.0
            WeightDoubleBuffer_384_16_16_run_run_weightDoubleBufferWriterParams_cnsi_weightDoubleBufferWriterParams_wait_ctrl_inst (WeightDoubleBuffer_384_16_16_run_run_weightDoubleBufferWriterParams_cnsi_weightDoubleBufferWriterParams_wait_ctrl) 1.88e-02 3.31e-02   77.823    0.130   0.0
            weightDoubleBufferWriterParams_cnsi (ccs_out_wait_v1_rscid18_width144_0)    0.432    0.333  958.933    1.724   0.0
          WeightDoubleBuffer_384_16_16_run_run_paramsIn_rsci_inst (WeightDoubleBuffer_384_16_16_run_run_paramsIn_rsci)   26.928  139.831 1.21e+04  178.852   1.5
            WeightDoubleBuffer_384_16_16_run_run_paramsIn_rsci_paramsIn_wait_dp_inst (WeightDoubleBuffer_384_16_16_run_run_paramsIn_rsci_paramsIn_wait_dp)   26.415  139.276 1.08e+04  176.471   1.5
            WeightDoubleBuffer_384_16_16_run_run_paramsIn_rsci_paramsIn_wait_ctrl_inst (WeightDoubleBuffer_384_16_16_run_run_paramsIn_rsci_paramsIn_wait_ctrl) 9.23e-02 8.44e-02   78.257    0.255   0.0
            paramsIn_rsci (ccs_in_wait_v1_rscid17_width144_0)    0.420    0.471 1.23e+03    2.126   0.0
      weightDoubleBufferReader (WeightDoubleBufferReader_384_16_16)  139.087  580.677 2.01e+05  920.921   7.9
        WeightDoubleBufferReader_384_16_16_run_inst (WeightDoubleBufferReader_384_16_16_run)  135.166  575.651 2.00e+05  910.318   7.8
          add_x_1 (WeightDoubleBufferReader_384_16_16_run_DW01_add_J5_1) 2.90e-03 1.78e-02  267.122    0.288   0.0
          add_x_3 (WeightDoubleBufferReader_384_16_16_run_DW01_inc_J5_3) 9.71e-02    0.189 1.43e+03    1.716   0.0
          add_x_6 (WeightDoubleBufferReader_384_16_16_run_DW01_inc_J5_1) 7.52e-02    0.115 1.32e+03    1.507   0.0
          mult_x_7 (WeightDoubleBufferReader_384_16_16_run_DW_mult_uns_J5_4)    4.227    4.725 3.17e+04   40.694   0.3
          mult_x_12 (WeightDoubleBufferReader_384_16_16_run_DW_mult_uns_J5_3)    3.468    2.975 2.37e+04   30.111   0.3
          mult_x_13 (WeightDoubleBufferReader_384_16_16_run_DW_mult_uns_J5_2) 7.43e-02    0.118  804.695    0.997   0.0
          mult_x_14 (WeightDoubleBufferReader_384_16_16_run_DW_mult_uns_J5_1)    6.562    8.317 4.14e+04   56.278   0.5
          add_x_15 (WeightDoubleBufferReader_384_16_16_run_DW01_dec_J5_0)    0.533    0.481 4.01e+03    5.025   0.0
          add_x_16 (WeightDoubleBufferReader_384_16_16_run_DW01_add_J5_0) 3.03e-03 1.79e-02  268.675    0.290   0.0
          mult_x_18 (WeightDoubleBufferReader_384_16_16_run_DW_mult_uns_J5_0)    0.000    0.000  794.864    0.795   0.0
          DP_OP_41J5_122_2648 (WeightDoubleBufferReader_384_16_16_run_DP_OP_41J5_122_2648_J5_0)    3.024    2.720 2.17e+04   27.434   0.2
          DP_OP_42J5_123_8762 (WeightDoubleBufferReader_384_16_16_run_DP_OP_42J5_123_8762_J5_0)    0.168    0.274 1.85e+03    2.291   0.0
          DP_OP_43J5_124_365 (WeightDoubleBufferReader_384_16_16_run_DP_OP_43J5_124_365_J5_0) 1.71e-02 2.17e-02  428.956    0.468   0.0
          WeightDoubleBufferReader_384_16_16_run_run_fsm_inst (WeightDoubleBufferReader_384_16_16_run_run_fsm)    1.352    6.197 1.13e+03    8.681   0.1
          WeightDoubleBufferReader_384_16_16_run_staller_inst (WeightDoubleBufferReader_384_16_16_run_staller)    0.257    1.140  134.445    1.532   0.0
          WeightDoubleBufferReader_384_16_16_run_din_rsc_req_obj_inst (WeightDoubleBufferReader_384_16_16_run_din_rsc_req_obj) 9.77e-03    1.443  182.973    1.636   0.0
            WeightDoubleBufferReader_384_16_16_run_din_rsc_req_obj_din_rsc_req_wait_dp_inst (WeightDoubleBufferReader_384_16_16_run_din_rsc_req_obj_din_rsc_req_wait_dp) 5.18e-03    1.438  124.086    1.568   0.0
            WeightDoubleBufferReader_384_16_16_run_din_rsc_req_obj_din_rsc_req_wait_ctrl_inst (WeightDoubleBufferReader_384_16_16_run_din_rsc_req_obj_din_rsc_req_wait_ctrl) 1.99e-03 3.37e-03   46.150 5.15e-02   0.0
            din_rsc_req_obj (mgc_in_sync_v2_valid1_0) 2.60e-03 1.46e-03   12.736 1.68e-02   0.0
          WeightDoubleBufferReader_384_16_16_run_din_rsc_rls_obj_inst (WeightDoubleBufferReader_384_16_16_run_din_rsc_rls_obj) 1.93e-03 2.14e-03   44.510 4.86e-02   0.0
            WeightDoubleBufferReader_384_16_16_run_din_rsc_rls_obj_din_rsc_rls_wait_ctrl_inst (WeightDoubleBufferReader_384_16_16_run_din_rsc_rls_obj_din_rsc_rls_wait_ctrl) 1.17e-03 1.23e-03   31.750 3.41e-02   0.0
            din_rsc_rls_obj (mgc_io_sync_v2_valid0_0) 7.62e-04 9.09e-04   12.760 1.44e-02   0.0
          WeightDoubleBufferReader_384_16_16_run_dout_rsci_inst (WeightDoubleBufferReader_384_16_16_run_dout_rsci) 2.39e-02    1.472 1.86e+03    3.354   0.0
            WeightDoubleBufferReader_384_16_16_run_dout_rsci_dout_wait_dp_inst (WeightDoubleBufferReader_384_16_16_run_dout_rsci_dout_wait_dp)    0.000    1.434  122.338    1.556   0.0
            WeightDoubleBufferReader_384_16_16_run_dout_rsci_dout_wait_ctrl_inst (WeightDoubleBufferReader_384_16_16_run_dout_rsci_dout_wait_ctrl) 1.11e-04 9.22e-05   77.999 7.82e-02   0.0
            dout_rsci (ccs_out_wait_v1_rscid9_width128_0) 2.38e-02 3.77e-02 1.66e+03    1.719   0.0
          WeightDoubleBufferReader_384_16_16_run_din_rsci_1_inst (WeightDoubleBufferReader_384_16_16_run_din_rsci_1)   40.722  201.460 1.57e+04  257.840   2.2
            WeightDoubleBufferReader_384_16_16_run_din_rsci_1_din_rsc_wait_ctrl_inst (WeightDoubleBufferReader_384_16_16_run_din_rsci_1_din_rsc_wait_ctrl) 9.90e-05 9.08e-05   72.723 7.29e-02   0.0
            WeightDoubleBufferReader_384_16_16_run_din_rsci_1_din_rsc_wait_dp_inst (WeightDoubleBufferReader_384_16_16_run_din_rsci_1_din_rsc_wait_dp)   40.722  201.460 1.56e+04  257.767   2.2
          WeightDoubleBufferReader_384_16_16_run_paramsIn_rsci_inst (WeightDoubleBufferReader_384_16_16_run_paramsIn_rsci)   27.974  140.247 1.24e+04  180.571   1.5
            WeightDoubleBufferReader_384_16_16_run_paramsIn_rsci_paramsIn_wait_dp_inst (WeightDoubleBufferReader_384_16_16_run_paramsIn_rsci_paramsIn_wait_dp)   27.010  139.687 1.07e+04  177.429   1.5
            WeightDoubleBufferReader_384_16_16_run_paramsIn_rsci_paramsIn_wait_ctrl_inst (WeightDoubleBufferReader_384_16_16_run_paramsIn_rsci_paramsIn_wait_ctrl) 8.92e-02 6.85e-02   77.832    0.236   0.0
            paramsIn_rsci (ccs_in_wait_v1_rscid7_width144_0)    0.252    0.398 1.24e+03    1.887   0.0
        din_rsci (WeightDoubleBufferReader_384_16_16_sram_512_128_sram_512_128_rwport_8_128_12_384_128_gen)    3.222    4.975 1.59e+03    9.787   0.1
      weightDoubleBufferWriter (WeightDoubleBufferWriter_384_16_16)   98.806  408.203 1.56e+05  662.641   5.7
        WeightDoubleBufferWriter_384_16_16_run_inst (WeightDoubleBufferWriter_384_16_16_run)   97.334  407.648 1.54e+05  658.738   5.6
          add_x_1 (WeightDoubleBufferWriter_384_16_16_run_DW01_add_J6_0) 4.11e-05 1.95e-04  266.993    0.267   0.0
          add_x_3 (WeightDoubleBufferWriter_384_16_16_run_DW01_inc_J6_2) 4.15e-02    0.131  353.797    0.526   0.0
          add_x_5 (WeightDoubleBufferWriter_384_16_16_run_DW01_inc_J6_1) 7.28e-02    0.115 1.32e+03    1.505   0.0
          mult_x_10 (WeightDoubleBufferWriter_384_16_16_run_DW_mult_uns_J6_3)    3.318    2.969 2.37e+04   29.945   0.3
          mult_x_11 (WeightDoubleBufferWriter_384_16_16_run_DW_mult_uns_J6_2)    4.003    4.340 3.18e+04   40.108   0.3
          mult_x_32 (WeightDoubleBufferWriter_384_16_16_run_DW_mult_uns_J6_1) 6.91e-02    0.118  804.695    0.991   0.0
          mult_x_33 (WeightDoubleBufferWriter_384_16_16_run_DW_mult_uns_J6_0)    6.258    7.698 4.16e+04   55.536   0.5
          add_x_34 (WeightDoubleBufferWriter_384_16_16_run_DW01_dec_J6_0)    0.531    0.483 4.01e+03    5.025   0.0
          DP_OP_74J6_122_1074 (WeightDoubleBufferWriter_384_16_16_run_DP_OP_74J6_122_1074_J6_0) 1.71e-02 2.17e-02  428.956    0.468   0.0
          DP_OP_75J6_123_4812 (WeightDoubleBufferWriter_384_16_16_run_DP_OP_75J6_123_4812_J6_0)    0.000    0.000  350.370    0.350   0.0
          WeightDoubleBufferWriter_384_16_16_run_run_fsm_inst (WeightDoubleBufferWriter_384_16_16_run_run_fsm)    1.583    6.641 1.38e+03    9.602   0.1
          WeightDoubleBufferWriter_384_16_16_run_staller_inst (WeightDoubleBufferWriter_384_16_16_run_staller)    0.185    1.167  134.117    1.486   0.0
          WeightDoubleBufferWriter_384_16_16_run_dout_rsc_req_obj_inst (WeightDoubleBufferWriter_384_16_16_run_dout_rsc_req_obj) 1.55e-02    1.454  200.160    1.669   0.0
            WeightDoubleBufferWriter_384_16_16_run_dout_rsc_req_obj_dout_rsc_req_wait_dp_inst (WeightDoubleBufferWriter_384_16_16_run_dout_rsc_req_obj_dout_rsc_req_wait_dp) 6.37e-03    1.439  122.802    1.568   0.0
            WeightDoubleBufferWriter_384_16_16_run_dout_rsc_req_obj_dout_rsc_req_wait_ctrl_inst (WeightDoubleBufferWriter_384_16_16_run_dout_rsc_req_obj_dout_rsc_req_wait_ctrl) 8.85e-03 1.47e-02   67.676 9.12e-02   0.0
            dout_rsc_req_obj (mgc_in_sync_v2_valid1_1) 2.30e-04 1.96e-04    9.683 1.01e-02   0.0
          WeightDoubleBufferWriter_384_16_16_run_dout_rsc_rls_obj_inst (WeightDoubleBufferWriter_384_16_16_run_dout_rsc_rls_obj) 3.19e-03 2.87e-03   44.132 5.02e-02   0.0
            WeightDoubleBufferWriter_384_16_16_run_dout_rsc_rls_obj_dout_rsc_rls_wait_ctrl_inst (WeightDoubleBufferWriter_384_16_16_run_dout_rsc_rls_obj_dout_rsc_rls_wait_ctrl) 1.14e-03 1.62e-03   31.373 3.41e-02   0.0
            dout_rsc_rls_obj (mgc_io_sync_v2_valid0_1) 2.05e-03 1.25e-03   12.759 1.61e-02   0.0
          WeightDoubleBufferWriter_384_16_16_run_dout_rsci_1_inst (WeightDoubleBufferWriter_384_16_16_run_dout_rsci_1) 2.62e-02 7.12e-02  184.392    0.282   0.0
            WeightDoubleBufferWriter_384_16_16_run_dout_rsci_1_dout_rsc_wait_ctrl_inst (WeightDoubleBufferWriter_384_16_16_run_dout_rsci_1_dout_rsc_wait_ctrl) 8.95e-04 8.86e-04   31.909 3.37e-02   0.0
          WeightDoubleBufferWriter_384_16_16_run_din_rsci_inst (WeightDoubleBufferWriter_384_16_16_run_din_rsci)    7.907   29.750 2.35e+03   40.008   0.3
            WeightDoubleBufferWriter_384_16_16_run_din_rsci_din_wait_dp_inst (WeightDoubleBufferWriter_384_16_16_run_din_rsci_din_wait_dp)    7.526   29.082 2.07e+03   38.677   0.3
            WeightDoubleBufferWriter_384_16_16_run_din_rsci_din_wait_ctrl_inst (WeightDoubleBufferWriter_384_16_16_run_din_rsci_din_wait_ctrl) 1.28e-02 1.24e-02   78.848    0.104   0.0
            din_rsci (ccs_in_wait_v1_rscid2_width16_0)    0.368    0.656  203.304    1.227   0.0
          WeightDoubleBufferWriter_384_16_16_run_paramsIn_rsci_inst (WeightDoubleBufferWriter_384_16_16_run_paramsIn_rsci)   21.312  108.096 9.68e+03  139.086   1.2
            WeightDoubleBufferWriter_384_16_16_run_paramsIn_rsci_paramsIn_wait_dp_inst (WeightDoubleBufferWriter_384_16_16_run_paramsIn_rsci_paramsIn_wait_dp)   20.416  107.619 8.32e+03  136.360   1.2
            WeightDoubleBufferWriter_384_16_16_run_paramsIn_rsci_paramsIn_wait_ctrl_inst (WeightDoubleBufferWriter_384_16_16_run_paramsIn_rsci_paramsIn_wait_ctrl) 7.75e-02 6.57e-02   78.222    0.221   0.0
            paramsIn_rsci (ccs_in_wait_v1_rscid1_width144_0)    0.154    0.314  959.049    1.427   0.0
        dout_rsci (WeightDoubleBufferWriter_384_16_16_sram_512_128_sram_512_128_rwport_3_128_12_384_128_gen)    0.763    0.507 1.78e+03    3.052   0.0
      weightDoubleBufferReaderParams_cns_pipe (ccs_pipe_v5_rscid16_width144_sz_width1_fifo_sz1_log2_sz0_ph_clk1_ph_en0_ph_arst0_ph_srst0_0)    3.592    6.858 1.50e+04   25.410   0.2
        FIFO (ccs_fifo_wait_core_v5_rscid16_width144_sz_width1_fifo_sz1_ph_clk1_ph_en0_ph_arst0_ph_srst0_ph_log20_0)    3.592    6.858 1.50e+04   25.410   0.2
          FIFO_REG_GEN_REGS_0__BUFREG (ccs_genreg_v1_144_1_0_0_0_1_0)    2.360    3.601 1.14e+04   17.379   0.1
          FIFO_REG_GEN_REGS_0__STATREG (ccs_genreg_v1_1_1_0_0_0_1_0) 5.47e-03    1.478  129.704    1.613   0.0
          FIFO_REG_HS_INIT_REG (ccs_genreg_v1_1_1_1_0_0_0_0) 3.94e-02    1.047  105.310    1.192   0.0
      mem_cns_comp_1 (sram_512_128_WRAPPER_DEPTH0_WRAPPER_WIDTH128_WRAPPER_ADDR_BITS12_SRAM_DEPTH0_SRAM_WIDTH0_SRAM_ADDR_BITS0_num_inst_depth0_num_inst_width0)    2.156    0.000    0.000    2.156   0.0
      mem_cns_comp (sram_512_128_WRAPPER_DEPTH0_WRAPPER_WIDTH128_WRAPPER_ADDR_BITS12_SRAM_DEPTH0_SRAM_WIDTH0_SRAM_ADDR_BITS0_num_inst_depth0_num_inst_width0)    2.372    0.000    0.000    2.372   0.0
      weightDoubleBufferWriterParams_cns_pipe (ccs_pipe_v5_rscid15_width144_sz_width1_fifo_sz1_log2_sz0_ph_clk1_ph_en0_ph_arst0_ph_srst0_0)    2.376    6.108 1.16e+04   20.130   0.2
        FIFO (ccs_fifo_wait_core_v5_rscid15_width144_sz_width1_fifo_sz1_ph_clk1_ph_en0_ph_arst0_ph_srst0_ph_log20_0)    1.918    6.064 1.16e+04   19.615   0.2
          FIFO_REG_GEN_REGS_0__BUFREG (ccs_genreg_v1_144_1_0_0_0_1_1)    1.479    2.990 8.82e+03   13.290   0.1
          FIFO_REG_GEN_REGS_0__STATREG (ccs_genreg_v1_1_1_0_0_0_1_1) 5.33e-03    1.473  129.799    1.608   0.0
          FIFO_REG_HS_INIT_REG (ccs_genreg_v1_1_1_1_0_0_0_1) 3.97e-02    1.044  105.310    1.189   0.0
  inputDoubleBuffer (InputDoubleBuffer_512_16_16)  301.007 1.26e+03 3.43e+05 1.91e+03  16.3
    InputDoubleBuffer_512_16_16_struct_inst (InputDoubleBuffer_512_16_16_struct)  301.007 1.26e+03 3.43e+05 1.91e+03  16.3
      InputDoubleBDjtfoem_cns_bctl_inst (InputDoubleBDjtfoem_cns_bctl)    3.251   17.431 1.51e+04   35.826   0.3
      unreg_1 (unreg_hier_2)           5.75e-05 1.80e-04   12.745 1.30e-02   0.0
      unreg (unreg_hier_3)             8.23e-05 1.84e-04    9.683 9.95e-03   0.0
      InputDoubleBuffer_512_16_16_run_inst (InputDoubleBuffer_512_16_16_run)   45.770  215.024 3.19e+04  292.736   2.5
        InputDoubleBuffer_512_16_16_run_run_inst (InputDoubleBuffer_512_16_16_run_run)   45.770  215.024 3.19e+04  292.736   2.5
          InputDoubleBuffer_512_16_16_run_run_run_fsm_inst (InputDoubleBuffer_512_16_16_run_run_run_fsm)    0.177    2.778  302.314    3.258   0.0
          InputDoubleBuffer_512_16_16_run_run_staller_inst (InputDoubleBuffer_512_16_16_run_run_staller)    0.251 7.62e-02   29.832    0.357   0.0
          InputDoubleBuffer_512_16_16_run_run_inputDoubleBufferReaderParams_cnsi_inst (InputDoubleBuffer_512_16_16_run_run_inputDoubleBufferReaderParams_cnsi)    0.860    2.066 1.95e+03    4.881   0.0
            InputDoubleBuffer_512_16_16_run_run_inputDoubleBufferReaderParams_cnsi_inputDoubleBufferReaderParams_wait_dp_inst (InputDoubleBuffer_512_16_16_run_run_inputDoubleBufferReaderParams_cnsi_inputDoubleBufferReaderParams_wait_dp) 9.76e-03    1.442  122.938    1.574   0.0
            InputDoubleBuffer_512_16_16_run_run_inputDoubleBufferReaderParams_cnsi_inputDoubleBufferReaderParams_wait_ctrl_inst (InputDoubleBuffer_512_16_16_run_run_inputDoubleBufferReaderParams_cnsi_inputDoubleBufferReaderParams_wait_ctrl) 1.95e-02 3.43e-02   77.827    0.132   0.0
            inputDoubleBufferReaderParams_cnsi (ccs_out_wait_v1_rscid19_width144_1)    0.831    0.591 1.75e+03    3.175   0.0
          InputDoubleBuffer_512_16_16_run_run_inputDoubleBufferWriterParams_cnsi_inst (InputDoubleBuffer_512_16_16_run_run_inputDoubleBufferWriterParams_cnsi)    0.430    1.861 1.31e+03    3.603   0.0
            InputDoubleBuffer_512_16_16_run_run_inputDoubleBufferWriterParams_cnsi_inputDoubleBufferWriterParams_wait_dp_inst (InputDoubleBuffer_512_16_16_run_run_inputDoubleBufferWriterParams_cnsi_inputDoubleBufferWriterParams_wait_dp) 1.02e-02    1.442  122.951    1.576   0.0
            InputDoubleBuffer_512_16_16_run_run_inputDoubleBufferWriterParams_cnsi_inputDoubleBufferWriterParams_wait_ctrl_inst (InputDoubleBuffer_512_16_16_run_run_inputDoubleBufferWriterParams_cnsi_inputDoubleBufferWriterParams_wait_ctrl) 1.97e-02 3.43e-02   77.837    0.132   0.0
            inputDoubleBufferWriterParams_cnsi (ccs_out_wait_v1_rscid18_width144_1)    0.401    0.385 1.11e+03    1.896   0.0
          InputDoubleBuffer_512_16_16_run_run_paramsIn_rsci_inst (InputDoubleBuffer_512_16_16_run_run_paramsIn_rsci)   39.478  197.743 1.71e+04  254.352   2.2
            InputDoubleBuffer_512_16_16_run_run_paramsIn_rsci_paramsIn_wait_dp_inst (InputDoubleBuffer_512_16_16_run_run_paramsIn_rsci_paramsIn_wait_dp)   38.122  196.963 1.53e+04  250.375   2.1
            InputDoubleBuffer_512_16_16_run_run_paramsIn_rsci_paramsIn_wait_ctrl_inst (InputDoubleBuffer_512_16_16_run_run_paramsIn_rsci_paramsIn_wait_ctrl)    0.183 8.62e-02   78.277    0.347   0.0
            paramsIn_rsci (ccs_in_wait_v1_rscid17_width144_1)    0.647    0.652 1.75e+03    3.052   0.0
      inputDoubleBufferReader (InputDoubleBufferReader_512_16_16)  160.798  676.929 1.74e+05 1.01e+03   8.6
        InputDoubleBufferReader_512_16_16_run_inst (InputDoubleBufferReader_512_16_16_run)  156.785  671.941 1.72e+05 1.00e+03   8.6
          DP_OP_90J3_132_9111 (InputDoubleBufferReader_512_16_16_run_DP_OP_90J3_132_9111_J3_0)    1.632    1.021 3.97e+03    6.624   0.1
          add_x_44 (InputDoubleBufferReader_512_16_16_run_DW01_inc_J3_7)    0.000    0.000  680.454    0.680   0.0
          add_x_45 (InputDoubleBufferReader_512_16_16_run_DW01_inc_J3_6) 4.53e-04 7.70e-04  680.481    0.682   0.0
          add_x_50 (InputDoubleBufferReader_512_16_16_run_DW01_inc_J3_5)    0.000    0.000  680.454    0.680   0.0
          add_x_53 (InputDoubleBufferReader_512_16_16_run_DW01_inc_J3_4)    0.000    0.000  680.454    0.680   0.0
          add_x_88 (InputDoubleBufferReader_512_16_16_run_DW01_add_J3_1) 1.61e-02 5.30e-02  844.489    0.914   0.0
          mult_x_89 (InputDoubleBufferReader_512_16_16_run_DW_mult_uns_J3_4) 6.05e-02 1.10e-02 3.16e+03    3.234   0.0
          mult_x_100 (InputDoubleBufferReader_512_16_16_run_DW_mult_uns_J3_3)    3.328    3.016 2.36e+04   29.955   0.3
          add_x_101 (InputDoubleBufferReader_512_16_16_run_DW01_dec_J3_0)    0.309    0.301 1.97e+03    2.579   0.0
          add_x_103 (InputDoubleBufferReader_512_16_16_run_DW01_add_J3_0) 8.80e-03 4.54e-02  463.390    0.518   0.0
          add_x_104 (InputDoubleBufferReader_512_16_16_run_DW01_inc_J3_2) 6.66e-05 9.64e-05  363.526    0.364   0.0
          add_x_105 (InputDoubleBufferReader_512_16_16_run_DW01_inc_J3_1) 5.84e-05 9.12e-05  690.556    0.691   0.0
          add_x_106 (InputDoubleBufferReader_512_16_16_run_DW01_inc_J3_0)    0.538    0.603  846.654    1.988   0.0
          mult_x_127 (InputDoubleBufferReader_512_16_16_run_DW_mult_uns_J3_2) 7.28e-02 2.11e-02 3.16e+03    3.254   0.0
          mult_x_128 (InputDoubleBufferReader_512_16_16_run_DW_mult_uns_J3_1)    0.741    0.150 3.02e+03    3.911   0.0
          mult_x_129 (InputDoubleBufferReader_512_16_16_run_DW_mult_uns_J3_0) 5.41e-02 1.03e-02 3.16e+03    3.225   0.0
          DP_OP_234J3_122_3477 (InputDoubleBufferReader_512_16_16_run_DP_OP_234J3_122_3477_J3_0) 1.65e-03 3.45e-03 1.32e+03    1.329   0.0
          DP_OP_235J3_123_9913 (InputDoubleBufferReader_512_16_16_run_DP_OP_235J3_123_9913_J3_0)    0.231    0.360 1.02e+03    1.613   0.0
          DP_OP_236J3_124_9913 (InputDoubleBufferReader_512_16_16_run_DP_OP_236J3_124_9913_J3_0)    0.108    0.148  902.530    1.158   0.0
          DP_OP_237J3_125_9913 (InputDoubleBufferReader_512_16_16_run_DP_OP_237J3_125_9913_J3_0) 9.64e-02    0.144  902.612    1.143   0.0
          DP_OP_238J3_126_9913 (InputDoubleBufferReader_512_16_16_run_DP_OP_238J3_126_9913_J3_0) 9.82e-02    0.147  902.476    1.148   0.0
          DP_OP_239J3_127_9913 (InputDoubleBufferReader_512_16_16_run_DP_OP_239J3_127_9913_J3_0) 9.65e-02    0.146  902.574    1.145   0.0
          DP_OP_240J3_128_1925 (InputDoubleBufferReader_512_16_16_run_DP_OP_240J3_128_1925_J3_0)    0.521    0.586 3.85e+03    4.962   0.0
          DP_OP_241J3_129_9913 (InputDoubleBufferReader_512_16_16_run_DP_OP_241J3_129_9913_J3_0) 8.55e-02    0.147  902.494    1.135   0.0
          DP_OP_242J3_130_1925 (InputDoubleBufferReader_512_16_16_run_DP_OP_242J3_130_1925_J3_0)    2.065    2.196 6.87e+03   11.133   0.1
          DP_OP_243J3_131_642 (InputDoubleBufferReader_512_16_16_run_DP_OP_243J3_131_642_J3_0)    6.267    6.588 7.35e+03   20.208   0.2
          InputDoubleBufferReader_512_16_16_run_run_fsm_inst (InputDoubleBufferReader_512_16_16_run_run_fsm)    1.323    6.022 1.24e+03    8.588   0.1
          InputDoubleBufferReader_512_16_16_run_staller_inst (InputDoubleBufferReader_512_16_16_run_staller)    0.337    1.131  134.575    1.603   0.0
          InputDoubleBufferReader_512_16_16_run_din_rsc_req_obj_inst (InputDoubleBufferReader_512_16_16_run_din_rsc_req_obj) 3.11e-03    1.438  183.102    1.624   0.0
            InputDoubleBufferReader_512_16_16_run_din_rsc_req_obj_din_rsc_req_wait_dp_inst (InputDoubleBufferReader_512_16_16_run_din_rsc_req_obj_din_rsc_req_wait_dp) 2.81e-03    1.438  124.368    1.565   0.0
            InputDoubleBufferReader_512_16_16_run_din_rsc_req_obj_din_rsc_req_wait_ctrl_inst (InputDoubleBufferReader_512_16_16_run_din_rsc_req_obj_din_rsc_req_wait_ctrl) 1.85e-04 3.25e-04   45.989 4.65e-02   0.0
            din_rsc_req_obj (mgc_in_sync_v2_valid1_2) 1.13e-04 1.89e-04   12.745 1.30e-02   0.0
          InputDoubleBufferReader_512_16_16_run_din_rsc_rls_obj_inst (InputDoubleBufferReader_512_16_16_run_din_rsc_rls_obj) 1.34e-04 9.04e-05   44.607 4.48e-02   0.0
            InputDoubleBufferReader_512_16_16_run_din_rsc_rls_obj_din_rsc_rls_wait_ctrl_inst (InputDoubleBufferReader_512_16_16_run_din_rsc_rls_obj_din_rsc_rls_wait_ctrl) 1.34e-04 9.04e-05   31.843 3.21e-02   0.0
            din_rsc_rls_obj (mgc_io_sync_v2_valid0_2)    0.000    0.000   12.763 1.28e-02   0.0
          InputDoubleBufferReader_512_16_16_run_dout_rsci_inst (InputDoubleBufferReader_512_16_16_run_dout_rsci) 3.51e-02    1.477 1.86e+03    3.370   0.0
            InputDoubleBufferReader_512_16_16_run_dout_rsci_dout_wait_dp_inst (InputDoubleBufferReader_512_16_16_run_dout_rsci_dout_wait_dp) 1.04e-04    1.434  122.359    1.556   0.0
            InputDoubleBufferReader_512_16_16_run_dout_rsci_dout_wait_ctrl_inst (InputDoubleBufferReader_512_16_16_run_dout_rsci_dout_wait_ctrl) 3.93e-04 3.70e-04   77.913 7.87e-02   0.0
            dout_rsci (ccs_out_wait_v1_rscid9_width128_1) 3.47e-02 4.28e-02 1.66e+03    1.735   0.0
          InputDoubleBufferReader_512_16_16_run_din_rsci_1_inst (InputDoubleBufferReader_512_16_16_run_din_rsci_1)   40.865  201.552 1.57e+04  258.082   2.2
            InputDoubleBufferReader_512_16_16_run_din_rsci_1_din_rsc_wait_ctrl_inst (InputDoubleBufferReader_512_16_16_run_din_rsci_1_din_rsc_wait_ctrl) 4.16e-04 3.74e-04   72.835 7.36e-02   0.0
            InputDoubleBufferReader_512_16_16_run_din_rsci_1_din_rsc_wait_dp_inst (InputDoubleBufferReader_512_16_16_run_din_rsci_1_din_rsc_wait_dp)   40.865  201.552 1.56e+04  258.008   2.2
          InputDoubleBufferReader_512_16_16_run_paramsIn_rsci_inst (InputDoubleBufferReader_512_16_16_run_paramsIn_rsci)   38.452  197.662 1.74e+04  253.558   2.2
            InputDoubleBufferReader_512_16_16_run_paramsIn_rsci_paramsIn_wait_dp_inst (InputDoubleBufferReader_512_16_16_run_paramsIn_rsci_paramsIn_wait_dp)   37.250  196.930 1.53e+04  249.477   2.1
            InputDoubleBufferReader_512_16_16_run_paramsIn_rsci_paramsIn_wait_ctrl_inst (InputDoubleBufferReader_512_16_16_run_paramsIn_rsci_paramsIn_wait_ctrl) 9.61e-02 6.90e-02   77.746    0.243   0.0
            paramsIn_rsci (ccs_in_wait_v1_rscid7_width144_1)    0.392    0.563 1.75e+03    2.709   0.0
        din_rsci (InputDoubleBufferReader_512_16_16_sram_512_128_sram_512_128_rwport_8_128_12_512_128_gen)    4.012    4.987 1.59e+03   10.589   0.1
      inputDoubleBufferWriter (InputDoubleBufferWriter_512_16_16)   78.420  338.726 8.81e+04  505.201   4.3
        InputDoubleBufferWriter_512_16_16_run_inst (InputDoubleBufferWriter_512_16_16_run)   77.333  338.148 8.62e+04  501.659   4.3
          add_x_1 (InputDoubleBufferWriter_512_16_16_run_DW01_add_J17_4) 6.25e-02    0.147  462.525    0.672   0.0
          add_x_3 (InputDoubleBufferWriter_512_16_16_run_DW01_inc_J17_2)    0.114    0.154  367.250    0.636   0.0
          add_x_31 (InputDoubleBufferWriter_512_16_16_run_DW01_add_J17_2) 6.45e-02    0.147  472.509    0.684   0.0
          add_x_32 (InputDoubleBufferWriter_512_16_16_run_DW01_add_J17_1) 6.38e-02    0.148  472.465    0.684   0.0
          add_x_33 (InputDoubleBufferWriter_512_16_16_run_DW01_add_J17_0) 3.54e-02 8.89e-02  843.844    0.968   0.0
          mult_x_36 (InputDoubleBufferWriter_512_16_16_run_DW_mult_uns_J17_3)    0.734    0.770 3.17e+03    4.670   0.0
          mult_x_37 (InputDoubleBufferWriter_512_16_16_run_DW_mult_uns_J17_2)    0.741    0.766 3.17e+03    4.672   0.0
          mult_x_38 (InputDoubleBufferWriter_512_16_16_run_DW_mult_uns_J17_1)    0.666    0.656 3.17e+03    4.488   0.0
          mult_x_39 (InputDoubleBufferWriter_512_16_16_run_DW_mult_uns_J17_0)    3.354    3.011 2.37e+04   30.020   0.3
          add_x_40 (InputDoubleBufferWriter_512_16_16_run_DW01_dec_J17_0)    0.310    0.302 1.97e+03    2.582   0.0
          DP_OP_84J17_122_4097 (InputDoubleBufferWriter_512_16_16_run_DP_OP_84J17_122_4097_J17_0)    0.000    0.000  625.532    0.626   0.0
          DP_OP_85J17_123_6961 (InputDoubleBufferWriter_512_16_16_run_DP_OP_85J17_123_6961_J17_0) 6.07e-02    0.100  513.628    0.675   0.0
          DP_OP_86J17_124_6902 (InputDoubleBufferWriter_512_16_16_run_DP_OP_86J17_124_6902_J17_0)    0.469    0.474 3.40e+03    4.344   0.0
          InputDoubleBufferWriter_512_16_16_run_run_fsm_inst (InputDoubleBufferWriter_512_16_16_run_run_fsm)    2.224    6.597 1.51e+03   10.330   0.1
          InputDoubleBufferWriter_512_16_16_run_staller_inst (InputDoubleBufferWriter_512_16_16_run_staller)    0.236    1.172  134.089    1.542   0.0
          InputDoubleBufferWriter_512_16_16_run_dout_rsc_req_obj_inst (InputDoubleBufferWriter_512_16_16_run_dout_rsc_req_obj) 1.21e-02    1.450  199.952    1.662   0.0
            InputDoubleBufferWriter_512_16_16_run_dout_rsc_req_obj_dout_rsc_req_wait_dp_inst (InputDoubleBufferWriter_512_16_16_run_dout_rsc_req_obj_dout_rsc_req_wait_dp) 4.85e-03    1.438  122.614    1.565   0.0
            InputDoubleBufferWriter_512_16_16_run_dout_rsc_req_obj_dout_rsc_req_wait_ctrl_inst (InputDoubleBufferWriter_512_16_16_run_dout_rsc_req_obj_dout_rsc_req_wait_ctrl) 7.02e-03 1.18e-02   67.655 8.64e-02   0.0
            dout_rsc_req_obj (mgc_in_sync_v2_valid1_3) 2.12e-04 1.95e-04    9.683 1.01e-02   0.0
          InputDoubleBufferWriter_512_16_16_run_dout_rsc_rls_obj_inst (InputDoubleBufferWriter_512_16_16_run_dout_rsc_rls_obj) 1.05e-04 8.99e-05   44.078 4.43e-02   0.0
            InputDoubleBufferWriter_512_16_16_run_dout_rsc_rls_obj_dout_rsc_rls_wait_ctrl_inst (InputDoubleBufferWriter_512_16_16_run_dout_rsc_rls_obj_dout_rsc_rls_wait_ctrl) 1.05e-04 8.99e-05   31.315 3.15e-02   0.0
            dout_rsc_rls_obj (mgc_io_sync_v2_valid0_3)    0.000    0.000   12.763 1.28e-02   0.0
          InputDoubleBufferWriter_512_16_16_run_dout_rsci_1_inst (InputDoubleBufferWriter_512_16_16_run_dout_rsci_1) 4.64e-02 8.26e-02  185.320    0.314   0.0
            InputDoubleBufferWriter_512_16_16_run_dout_rsci_1_dout_rsc_wait_ctrl_inst (InputDoubleBufferWriter_512_16_16_run_dout_rsci_1_dout_rsc_wait_ctrl) 1.31e-03 1.21e-03   31.855 3.44e-02   0.0
          InputDoubleBufferWriter_512_16_16_run_din_rsci_inst (InputDoubleBufferWriter_512_16_16_run_din_rsci)    9.312   29.790 2.36e+03   41.463   0.4
            InputDoubleBufferWriter_512_16_16_run_din_rsci_din_wait_dp_inst (InputDoubleBufferWriter_512_16_16_run_din_rsci_din_wait_dp)    7.923   29.083 2.08e+03   39.086   0.3
            InputDoubleBufferWriter_512_16_16_run_din_rsci_din_wait_ctrl_inst (InputDoubleBufferWriter_512_16_16_run_din_rsci_din_wait_ctrl) 1.61e-02 1.22e-02   78.870    0.107   0.0
            din_rsci (ccs_in_wait_v1_rscid2_width16_1)    1.372    0.695  203.311    2.270   0.0
          InputDoubleBufferWriter_512_16_16_run_paramsIn_rsci_inst (InputDoubleBufferWriter_512_16_16_run_paramsIn_rsci)   24.306  125.989 1.11e+04  161.430   1.4
            InputDoubleBufferWriter_512_16_16_run_paramsIn_rsci_paramsIn_wait_dp_inst (InputDoubleBufferWriter_512_16_16_run_paramsIn_rsci_paramsIn_wait_dp)   23.381  125.457 9.64e+03  158.481   1.4
            InputDoubleBufferWriter_512_16_16_run_paramsIn_rsci_paramsIn_wait_ctrl_inst (InputDoubleBufferWriter_512_16_16_run_paramsIn_rsci_paramsIn_wait_ctrl) 6.12e-02 6.84e-02   78.159    0.208   0.0
            paramsIn_rsci (ccs_in_wait_v1_rscid1_width144_1)    0.214    0.368 1.11e+03    1.693   0.0
        dout_rsci (InputDoubleBufferWriter_512_16_16_sram_512_128_sram_512_128_rwport_3_128_12_512_128_gen)    0.521    0.507 1.78e+03    2.811   0.0
      inputDoubleBufferReaderParams_cns_pipe (ccs_pipe_v5_rscid16_width144_sz_width1_fifo_sz1_log2_sz0_ph_clk1_ph_en0_ph_arst0_ph_srst0_1)    4.262    8.305 2.12e+04   33.725   0.3
        FIFO (ccs_fifo_wait_core_v5_rscid16_width144_sz_width1_fifo_sz1_ph_clk1_ph_en0_ph_arst0_ph_srst0_ph_log20_1)    3.915    8.262 2.11e+04   33.324   0.3
          FIFO_REG_GEN_REGS_0__BUFREG (ccs_genreg_v1_144_1_0_0_0_1_2)    3.102    4.791 1.63e+04   24.174   0.2
          FIFO_REG_GEN_REGS_0__STATREG (ccs_genreg_v1_1_1_0_0_0_1_2) 8.59e-03    1.478  129.729    1.616   0.0
          FIFO_REG_HS_INIT_REG (ccs_genreg_v1_1_1_1_0_0_0_2) 4.00e-02    1.043  105.310    1.188   0.0
      mem_cns_comp_1 (sram_512_128_WRAPPER_DEPTH0_WRAPPER_WIDTH128_WRAPPER_ADDR_BITS12_SRAM_DEPTH0_SRAM_WIDTH0_SRAM_ADDR_BITS0_num_inst_depth0_num_inst_width0)    2.246    0.000    0.000    2.246   0.0
      mem_cns_comp (sram_512_128_WRAPPER_DEPTH0_WRAPPER_WIDTH128_WRAPPER_ADDR_BITS12_SRAM_DEPTH0_SRAM_WIDTH0_SRAM_ADDR_BITS0_num_inst_depth0_num_inst_width0)    2.142    0.000    0.000    2.142   0.0
      inputDoubleBufferWriterParams_cns_pipe (ccs_pipe_v5_rscid15_width144_sz_width1_fifo_sz1_log2_sz0_ph_clk1_ph_en0_ph_arst0_ph_srst0_1)    2.756    6.591 1.35e+04   22.805   0.2
        FIFO (ccs_fifo_wait_core_v5_rscid15_width144_sz_width1_fifo_sz1_ph_clk1_ph_en0_ph_arst0_ph_srst0_ph_log20_1)    2.316    6.548 1.34e+04   22.311   0.2
          FIFO_REG_GEN_REGS_0__BUFREG (ccs_genreg_v1_144_1_0_0_0_1_3)    1.830    3.383 1.02e+04   15.443   0.1
          FIFO_REG_GEN_REGS_0__STATREG (ccs_genreg_v1_1_1_0_0_0_1_3) 5.83e-03    1.478  129.721    1.614   0.0
          FIFO_REG_HS_INIT_REG (ccs_genreg_v1_1_1_1_0_0_0_3) 4.01e-02    1.044  105.310    1.189   0.0
  outputSerializer (Serializer_PackedInt_16UL_16UL_ODTYPE_16)  107.836  570.689 6.74e+04  745.895   6.4
    Serializer_PackedInt_16UL_16UL_ODTYPE_16_run_inst (Serializer_PackedInt_16UL_16UL_ODTYPE_16_run)  107.836  570.689 6.74e+04  745.895   6.4
      Serializer_PackedInt_16UL_16UL_ODTYPE_16_run_run_fsm_inst (Serializer_PackedInt_16UL_16UL_ODTYPE_16_run_run_fsm) 8.33e-02    1.006  106.362    1.196   0.0
      Serializer_PackedInt_16UL_16UL_ODTYPE_16_run_staller_inst (Serializer_PackedInt_16UL_16UL_ODTYPE_16_run_staller) 7.21e-02 5.26e-02   24.971    0.150   0.0
      Serializer_PackedInt_16UL_16UL_ODTYPE_16_run_serialOutChannel_rsci_inst (Serializer_PackedInt_16UL_16UL_ODTYPE_16_run_serialOutChannel_rsci)    0.291    1.339  454.471    2.085   0.0
        Serializer_PackedInt_16UL_16UL_ODTYPE_16_run_serialOutChannel_rsci_serialOutChannel_wait_dp_inst (Serializer_PackedInt_16UL_16UL_ODTYPE_16_run_serialOutChannel_rsci_serialOutChannel_wait_dp) 7.67e-02    1.176  141.741    1.394   0.0
        Serializer_PackedInt_16UL_16UL_ODTYPE_16_run_serialOutChannel_rsci_serialOutChannel_wait_ctrl_inst (Serializer_PackedInt_16UL_16UL_ODTYPE_16_run_serialOutChannel_rsci_serialOutChannel_wait_ctrl)    0.116 8.58e-02   85.059    0.287   0.0
        serialOutChannel_rsci (ccs_out_wait_v1_rscid6_width16) 9.85e-02 7.78e-02  227.670    0.404   0.0
      Serializer_PackedInt_16UL_16UL_ODTYPE_16_run_inputChannel_rsci_inst (Serializer_PackedInt_16UL_16UL_ODTYPE_16_run_inputChannel_rsci)   68.217  371.118 3.14e+04  470.707   4.0
        Serializer_PackedInt_16UL_16UL_ODTYPE_16_run_inputChannel_rsci_inputChannel_wait_dp_inst (Serializer_PackedInt_16UL_16UL_ODTYPE_16_run_inputChannel_rsci_inputChannel_wait_dp)   67.661  370.989 2.80e+04  466.641   4.0
        Serializer_PackedInt_16UL_16UL_ODTYPE_16_run_inputChannel_rsci_inputChannel_wait_ctrl_inst (Serializer_PackedInt_16UL_16UL_ODTYPE_16_run_inputChannel_rsci_inputChannel_wait_ctrl) 8.83e-02 4.83e-02   78.015    0.215   0.0
        inputChannel_rsci (ccs_in_wait_v1_rscid5_width256) 1.08e-02 3.54e-02 3.29e+03    3.338   0.0
  paramsDeserializer_1 (ParamsDeserializer)   24.586  104.957 3.12e+04  160.792   1.4
    ParamsDeserializer_run_inst (ParamsDeserializer_run)   24.586  104.957 3.12e+04  160.792   1.4
      ParamsDeserializer_run_run_fsm_inst (ParamsDeserializer_run_run_fsm)    2.133    8.388  937.816   11.458   0.1
      ParamsDeserializer_run_staller_inst (ParamsDeserializer_run_staller)    0.169 6.12e-02   44.078    0.274   0.0
      ParamsDeserializer_run_outputChannel3_rsci_inst (ParamsDeserializer_run_outputChannel3_rsci)    0.591    2.064 1.84e+03    4.497   0.0
        ParamsDeserializer_run_outputChannel3_rsci_outputChannel3_wait_dp_inst (ParamsDeserializer_run_outputChannel3_rsci_outputChannel3_wait_dp) 1.10e-02    1.442  122.838    1.576   0.0
        ParamsDeserializer_run_outputChannel3_rsci_outputChannel3_wait_ctrl_inst (ParamsDeserializer_run_outputChannel3_rsci_outputChannel3_wait_ctrl) 3.14e-02 3.83e-02   80.322    0.150   0.0
        outputChannel3_rsci (ccs_out_wait_v1_rscid4_width144)    0.549    0.584 1.64e+03    2.771   0.0
      ParamsDeserializer_run_outputChannel2_rsci_inst (ParamsDeserializer_run_outputChannel2_rsci)    0.174    1.920 1.44e+03    3.531   0.0
        ParamsDeserializer_run_outputChannel2_rsci_outputChannel2_wait_dp_inst (ParamsDeserializer_run_outputChannel2_rsci_outputChannel2_wait_dp) 1.12e-02    1.442  122.838    1.576   0.0
        ParamsDeserializer_run_outputChannel2_rsci_outputChannel2_wait_ctrl_inst (ParamsDeserializer_run_outputChannel2_rsci_outputChannel2_wait_ctrl) 2.15e-02 3.76e-02   80.322    0.139   0.0
        outputChannel2_rsci (ccs_out_wait_v1_rscid3_width144)    0.141    0.440 1.23e+03    1.816   0.0
      ParamsDeserializer_run_outputChannel1_rsci_inst (ParamsDeserializer_run_outputChannel1_rsci)    0.531    2.103 1.96e+03    4.589   0.0
        ParamsDeserializer_run_outputChannel1_rsci_outputChannel1_wait_dp_inst (ParamsDeserializer_run_outputChannel1_rsci_outputChannel1_wait_dp) 1.17e-02    1.442  122.838    1.576   0.0
        ParamsDeserializer_run_outputChannel1_rsci_outputChannel1_wait_ctrl_inst (ParamsDeserializer_run_outputChannel1_rsci_outputChannel1_wait_ctrl) 2.95e-02 3.82e-02   80.322    0.148   0.0
        outputChannel1_rsci (ccs_out_wait_v1_rscid2_width144)    0.490    0.623 1.75e+03    2.865   0.0
      ParamsDeserializer_run_inputChannel_rsci_inst (ParamsDeserializer_run_inputChannel_rsci)    7.780   29.946 2.37e+03   40.096   0.3
        ParamsDeserializer_run_inputChannel_rsci_inputChannel_wait_dp_inst (ParamsDeserializer_run_inputChannel_rsci_inputChannel_wait_dp)    7.204   29.076 2.08e+03   38.363   0.3
        ParamsDeserializer_run_inputChannel_rsci_inputChannel_wait_ctrl_inst (ParamsDeserializer_run_inputChannel_rsci_inputChannel_wait_ctrl)    0.135    0.169   84.888    0.389   0.0
        inputChannel_rsci (ccs_in_wait_v1_rscid1_width16)    0.441    0.701  201.950    1.344   0.0
  weight_out_cns_pipe (ccs_pipe_v5_rscid172_width128_sz_width1_fifo_sz3_log2_sz2_ph_clk1_ph_en0_ph_arst0_ph_srst0)    8.386   10.623 5.79e+04   76.873   0.7
    FIFO (ccs_fifo_wait_core_v5_rscid172_width128_sz_width1_fifo_sz3_ph_clk1_ph_en0_ph_arst0_ph_srst0_ph_log22)    8.386   10.623 5.79e+04   76.873   0.7
      FIFO_REG_GEN_REGS_0__BUFREG (ccs_genreg_v1_128_1_0_0_0_1_0)    2.763    1.715 1.52e+04   19.657   0.2
      FIFO_REG_GEN_REGS_0__STATREG (ccs_genreg_v1_1_1_0_0_0_1_10)    0.000    1.496  129.099    1.625   0.0
      FIFO_REG_GEN_REGS_1__BUFREG (ccs_genreg_v1_128_1_0_0_0_1_1)    2.769    1.656 1.52e+04   19.616   0.2
      FIFO_REG_GEN_REGS_1__STATREG (ccs_genreg_v1_1_1_0_0_0_1_11)    0.000    1.496  129.099    1.625   0.0
      FIFO_REG_GEN_REGS_2__BUFREG (ccs_genreg_v1_128_1_0_0_0_1_2)    2.739    1.660 1.52e+04   19.590   0.2
      FIFO_REG_GEN_REGS_2__STATREG (ccs_genreg_v1_1_1_0_0_0_1_12)    0.000    1.496  129.099    1.625   0.0
      FIFO_REG_HS_INIT_REG (ccs_genreg_v1_1_1_1_0_0_0_6) 4.19e-02    1.045  105.310    1.192   0.0
  input_out_cns_pipe (ccs_pipe_v5_rscid171_width128_sz_width1_fifo_sz3_log2_sz2_ph_clk1_ph_en0_ph_arst0_ph_srst0)    9.294   10.840 5.79e+04   78.038   0.7
    FIFO (ccs_fifo_wait_core_v5_rscid171_width128_sz_width1_fifo_sz3_ph_clk1_ph_en0_ph_arst0_ph_srst0_ph_log22)    8.690   10.795 5.79e+04   77.378   0.7
      FIFO_REG_GEN_REGS_0__BUFREG (ccs_genreg_v1_128_1_0_0_0_1_3)    2.956    1.851 1.52e+04   20.008   0.2
      FIFO_REG_GEN_REGS_0__STATREG (ccs_genreg_v1_1_1_0_0_0_1_13) 9.93e-05    1.496  129.110    1.625   0.0
      FIFO_REG_GEN_REGS_1__BUFREG (ccs_genreg_v1_128_1_0_0_0_1_4)    2.926    1.718 1.52e+04   19.835   0.2
      FIFO_REG_GEN_REGS_1__STATREG (ccs_genreg_v1_1_1_0_0_0_1_14) 1.83e-04    1.496  129.113    1.625   0.0
      FIFO_REG_GEN_REGS_2__BUFREG (ccs_genreg_v1_128_1_0_0_0_1_5)    2.651    1.619 1.52e+04   19.440   0.2
      FIFO_REG_GEN_REGS_2__STATREG (ccs_genreg_v1_1_1_0_0_0_1_15) 3.03e-04    1.496  129.116    1.625   0.0
      FIFO_REG_HS_INIT_REG (ccs_genreg_v1_1_1_1_0_0_0_7) 4.56e-02    1.046  105.310    1.197   0.0
  output_cns_pipe (ccs_pipe_v5_rscid173_width256_sz_width1_fifo_sz3_log2_sz2_ph_clk1_ph_en0_ph_arst0_ph_srst0)   18.089   12.254 1.14e+05  144.826   1.2
    FIFO (ccs_fifo_wait_core_v5_rscid173_width256_sz_width1_fifo_sz3_ph_clk1_ph_en0_ph_arst0_ph_srst0_ph_log22)   18.089   12.254 1.14e+05  144.826   1.2
      FIFO_REG_GEN_REGS_0__BUFREG (ccs_genreg_v1_256_1_0_0_0_1_0)    6.143    2.342 3.03e+04   38.762   0.3
      FIFO_REG_GEN_REGS_0__STATREG (ccs_genreg_v1_1_1_0_0_0_1_16)    0.000    1.496  129.099    1.625   0.0
      FIFO_REG_GEN_REGS_1__BUFREG (ccs_genreg_v1_256_1_0_0_0_1_1)    5.790    2.085 3.03e+04   38.155   0.3
      FIFO_REG_GEN_REGS_1__STATREG (ccs_genreg_v1_1_1_0_0_0_1_17)    0.000    1.496  129.099    1.625   0.0
      FIFO_REG_GEN_REGS_2__BUFREG (ccs_genreg_v1_256_1_0_0_0_1_2)    5.371    2.172 3.03e+04   37.845   0.3
      FIFO_REG_GEN_REGS_2__STATREG (ccs_genreg_v1_1_1_0_0_0_1_18)    0.000    1.496  129.099    1.625   0.0
      FIFO_REG_HS_INIT_REG (ccs_genreg_v1_1_1_1_0_0_0_8) 4.05e-02    1.045  105.310    1.191   0.0
  systolicArrayParams_cns_pipe (ccs_pipe_v5_rscid174_width144_sz_width1_fifo_sz3_log2_sz2_ph_clk1_ph_en0_ph_arst0_ph_srst0)   13.336   20.516 5.81e+04   91.921   0.8
    FIFO (ccs_fifo_wait_core_v5_rscid174_width144_sz_width1_fifo_sz3_ph_clk1_ph_en0_ph_arst0_ph_srst0_ph_log22)   12.631   20.474 5.81e+04   91.163   0.8
      FIFO_REG_GEN_REGS_0__BUFREG (ccs_genreg_v1_144_1_0_0_0_1_7)    4.329    3.791 1.52e+04   23.339   0.2
      FIFO_REG_GEN_REGS_0__STATREG (ccs_genreg_v1_1_1_0_0_0_1_19) 1.56e-05    1.496  129.048    1.625   0.0
      FIFO_REG_GEN_REGS_1__BUFREG (ccs_genreg_v1_144_1_0_0_0_1_8)    3.568    3.918 1.52e+04   22.716   0.2
      FIFO_REG_GEN_REGS_1__STATREG (ccs_genreg_v1_1_1_0_0_0_1_20) 1.13e-03    1.493  129.164    1.623   0.0
      FIFO_REG_GEN_REGS_2__BUFREG (ccs_genreg_v1_144_1_0_0_0_1_9)    3.243    4.605 1.52e+04   23.075   0.2
      FIFO_REG_GEN_REGS_2__STATREG (ccs_genreg_v1_1_1_0_0_0_1_21) 8.61e-03    1.477  129.687    1.616   0.0
      FIFO_REG_HS_INIT_REG (ccs_genreg_v1_1_1_1_0_0_0_9) 3.98e-02    1.047  105.310    1.192   0.0
  weightDoubleBufferParams_cns_pipe (ccs_pipe_v5_rscid170_width144_sz_width1_fifo_sz3_log2_sz2_ph_clk1_ph_en0_ph_arst0_ph_srst0)    8.553   16.720 4.38e+04   69.085   0.6
    FIFO (ccs_fifo_wait_core_v5_rscid170_width144_sz_width1_fifo_sz3_ph_clk1_ph_en0_ph_arst0_ph_srst0_ph_log22)    8.553   16.720 4.38e+04   69.085   0.6
      FIFO_REG_GEN_REGS_0__BUFREG (ccs_genreg_v1_144_1_0_0_0_1_10)    2.785    3.067 1.14e+04   17.287   0.1
      FIFO_REG_GEN_REGS_0__STATREG (ccs_genreg_v1_1_1_0_0_0_1_22)    0.000    1.496  129.048    1.625   0.0
      FIFO_REG_GEN_REGS_1__BUFREG (ccs_genreg_v1_144_1_0_0_0_1_11)    2.336    3.039 1.14e+04   16.810   0.1
      FIFO_REG_GEN_REGS_1__STATREG (ccs_genreg_v1_1_1_0_0_0_1_23) 1.65e-04    1.496  129.059    1.625   0.0
      FIFO_REG_GEN_REGS_2__BUFREG (ccs_genreg_v1_144_1_0_0_0_1_12)    2.357    3.078 1.14e+04   16.870   0.1
      FIFO_REG_GEN_REGS_2__STATREG (ccs_genreg_v1_1_1_0_0_0_1_24) 5.53e-04    1.493  129.131    1.623   0.0
      FIFO_REG_HS_INIT_REG (ccs_genreg_v1_1_1_1_0_0_0_10) 4.50e-02    1.043  105.310    1.193   0.0
  inputDoubleBufferParams_cns_pipe (ccs_pipe_v5_rscid169_width144_sz_width1_fifo_sz3_log2_sz2_ph_clk1_ph_en0_ph_arst0_ph_srst0)   12.370   20.000 6.22e+04   94.564   0.8
    FIFO (ccs_fifo_wait_core_v5_rscid169_width144_sz_width1_fifo_sz3_ph_clk1_ph_en0_ph_arst0_ph_srst0_ph_log22)   12.238   19.945 6.20e+04   94.227   0.8
      FIFO_REG_GEN_REGS_0__BUFREG (ccs_genreg_v1_144_1_0_0_0_1_13)    3.787    3.903 1.63e+04   23.978   0.2
      FIFO_REG_GEN_REGS_0__STATREG (ccs_genreg_v1_1_1_0_0_0_1_25)    0.000    1.496  129.048    1.625   0.0
      FIFO_REG_GEN_REGS_1__BUFREG (ccs_genreg_v1_144_1_0_0_0_1_14)    3.457    3.844 1.63e+04   23.590   0.2
      FIFO_REG_GEN_REGS_1__STATREG (ccs_genreg_v1_1_1_0_0_0_1_26)    0.000    1.496  129.048    1.625   0.0
      FIFO_REG_GEN_REGS_2__BUFREG (ccs_genreg_v1_144_1_0_0_0_1_15)    3.377    3.850 1.63e+04   23.516   0.2
      FIFO_REG_GEN_REGS_2__STATREG (ccs_genreg_v1_1_1_0_0_0_1_27) 1.61e-05    1.496  129.048    1.625   0.0
      FIFO_REG_HS_INIT_REG (ccs_genreg_v1_1_1_1_0_0_0_11) 4.22e-02    1.043  105.310    1.191   0.0
1
