

==================================================================================
=== CALIBRE::DRC-H SUMMARY REPORT
===
Execution Date/Time:       Fri Mar 13 21:30:04 2020
Calibre Version:           v2013.2_18.13    Thu May 16 13:38:27 PDT 2013
Rule File Pathname:        /home/users/sophliu/ee272/ee272-hw7/Conv/build/23-mentor-calibre-drc/./_calibre-drc-block.rule_
Rule File Title:           
Layout System:             GDS
Layout Path(s):            /home/users/sophliu/ee272/ee272-hw7/Conv/build/23-mentor-calibre-drc/./inputs/design_merged.gds
Layout Primary Cell:       Conv
Current Directory:         /home/users/sophliu/ee272/ee272-hw7/Conv/build/23-mentor-calibre-drc
User Name:                 sophliu
Maximum Results/RuleCheck: 1000
Maximum Result Vertices:   4096
DRC Results Database:      drc.results (ASCII)
Layout Depth:              ALL
Text Depth:                PRIMARY
Summary Report File:       drc.summary (REPLACE)
Geometry Flagging:         ACUTE = NO  SKEW = NO  ANGLED = NO  OFFGRID = NO
                           NONSIMPLE POLYGON = NO  NONSIMPLE PATH = NO
Excluded Cells:           
CheckText Mapping:         COMMENT TEXT + RULE FILE INFORMATION
Layers:                    MEMORY-BASED
Keep Empty Checks:         YES
----------------------------------------------------------------------------------
--- RUNTIME WARNINGS
---
Maximum result count of 1000 exceeded in DRC RuleCheck Metal4.2.
----------------------------------------------------------------------------------
--- ORIGINAL LAYER STATISTICS
---
LAYER pwell ...... TOTAL Original Geometry Count = 656374  (2557521)
LAYER nwell ...... TOTAL Original Geometry Count = 491495  (1992874)
LAYER active ..... TOTAL Original Geometry Count = 4065328 (13973221)
LAYER poly ....... TOTAL Original Geometry Count = 2702090 (9576172)
LAYER pimplant ... TOTAL Original Geometry Count = 327324  (1426622)
LAYER nimplant ... TOTAL Original Geometry Count = 577813  (2278545)
LAYER vth ........ TOTAL Original Geometry Count = 0       (0)
LAYER vtg ........ TOTAL Original Geometry Count = 699549  (2356761)
LAYER metal1 ..... TOTAL Original Geometry Count = 7266438 (25516006)
LAYER contact .... TOTAL Original Geometry Count = 1875215 (8411258)
LAYER metal2 ..... TOTAL Original Geometry Count = 5249233 (16712195)
LAYER metal3 ..... TOTAL Original Geometry Count = 1872197 (5018461)
LAYER metal4 ..... TOTAL Original Geometry Count = 980265  (2469379)
LAYER metal5 ..... TOTAL Original Geometry Count = 80689   (203807)
LAYER metal6 ..... TOTAL Original Geometry Count = 34932   (157893)
LAYER metal7 ..... TOTAL Original Geometry Count = 3974    (126778)
LAYER metal8 ..... TOTAL Original Geometry Count = 21344   (83567)
LAYER metal9 ..... TOTAL Original Geometry Count = 21027   (21848)
LAYER metal10 .... TOTAL Original Geometry Count = 0       (0)
LAYER via1 ....... TOTAL Original Geometry Count = 3417685 (12154310)
LAYER via2 ....... TOTAL Original Geometry Count = 191866  (1458217)
LAYER via3 ....... TOTAL Original Geometry Count = 885674  (2863398)
LAYER via4 ....... TOTAL Original Geometry Count = 18530   (387413)
LAYER via5 ....... TOTAL Original Geometry Count = 11609   (380492)
LAYER via6 ....... TOTAL Original Geometry Count = 1164    (308174)
LAYER via7 ....... TOTAL Original Geometry Count = 318     (123122)
LAYER via8 ....... TOTAL Original Geometry Count = 83264   (89888)
LAYER via9 ....... TOTAL Original Geometry Count = 0       (0)
----------------------------------------------------------------------------------
--- RULECHECK RESULTS STATISTICS
---
RULECHECK Well.1 ............ TOTAL Result Count = 190  (190)
RULECHECK Well.2 ............ TOTAL Result Count = 589  (589)
RULECHECK Well.4 ............ TOTAL Result Count = 0    (0)
RULECHECK Poly.1 ............ TOTAL Result Count = 0    (0)
RULECHECK Poly.2 ............ TOTAL Result Count = 87   (87)
RULECHECK Poly.3 ............ TOTAL Result Count = 68   (68)
RULECHECK Poly.4 ............ TOTAL Result Count = 84   (84)
RULECHECK Poly.5 ............ TOTAL Result Count = 100  (100)
RULECHECK Poly.6 ............ TOTAL Result Count = 10   (10)
RULECHECK Active.1 .......... TOTAL Result Count = 121  (121)
RULECHECK Active.2 .......... TOTAL Result Count = 209  (209)
RULECHECK Active.3 .......... TOTAL Result Count = 0    (0)
RULECHECK Active.4 .......... TOTAL Result Count = 0    (0)
RULECHECK Implant.1 ......... TOTAL Result Count = 29   (29)
RULECHECK Implant.2 ......... TOTAL Result Count = 30   (30)
RULECHECK Implant.3 ......... TOTAL Result Count = 86   (86)
RULECHECK Implant.4 ......... TOTAL Result Count = 41   (41)
RULECHECK Implant.6 ......... TOTAL Result Count = 41   (41)
RULECHECK Contact.1 ......... TOTAL Result Count = 66   (66)
RULECHECK Contact.2 ......... TOTAL Result Count = 293  (293)
RULECHECK Contact.3 ......... TOTAL Result Count = 0    (0)
RULECHECK Contact.4 ......... TOTAL Result Count = 3    (3)
RULECHECK Contact.5 ......... TOTAL Result Count = 6    (6)
RULECHECK Contact.6 ......... TOTAL Result Count = 59   (59)
RULECHECK Metal1.1 .......... TOTAL Result Count = 70   (70)
RULECHECK Metal1.2 .......... TOTAL Result Count = 902  (902)
RULECHECK Metal1.3 .......... TOTAL Result Count = 46   (46)
RULECHECK Metal1.4 .......... TOTAL Result Count = 0    (0)
RULECHECK Via1.1 ............ TOTAL Result Count = 0    (0)
RULECHECK Via1.2 ............ TOTAL Result Count = 0    (0)
RULECHECK Via1.3 ............ TOTAL Result Count = 0    (0)
RULECHECK Via1.4 ............ TOTAL Result Count = 0    (0)
RULECHECK Metal2.1 .......... TOTAL Result Count = 0    (0)
RULECHECK Metal2.2 .......... TOTAL Result Count = 81   (81)
RULECHECK Metal2.3 .......... TOTAL Result Count = 0    (0)
RULECHECK Metal2.4 .......... TOTAL Result Count = 0    (0)
RULECHECK Via2.1 ............ TOTAL Result Count = 0    (0)
RULECHECK Via2.2 ............ TOTAL Result Count = 0    (0)
RULECHECK Via2.3 ............ TOTAL Result Count = 0    (0)
RULECHECK Via2.4 ............ TOTAL Result Count = 0    (0)
RULECHECK Metal3.1 .......... TOTAL Result Count = 64   (64)
RULECHECK Metal3.2 .......... TOTAL Result Count = 764  (764)
RULECHECK Metal3.3 .......... TOTAL Result Count = 0    (0)
RULECHECK Metal3.4 .......... TOTAL Result Count = 72   (72)
RULECHECK Via3.1 ............ TOTAL Result Count = 140  (140)
RULECHECK Via3.2 ............ TOTAL Result Count = 209  (209)
RULECHECK Via3.3 ............ TOTAL Result Count = 0    (0)
RULECHECK Via3.4 ............ TOTAL Result Count = 0    (0)
RULECHECK Metal4.1 .......... TOTAL Result Count = 0    (0)
RULECHECK Metal4.2 .......... TOTAL Result Count = 1000 (1000)
RULECHECK Metal4.3 .......... TOTAL Result Count = 0    (0)
RULECHECK Via4.1 ............ TOTAL Result Count = 0    (0)
RULECHECK Via4.2 ............ TOTAL Result Count = 0    (0)
RULECHECK Via4.3 ............ TOTAL Result Count = 0    (0)
RULECHECK Via4.4 ............ TOTAL Result Count = 0    (0)
RULECHECK Metal5.1 .......... TOTAL Result Count = 0    (0)
RULECHECK Metal5.2 .......... TOTAL Result Count = 5    (5)
RULECHECK Metal5.3 .......... TOTAL Result Count = 0    (0)
RULECHECK Via5.1 ............ TOTAL Result Count = 0    (0)
RULECHECK Via5.2 ............ TOTAL Result Count = 0    (0)
RULECHECK Via5.3 ............ TOTAL Result Count = 0    (0)
RULECHECK Via5.4 ............ TOTAL Result Count = 0    (0)
RULECHECK Metal6.1 .......... TOTAL Result Count = 0    (0)
RULECHECK Metal6.2 .......... TOTAL Result Count = 0    (0)
RULECHECK Metal6.3 .......... TOTAL Result Count = 0    (0)
RULECHECK Via6.1 ............ TOTAL Result Count = 0    (0)
RULECHECK Via6.2 ............ TOTAL Result Count = 0    (0)
RULECHECK Via6.3 ............ TOTAL Result Count = 0    (0)
RULECHECK Via6.4 ............ TOTAL Result Count = 0    (0)
RULECHECK Metal7.1 .......... TOTAL Result Count = 0    (0)
RULECHECK Metal7.2 .......... TOTAL Result Count = 0    (0)
RULECHECK Metal7.3 .......... TOTAL Result Count = 0    (0)
RULECHECK Via7.1 ............ TOTAL Result Count = 0    (0)
RULECHECK Via7.2 ............ TOTAL Result Count = 0    (0)
RULECHECK Via7.3 ............ TOTAL Result Count = 0    (0)
RULECHECK Via7.4 ............ TOTAL Result Count = 0    (0)
RULECHECK Metal8.1 .......... TOTAL Result Count = 0    (0)
RULECHECK Metal8.2 .......... TOTAL Result Count = 0    (0)
RULECHECK Metal8.3 .......... TOTAL Result Count = 0    (0)
RULECHECK Via8.1 ............ TOTAL Result Count = 0    (0)
RULECHECK Via8.2 ............ TOTAL Result Count = 0    (0)
RULECHECK Via8.3 ............ TOTAL Result Count = 0    (0)
RULECHECK Via8.4 ............ TOTAL Result Count = 0    (0)
RULECHECK Metal9.1 .......... TOTAL Result Count = 0    (0)
RULECHECK Metal9.2 .......... TOTAL Result Count = 0    (0)
RULECHECK Metal9.3 .......... TOTAL Result Count = 0    (0)
RULECHECK Via9.1 ............ TOTAL Result Count = 0    (0)
RULECHECK Via9.2 ............ TOTAL Result Count = 0    (0)
RULECHECK Via9.3 ............ TOTAL Result Count = 0    (0)
RULECHECK Via9.4 ............ TOTAL Result Count = 0    (0)
RULECHECK Metal10.1 ......... TOTAL Result Count = 0    (0)
RULECHECK Metal10.2 ......... TOTAL Result Count = 0    (0)
RULECHECK Metal10.3 ......... TOTAL Result Count = 0    (0)
RULECHECK Metal1.5 .......... TOTAL Result Count = 0    (0)
RULECHECK Metal1.6 .......... TOTAL Result Count = 0    (0)
RULECHECK Metal1.7 .......... TOTAL Result Count = 0    (0)
RULECHECK Metal1.8 .......... TOTAL Result Count = 0    (0)
RULECHECK Metal1.9 .......... TOTAL Result Count = 0    (0)
RULECHECK Metal2.5 .......... TOTAL Result Count = 0    (0)
RULECHECK Metal2.6 .......... TOTAL Result Count = 0    (0)
RULECHECK Metal2.7 .......... TOTAL Result Count = 0    (0)
RULECHECK Metal2.8 .......... TOTAL Result Count = 0    (0)
RULECHECK Metal2.9 .......... TOTAL Result Count = 0    (0)
RULECHECK Metal3.5 .......... TOTAL Result Count = 7    (7)
RULECHECK Metal3.6 .......... TOTAL Result Count = 0    (0)
RULECHECK Metal3.7 .......... TOTAL Result Count = 0    (0)
RULECHECK Metal3.8 .......... TOTAL Result Count = 0    (0)
RULECHECK Metal3.9 .......... TOTAL Result Count = 0    (0)
RULECHECK Metal4.5 .......... TOTAL Result Count = 0    (0)
RULECHECK Metal4.6 .......... TOTAL Result Count = 0    (0)
RULECHECK Metal4.7 .......... TOTAL Result Count = 0    (0)
RULECHECK Metal4.8 .......... TOTAL Result Count = 0    (0)
RULECHECK Metal5.5 .......... TOTAL Result Count = 0    (0)
RULECHECK Metal5.6 .......... TOTAL Result Count = 0    (0)
RULECHECK Metal5.7 .......... TOTAL Result Count = 0    (0)
RULECHECK Metal5.8 .......... TOTAL Result Count = 0    (0)
RULECHECK Metal6.5 .......... TOTAL Result Count = 0    (0)
RULECHECK Metal6.6 .......... TOTAL Result Count = 0    (0)
RULECHECK Metal6.7 .......... TOTAL Result Count = 0    (0)
RULECHECK Metal6.8 .......... TOTAL Result Count = 0    (0)
RULECHECK Metal7.5 .......... TOTAL Result Count = 0    (0)
RULECHECK Metal7.6 .......... TOTAL Result Count = 0    (0)
RULECHECK Metal7.7 .......... TOTAL Result Count = 0    (0)
RULECHECK Metal8.5 .......... TOTAL Result Count = 0    (0)
RULECHECK Metal8.6 .......... TOTAL Result Count = 0    (0)
RULECHECK Metal8.7 .......... TOTAL Result Count = 0    (0)
RULECHECK Metal9.5 .......... TOTAL Result Count = 0    (0)
RULECHECK Metal9.6 .......... TOTAL Result Count = 0    (0)
RULECHECK Metal10.5 ......... TOTAL Result Count = 0    (0)
RULECHECK Metal10.6 ......... TOTAL Result Count = 0    (0)
RULECHECK Grid.1 ............ TOTAL Result Count = 0    (0)
RULECHECK Grid.2 ............ TOTAL Result Count = 0    (0)
RULECHECK Grid.3 ............ TOTAL Result Count = 0    (0)
RULECHECK Grid.4 ............ TOTAL Result Count = 0    (0)
RULECHECK Grid.5 ............ TOTAL Result Count = 0    (0)
RULECHECK Grid.6 ............ TOTAL Result Count = 0    (0)
RULECHECK Grid.7 ............ TOTAL Result Count = 0    (0)
RULECHECK Grid.8 ............ TOTAL Result Count = 0    (0)
RULECHECK Grid.9 ............ TOTAL Result Count = 0    (0)
RULECHECK Grid.10 ........... TOTAL Result Count = 0    (0)
RULECHECK Grid.11 ........... TOTAL Result Count = 0    (0)
RULECHECK Grid.12 ........... TOTAL Result Count = 0    (0)
RULECHECK Grid.13 ........... TOTAL Result Count = 0    (0)
RULECHECK Grid.14 ........... TOTAL Result Count = 0    (0)
RULECHECK Grid.15 ........... TOTAL Result Count = 0    (0)
RULECHECK Grid.16 ........... TOTAL Result Count = 0    (0)
RULECHECK Grid.17 ........... TOTAL Result Count = 0    (0)
RULECHECK Grid.18 ........... TOTAL Result Count = 0    (0)
RULECHECK Grid.19 ........... TOTAL Result Count = 0    (0)
RULECHECK Grid.20 ........... TOTAL Result Count = 0    (0)
RULECHECK Grid.21 ........... TOTAL Result Count = 0    (0)
RULECHECK Grid.22 ........... TOTAL Result Count = 0    (0)
RULECHECK Grid.23 ........... TOTAL Result Count = 0    (0)
RULECHECK Grid.24 ........... TOTAL Result Count = 0    (0)
RULECHECK Grid.25 ........... TOTAL Result Count = 0    (0)
RULECHECK Grid.26 ........... TOTAL Result Count = 0    (0)
RULECHECK Antenna.poly ...... TOTAL Result Count = 0    (0)
RULECHECK Antenna.metal1 .... TOTAL Result Count = 0    (0)
RULECHECK Antenna.metal2 .... TOTAL Result Count = 2    (2)
RULECHECK Antenna.metal3 .... TOTAL Result Count = 68   (68)
RULECHECK Antenna.metal4 .... TOTAL Result Count = 65   (65)
RULECHECK Antenna.metal5 .... TOTAL Result Count = 113  (113)
RULECHECK Antenna.metal6 .... TOTAL Result Count = 6    (6)
RULECHECK Antenna.metal7 .... TOTAL Result Count = 0    (0)
RULECHECK Antenna.metal8 .... TOTAL Result Count = 0    (0)
RULECHECK Antenna.metal9 .... TOTAL Result Count = 0    (0)
RULECHECK Antenna.metal10 ... TOTAL Result Count = 0    (0)
----------------------------------------------------------------------------------
--- RULECHECK RESULTS STATISTICS (BY CELL)
---
CELL sram_64_256 ............... TOTAL Result Count = 3402 (3402)
    RULECHECK Well.1 ........... TOTAL Result Count = 181  (181)
    RULECHECK Well.2 ........... TOTAL Result Count = 31   (31)
    RULECHECK Poly.2 ........... TOTAL Result Count = 87   (87)
    RULECHECK Poly.3 ........... TOTAL Result Count = 67   (67)
    RULECHECK Poly.4 ........... TOTAL Result Count = 81   (81)
    RULECHECK Poly.5 ........... TOTAL Result Count = 94   (94)
    RULECHECK Poly.6 ........... TOTAL Result Count = 10   (10)
    RULECHECK Active.1 ......... TOTAL Result Count = 121  (121)
    RULECHECK Active.2 ......... TOTAL Result Count = 208  (208)
    RULECHECK Implant.1 ........ TOTAL Result Count = 28   (28)
    RULECHECK Implant.2 ........ TOTAL Result Count = 26   (26)
    RULECHECK Implant.3 ........ TOTAL Result Count = 85   (85)
    RULECHECK Implant.4 ........ TOTAL Result Count = 41   (41)
    RULECHECK Implant.6 ........ TOTAL Result Count = 41   (41)
    RULECHECK Contact.1 ........ TOTAL Result Count = 64   (64)
    RULECHECK Contact.2 ........ TOTAL Result Count = 281  (281)
    RULECHECK Contact.4 ........ TOTAL Result Count = 3    (3)
    RULECHECK Contact.5 ........ TOTAL Result Count = 6    (6)
    RULECHECK Contact.6 ........ TOTAL Result Count = 55   (55)
    RULECHECK Metal1.1 ......... TOTAL Result Count = 68   (68)
    RULECHECK Metal1.2 ......... TOTAL Result Count = 879  (879)
    RULECHECK Metal1.3 ......... TOTAL Result Count = 45   (45)
    RULECHECK Metal2.2 ......... TOTAL Result Count = 1    (1)
    RULECHECK Metal3.2 ......... TOTAL Result Count = 412  (412)
    RULECHECK Metal3.4 ......... TOTAL Result Count = 17   (17)
    RULECHECK Via3.1 ........... TOTAL Result Count = 34   (34)
    RULECHECK Via3.2 ........... TOTAL Result Count = 84   (84)
    RULECHECK Metal4.2 ......... TOTAL Result Count = 348  (348)
    RULECHECK Metal5.2 ......... TOTAL Result Count = 4    (4)
CELL Conv ...................... TOTAL Result Count = 2324 (2324)
    RULECHECK Well.1 ........... TOTAL Result Count = 9    (9)
    RULECHECK Well.2 ........... TOTAL Result Count = 558  (558)
    RULECHECK Poly.3 ........... TOTAL Result Count = 1    (1)
    RULECHECK Poly.4 ........... TOTAL Result Count = 3    (3)
    RULECHECK Poly.5 ........... TOTAL Result Count = 6    (6)
    RULECHECK Active.2 ......... TOTAL Result Count = 1    (1)
    RULECHECK Implant.1 ........ TOTAL Result Count = 1    (1)
    RULECHECK Implant.2 ........ TOTAL Result Count = 4    (4)
    RULECHECK Implant.3 ........ TOTAL Result Count = 1    (1)
    RULECHECK Contact.1 ........ TOTAL Result Count = 2    (2)
    RULECHECK Contact.2 ........ TOTAL Result Count = 12   (12)
    RULECHECK Contact.6 ........ TOTAL Result Count = 4    (4)
    RULECHECK Metal1.1 ......... TOTAL Result Count = 2    (2)
    RULECHECK Metal1.2 ......... TOTAL Result Count = 23   (23)
    RULECHECK Metal1.3 ......... TOTAL Result Count = 1    (1)
    RULECHECK Metal2.2 ......... TOTAL Result Count = 80   (80)
    RULECHECK Metal3.1 ......... TOTAL Result Count = 64   (64)
    RULECHECK Metal3.2 ......... TOTAL Result Count = 352  (352)
    RULECHECK Metal3.4 ......... TOTAL Result Count = 55   (55)
    RULECHECK Via3.1 ........... TOTAL Result Count = 106  (106)
    RULECHECK Via3.2 ........... TOTAL Result Count = 125  (125)
    RULECHECK Metal4.2 ......... TOTAL Result Count = 652  (652)
    RULECHECK Metal5.2 ......... TOTAL Result Count = 1    (1)
    RULECHECK Antenna.metal2 ... TOTAL Result Count = 2    (2)
    RULECHECK Metal3.5 ......... TOTAL Result Count = 7    (7)
    RULECHECK Antenna.metal3 ... TOTAL Result Count = 68   (68)
    RULECHECK Antenna.metal4 ... TOTAL Result Count = 65   (65)
    RULECHECK Antenna.metal5 ... TOTAL Result Count = 113  (113)
    RULECHECK Antenna.metal6 ... TOTAL Result Count = 6    (6)
----------------------------------------------------------------------------------
--- SUMMARY
---
TOTAL CPU Time:                  609
TOTAL REAL Time:                 190
TOTAL Original Layer Geometries: 31535397 (110647922)
TOTAL DRC RuleChecks Executed:   167
TOTAL DRC Results Generated:     5726 (5726)
