 
****************************************
Report : constraint
        -all_violators
        -verbose
Design : Conv
Version: L-2016.03-SP5-5
Date   : Tue Feb 25 20:40:04 2020
****************************************


    Net: systolicArray/systolicArrayCore/SystolicArrayCore_IDTYPE_WDTYPE_ODTYPE_16_16_struct_inst/SystolicArrayCore_IDTYPE_WDTYPE_ODTYPE_16_16_run_inst/n12849

    max_fanout            20.00
  - Fanout                21.00
  ------------------------------
    Slack                 -1.00  (VIOLATED)


    Net: weightDoubleBuffer/WeightDoubleBuffer_384_16_16_struct_inst/weightDoubleBufferReader/WeightDoubleBufferReader_384_16_16_run_inst/mult_x_14/n3762

    max_fanout            20.00
  - Fanout                21.00
  ------------------------------
    Slack                 -1.00  (VIOLATED)


    Design: Conv

    max_leakage_power          0.00
  - Current Leakage Power  2975655.25
  ----------------------------------
    Slack                  -2975655.25  (VIOLATED)


1
