 
****************************************
Report : constraint
        -all_violators
        -verbose
Design : Conv
Version: L-2016.03-SP5-5
Date   : Tue Feb 25 21:15:40 2020
****************************************


    Net: inputDoubleBuffer/InputDoubleBuffer_512_16_16_struct_inst/inputDoubleBufferReader/InputDoubleBufferReader_512_16_16_run_inst/n529

    max_fanout            20.00
  - Fanout                21.00
  ------------------------------
    Slack                 -1.00  (VIOLATED)


    Net: n149

    max_fanout            20.00
  - Fanout                21.00
  ------------------------------
    Slack                 -1.00  (VIOLATED)


    Net: systolicArray/systolicArrayCore/SystolicArrayCore_IDTYPE_WDTYPE_ODTYPE_16_16_struct_inst/SystolicArrayCore_IDTYPE_WDTYPE_ODTYPE_16_16_run_inst/n12843

    max_fanout            20.00
  - Fanout                21.00
  ------------------------------
    Slack                 -1.00  (VIOLATED)


    Net: systolicArray/systolicArrayCore/SystolicArrayCore_IDTYPE_WDTYPE_ODTYPE_16_16_struct_inst/SystolicArrayCore_IDTYPE_WDTYPE_ODTYPE_16_16_run_inst/and_376_rmff

    max_capacitance       53.41
  - Capacitance           54.84
  ------------------------------
    Slack                 -1.44  (VIOLATED)


    Net: inputDoubleBuffer/InputDoubleBuffer_512_16_16_struct_inst/inputDoubleBufferReader/InputDoubleBufferReader_512_16_16_run_inst/n180

    max_capacitance       10.47
  - Capacitance           11.49
  ------------------------------
    Slack                 -1.02  (VIOLATED)


    Net: outputSerializer/Serializer_PackedInt_16UL_16UL_ODTYPE_16_run_inst/n203

    max_capacitance       26.70
  - Capacitance           27.30
  ------------------------------
    Slack                 -0.59  (VIOLATED)


    Net: outputSerializer/Serializer_PackedInt_16UL_16UL_ODTYPE_16_run_inst/n214

    max_capacitance       26.70
  - Capacitance           27.24
  ------------------------------
    Slack                 -0.53  (VIOLATED)


    Net: outputSerializer/Serializer_PackedInt_16UL_16UL_ODTYPE_16_run_inst/n210

    max_capacitance       26.70
  - Capacitance           27.21
  ------------------------------
    Slack                 -0.51  (VIOLATED)


    Net: inputDoubleBuffer/InputDoubleBuffer_512_16_16_struct_inst/inputDoubleBufferReader/InputDoubleBufferReader_512_16_16_run_inst/n266

    max_capacitance       26.70
  - Capacitance           26.91
  ------------------------------
    Slack                 -0.21  (VIOLATED)


    Net: systolicArray/systolicArrayCore/SystolicArrayCore_IDTYPE_WDTYPE_ODTYPE_16_16_struct_inst/SystolicArrayCore_IDTYPE_WDTYPE_ODTYPE_16_16_run_inst/n418

    max_capacitance       14.50
  - Capacitance           14.54
  ------------------------------
    Slack                 -0.04  (VIOLATED)


    Net: systolicArray/systolicArrayCore/SystolicArrayCore_IDTYPE_WDTYPE_ODTYPE_16_16_struct_inst/SystolicArrayCore_IDTYPE_WDTYPE_ODTYPE_16_16_run_inst/n428

    max_capacitance       14.50
  - Capacitance           14.50
  ------------------------------
    Slack                 -0.01  (VIOLATED)


    Design: Conv

    max_leakage_power          0.00
  - Current Leakage Power  2977397.00
  ----------------------------------
    Slack                  -2977397.00  (VIOLATED)


1
